<html>
<body>
<pre>
<h1>µVision Build Log</h1>
<h2>Tool Versions:</h2>
IDE-Version: µVision V5.15
Copyright (C) 2015 ARM Ltd and ARM Germany GmbH. All rights reserved.
License Information: Eduard Soltuzu, Home, LIC=----
 
Tool Versions:
Toolchain:       MDK-Lite  Version: 5.15.0
Toolchain Path:  C:\Keil_v5\ARM\ARMCC\Bin
C Compiler:      Armcc.exe V5.05 update 2 (build 169)
Assembler:       Armasm.exe V5.05 update 2 (build 169)
Linker/Locator:  ArmLink.exe V5.05 update 2 (build 169)
Library Manager: ArmAr.exe V5.05 update 2 (build 169)
Hex Converter:   FromElf.exe V5.05 update 2 (build 169)
CPU DLL:         SARMCM3.DLL V5.15.0
Dialog DLL:      DCM.DLL V1.13.2.0
Target DLL:      STLink\ST-LINKIII-KEIL_SWO.dll V2.0.15.0_KEIL
Dialog DLL:      TCM.DLL V1.14.5.0
 
<h2>Project:</h2>
D:\BitBucket\againWithLCD\MDK-ARM\againWithLCD.uvprojx
Project File Date:  03/05/2016

<h2>Output:</h2>
*** Using Compiler 'V5.05 update 2 (build 169)', folder: 'C:\Keil_v5\ARM\ARMCC\Bin'
Build target 'againWithLCD'
compiling main.c...
../Src/main.c(488): warning:  #177-D: variable "pixels_count" was declared but never referenced
        uint32_t pixels_count;
../Src/main.c(603): warning:  #177-D: variable "tx" was declared but never referenced
        uint8_t tx = (uint8_t) RegValue;
../Src/main.c(645): warning:  #223-D: function "rand" declared implicitly
                        ili9341_DrawHLine(0, 320, (rand() % 240), ( rand() % 0x0000) ); // horizontal line
../Src/main.c(645): warning:  #179-D: right operand of "%" is zero
                        ili9341_DrawHLine(0, 320, (rand() % 240), ( rand() % 0x0000) ); // horizontal line
../Src/main.c(647): warning:  #179-D: right operand of "%" is zero
                        ili9341_DrawVLine( (rand() % 320), 0, 240, ( rand() % 0x0000) ); // vertical line
../Src/main.c(651): warning:  #223-D: function "rand" declared implicitly
                ili9341_Fill((rand()%0xffff));
../Src/main.c: 6 warnings, 0 errors
linking...
Program Size: Code=14388 RO-data=528 RW-data=160 ZI-data=16608  
"againWithLCD\againWithLCD.axf" - 0 Error(s), 6 Warning(s).

<h2>Software Packages used:</h2>

Package Vendor: ARM
                http://www.keil.com/pack/ARM.CMSIS.4.3.0.pack
                ARM::CMSIS:CORE:4.1.0
                CMSIS (Cortex Microcontroller Software Interface Standard)
   * Component: CORE Version: 4.1.0

<h2>Collection of Component include folders:</h2>
  D:\BitBucket\againWithLCD\MDK-ARM\RTE
  C:\Keil_v5\ARM\PACK\ARM\CMSIS\4.3.0\CMSIS\Include
  C:\Keil_v5\ARM\PACK\Keil\STM32F4xx_DFP\2.5.0\Drivers\CMSIS\Device\ST\STM32F4xx\Include

<h2>Collection of Component Files used:</h2>

   * Component: ARM::CMSIS:CORE:4.1.0
</pre>
</body>
</html>
