Component: ARM Compiler 5.05 update 2 (build 169) Tool: armlink [4d0f33]

==============================================================================

Section Cross References

    stm32f4xx_hal_tim_ex.o(i.HAL_TIMEx_ConfigCommutationEvent_DMA) refers to stm32f4xx_hal_tim_ex.o(i.TIMEx_DMACommutationCplt) for TIMEx_DMACommutationCplt
    stm32f4xx_hal_tim_ex.o(i.HAL_TIMEx_ConfigCommutationEvent_DMA) refers to stm32f4xx_hal_tim.o(i.TIM_DMAError) for TIM_DMAError
    stm32f4xx_hal_tim_ex.o(i.HAL_TIMEx_HallSensor_DeInit) refers to stm32f4xx_hal_tim_ex.o(i.HAL_TIMEx_HallSensor_MspDeInit) for HAL_TIMEx_HallSensor_MspDeInit
    stm32f4xx_hal_tim_ex.o(i.HAL_TIMEx_HallSensor_Init) refers to stm32f4xx_hal_tim_ex.o(i.HAL_TIMEx_HallSensor_MspInit) for HAL_TIMEx_HallSensor_MspInit
    stm32f4xx_hal_tim_ex.o(i.HAL_TIMEx_HallSensor_Init) refers to stm32f4xx_hal_tim.o(i.TIM_Base_SetConfig) for TIM_Base_SetConfig
    stm32f4xx_hal_tim_ex.o(i.HAL_TIMEx_HallSensor_Init) refers to stm32f4xx_hal_tim.o(i.TIM_TI1_SetConfig) for TIM_TI1_SetConfig
    stm32f4xx_hal_tim_ex.o(i.HAL_TIMEx_HallSensor_Init) refers to stm32f4xx_hal_tim.o(i.TIM_OC2_SetConfig) for TIM_OC2_SetConfig
    stm32f4xx_hal_tim_ex.o(i.HAL_TIMEx_HallSensor_Start) refers to stm32f4xx_hal_tim.o(i.TIM_CCxChannelCmd) for TIM_CCxChannelCmd
    stm32f4xx_hal_tim_ex.o(i.HAL_TIMEx_HallSensor_Start_DMA) refers to stm32f4xx_hal_tim.o(i.TIM_CCxChannelCmd) for TIM_CCxChannelCmd
    stm32f4xx_hal_tim_ex.o(i.HAL_TIMEx_HallSensor_Start_DMA) refers to stm32f4xx_hal_dma.o(i.HAL_DMA_Start_IT) for HAL_DMA_Start_IT
    stm32f4xx_hal_tim_ex.o(i.HAL_TIMEx_HallSensor_Start_DMA) refers to stm32f4xx_hal_tim.o(i.TIM_DMACaptureCplt) for TIM_DMACaptureCplt
    stm32f4xx_hal_tim_ex.o(i.HAL_TIMEx_HallSensor_Start_DMA) refers to stm32f4xx_hal_tim.o(i.TIM_DMAError) for TIM_DMAError
    stm32f4xx_hal_tim_ex.o(i.HAL_TIMEx_HallSensor_Start_IT) refers to stm32f4xx_hal_tim.o(i.TIM_CCxChannelCmd) for TIM_CCxChannelCmd
    stm32f4xx_hal_tim_ex.o(i.HAL_TIMEx_HallSensor_Stop) refers to stm32f4xx_hal_tim.o(i.TIM_CCxChannelCmd) for TIM_CCxChannelCmd
    stm32f4xx_hal_tim_ex.o(i.HAL_TIMEx_HallSensor_Stop_DMA) refers to stm32f4xx_hal_tim.o(i.TIM_CCxChannelCmd) for TIM_CCxChannelCmd
    stm32f4xx_hal_tim_ex.o(i.HAL_TIMEx_HallSensor_Stop_IT) refers to stm32f4xx_hal_tim.o(i.TIM_CCxChannelCmd) for TIM_CCxChannelCmd
    stm32f4xx_hal_tim_ex.o(i.HAL_TIMEx_OCN_Start) refers to stm32f4xx_hal_tim_ex.o(i.TIM_CCxNChannelCmd) for TIM_CCxNChannelCmd
    stm32f4xx_hal_tim_ex.o(i.HAL_TIMEx_OCN_Start_DMA) refers to stm32f4xx_hal_dma.o(i.HAL_DMA_Start_IT) for HAL_DMA_Start_IT
    stm32f4xx_hal_tim_ex.o(i.HAL_TIMEx_OCN_Start_DMA) refers to stm32f4xx_hal_tim_ex.o(i.TIM_CCxNChannelCmd) for TIM_CCxNChannelCmd
    stm32f4xx_hal_tim_ex.o(i.HAL_TIMEx_OCN_Start_DMA) refers to stm32f4xx_hal_tim.o(i.TIM_DMADelayPulseCplt) for TIM_DMADelayPulseCplt
    stm32f4xx_hal_tim_ex.o(i.HAL_TIMEx_OCN_Start_DMA) refers to stm32f4xx_hal_tim.o(i.TIM_DMAError) for TIM_DMAError
    stm32f4xx_hal_tim_ex.o(i.HAL_TIMEx_OCN_Start_IT) refers to stm32f4xx_hal_tim_ex.o(i.TIM_CCxNChannelCmd) for TIM_CCxNChannelCmd
    stm32f4xx_hal_tim_ex.o(i.HAL_TIMEx_OCN_Stop) refers to stm32f4xx_hal_tim_ex.o(i.TIM_CCxNChannelCmd) for TIM_CCxNChannelCmd
    stm32f4xx_hal_tim_ex.o(i.HAL_TIMEx_OCN_Stop_DMA) refers to stm32f4xx_hal_tim_ex.o(i.TIM_CCxNChannelCmd) for TIM_CCxNChannelCmd
    stm32f4xx_hal_tim_ex.o(i.HAL_TIMEx_OCN_Stop_IT) refers to stm32f4xx_hal_tim_ex.o(i.TIM_CCxNChannelCmd) for TIM_CCxNChannelCmd
    stm32f4xx_hal_tim_ex.o(i.HAL_TIMEx_OnePulseN_Start) refers to stm32f4xx_hal_tim_ex.o(i.TIM_CCxNChannelCmd) for TIM_CCxNChannelCmd
    stm32f4xx_hal_tim_ex.o(i.HAL_TIMEx_OnePulseN_Start_IT) refers to stm32f4xx_hal_tim_ex.o(i.TIM_CCxNChannelCmd) for TIM_CCxNChannelCmd
    stm32f4xx_hal_tim_ex.o(i.HAL_TIMEx_OnePulseN_Stop) refers to stm32f4xx_hal_tim_ex.o(i.TIM_CCxNChannelCmd) for TIM_CCxNChannelCmd
    stm32f4xx_hal_tim_ex.o(i.HAL_TIMEx_OnePulseN_Stop_IT) refers to stm32f4xx_hal_tim_ex.o(i.TIM_CCxNChannelCmd) for TIM_CCxNChannelCmd
    stm32f4xx_hal_tim_ex.o(i.HAL_TIMEx_PWMN_Start) refers to stm32f4xx_hal_tim_ex.o(i.TIM_CCxNChannelCmd) for TIM_CCxNChannelCmd
    stm32f4xx_hal_tim_ex.o(i.HAL_TIMEx_PWMN_Start_DMA) refers to stm32f4xx_hal_dma.o(i.HAL_DMA_Start_IT) for HAL_DMA_Start_IT
    stm32f4xx_hal_tim_ex.o(i.HAL_TIMEx_PWMN_Start_DMA) refers to stm32f4xx_hal_tim_ex.o(i.TIM_CCxNChannelCmd) for TIM_CCxNChannelCmd
    stm32f4xx_hal_tim_ex.o(i.HAL_TIMEx_PWMN_Start_DMA) refers to stm32f4xx_hal_tim.o(i.TIM_DMADelayPulseCplt) for TIM_DMADelayPulseCplt
    stm32f4xx_hal_tim_ex.o(i.HAL_TIMEx_PWMN_Start_DMA) refers to stm32f4xx_hal_tim.o(i.TIM_DMAError) for TIM_DMAError
    stm32f4xx_hal_tim_ex.o(i.HAL_TIMEx_PWMN_Start_IT) refers to stm32f4xx_hal_tim_ex.o(i.TIM_CCxNChannelCmd) for TIM_CCxNChannelCmd
    stm32f4xx_hal_tim_ex.o(i.HAL_TIMEx_PWMN_Stop) refers to stm32f4xx_hal_tim_ex.o(i.TIM_CCxNChannelCmd) for TIM_CCxNChannelCmd
[...]
    Removing cmsis_os.o(i.osSemaphoreCreate), (46 bytes).
    Removing cmsis_os.o(i.osSemaphoreDelete), (24 bytes).
    Removing cmsis_os.o(i.osSemaphoreRelease), (80 bytes).
    Removing cmsis_os.o(i.osSemaphoreWait), (104 bytes).
    Removing cmsis_os.o(i.osSignalSet), (84 bytes).
    Removing cmsis_os.o(i.osSignalWait), (88 bytes).
    Removing cmsis_os.o(i.osThreadGetId), (4 bytes).
    Removing cmsis_os.o(i.osThreadGetPriority), (32 bytes).
    Removing cmsis_os.o(i.osThreadList), (4 bytes).
    Removing cmsis_os.o(i.osThreadResume), (52 bytes).
    Removing cmsis_os.o(i.osThreadResumeAll), (18 bytes).
    Removing cmsis_os.o(i.osThreadSetPriority), (22 bytes).
    Removing cmsis_os.o(i.osThreadSuspend), (10 bytes).
    Removing cmsis_os.o(i.osThreadSuspendAll), (10 bytes).
    Removing cmsis_os.o(i.osThreadTerminate), (10 bytes).
    Removing cmsis_os.o(i.osThreadYield), (24 bytes).
    Removing cmsis_os.o(i.osTimerDelete), (44 bytes).
    Removing cmsis_os.o(i.osTimerStart), (188 bytes).
    Removing cmsis_os.o(i.osTimerStop), (88 bytes).
    Removing port.o(i.vPortEndScheduler), (32 bytes).
    Removing queue.o(i.ucQueueGetQueueType), (6 bytes).
    Removing queue.o(i.uxQueueGetQueueNumber), (4 bytes).
    Removing queue.o(i.uxQueueMessagesWaiting), (36 bytes).
    Removing queue.o(i.uxQueueMessagesWaitingFromISR), (22 bytes).
    Removing queue.o(i.uxQueueSpacesAvailable), (40 bytes).
    Removing queue.o(i.vQueueDelete), (36 bytes).
    Removing queue.o(i.vQueueSetQueueNumber), (4 bytes).
    Removing queue.o(i.vQueueUnregisterQueue), (36 bytes).
    Removing queue.o(i.xQueueCreateCountingSemaphore), (72 bytes).
    Removing queue.o(i.xQueueCreateMutex), (90 bytes).
    Removing queue.o(i.xQueueGiveFromISR), (156 bytes).
    Removing queue.o(i.xQueueGiveMutexRecursive), (62 bytes).
    Removing queue.o(i.xQueueIsQueueEmptyFromISR), (30 bytes).
    Removing queue.o(i.xQueueIsQueueFullFromISR), (34 bytes).
    Removing queue.o(i.xQueuePeekFromISR), (116 bytes).
    Removing queue.o(i.xQueueReceiveFromISR), (142 bytes).
    Removing queue.o(i.xQueueTakeMutexRecursive), (68 bytes).
    Removing tasks.o(i.prvListTaskWithinSingleList), (138 bytes).
    Removing tasks.o(i.prvTaskIsTaskSuspended), (52 bytes).
    Removing tasks.o(i.ulTaskNotifyTake), (156 bytes).
    Removing tasks.o(i.uxTaskGetNumberOfTasks), (12 bytes).
    Removing tasks.o(i.uxTaskGetSystemState), (148 bytes).
    Removing tasks.o(i.uxTaskGetTaskNumber), (8 bytes).
    Removing tasks.o(i.uxTaskPriorityGet), (28 bytes).
    Removing tasks.o(i.uxTaskPriorityGetFromISR), (44 bytes).
    Removing tasks.o(i.uxTaskResetEventItemValue), (24 bytes).
    Removing tasks.o(i.vTaskDelete), (164 bytes).
    Removing tasks.o(i.vTaskEndScheduler), (28 bytes).
    Removing tasks.o(i.vTaskNotifyGiveFromISR), (180 bytes).
    Removing tasks.o(i.vTaskPlaceOnUnorderedEventList), (128 bytes).
    Removing tasks.o(i.vTaskPrioritySet), (196 bytes).
    Removing tasks.o(i.vTaskResume), (128 bytes).
    Removing tasks.o(i.vTaskSetTaskNumber), (8 bytes).
    Removing tasks.o(i.vTaskSuspend), (180 bytes).
    Removing tasks.o(i.xTaskGenericNotify), (204 bytes).
    Removing tasks.o(i.xTaskGetCurrentTaskHandle), (12 bytes).
    Removing tasks.o(i.xTaskGetTickCountFromISR), (16 bytes).
    Removing tasks.o(i.xTaskNotifyFromISR), (224 bytes).
    Removing tasks.o(i.xTaskNotifyWait), (184 bytes).
    Removing tasks.o(i.xTaskRemoveFromUnorderedEventList), (120 bytes).
    Removing tasks.o(i.xTaskResumeFromISR), (140 bytes).
    Removing dadd.o(.text), (334 bytes).
    Removing dmul.o(.text), (228 bytes).
    Removing ddiv.o(.text), (222 bytes).
    Removing dfixul.o(.text), (48 bytes).
    Removing cdrcmple.o(.text), (48 bytes).
    Removing depilogue.o(.text), (186 bytes).

531 unused section(s) (total 31287 bytes) removed from the image.

==============================================================================

Image Symbol Table

    Local Symbols

    Symbol Name                              Value     Ov Type        Size  Object(Section)

    ../Drivers/CMSIS/Device/ST/STM32F4xx/Source/Templates/system_stm32f4xx.c 0x00000000   Number         0  system_stm32f4xx.o ABSOLUTE
    ../Drivers/STM32F4xx_HAL_Driver/Src/stm32f4xx_hal.c 0x00000000   Number         0  stm32f4xx_hal.o ABSOLUTE
    ../Drivers/STM32F4xx_HAL_Driver/Src/stm32f4xx_hal_cortex.c 0x00000000   Number         0  stm32f4xx_hal_cortex.o ABSOLUTE
    ../Drivers/STM32F4xx_HAL_Driver/Src/stm32f4xx_hal_dma.c 0x00000000   Number         0  stm32f4xx_hal_dma.o ABSOLUTE
    ../Drivers/STM32F4xx_HAL_Driver/Src/stm32f4xx_hal_dma_ex.c 0x00000000   Number         0  stm32f4xx_hal_dma_ex.o ABSOLUTE
    ../Drivers/STM32F4xx_HAL_Driver/Src/stm32f4xx_hal_flash.c 0x00000000   Number         0  stm32f4xx_hal_flash.o ABSOLUTE
    ../Drivers/STM32F4xx_HAL_Driver/Src/stm32f4xx_hal_flash_ex.c 0x00000000   Number         0  stm32f4xx_hal_flash_ex.o ABSOLUTE
    ../Drivers/STM32F4xx_HAL_Driver/Src/stm32f4xx_hal_flash_ramfunc.c 0x00000000   Number         0  stm32f4xx_hal_flash_ramfunc.o ABSOLUTE
    ../Drivers/STM32F4xx_HAL_Driver/Src/stm32f4xx_hal_gpio.c 0x00000000   Number         0  stm32f4xx_hal_gpio.o ABSOLUTE
    ../Drivers/STM32F4xx_HAL_Driver/Src/stm32f4xx_hal_pwr.c 0x00000000   Number         0  stm32f4xx_hal_pwr.o ABSOLUTE
    ../Drivers/STM32F4xx_HAL_Driver/Src/stm32f4xx_hal_pwr_ex.c 0x00000000   Number         0  stm32f4xx_hal_pwr_ex.o ABSOLUTE
    ../Drivers/STM32F4xx_HAL_Driver/Src/stm32f4xx_hal_rcc.c 0x00000000   Number         0  stm32f4xx_hal_rcc.o ABSOLUTE
    ../Drivers/STM32F4xx_HAL_Driver/Src/stm32f4xx_hal_rcc_ex.c 0x00000000   Number         0  stm32f4xx_hal_rcc_ex.o ABSOLUTE
    ../Drivers/STM32F4xx_HAL_Driver/Src/stm32f4xx_hal_rtc.c 0x00000000   Number         0  stm32f4xx_hal_rtc.o ABSOLUTE
    ../Drivers/STM32F4xx_HAL_Driver/Src/stm32f4xx_hal_rtc_ex.c 0x00000000   Number         0  stm32f4xx_hal_rtc_ex.o ABSOLUTE
    ../Drivers/STM32F4xx_HAL_Driver/Src/stm32f4xx_hal_spi.c 0x00000000   Number         0  stm32f4xx_hal_spi.o ABSOLUTE
    ../Drivers/STM32F4xx_HAL_Driver/Src/stm32f4xx_hal_tim.c 0x00000000   Number         0  stm32f4xx_hal_tim.o ABSOLUTE
    ../Drivers/STM32F4xx_HAL_Driver/Src/stm32f4xx_hal_tim_ex.c 0x00000000   Number         0  stm32f4xx_hal_tim_ex.o ABSOLUTE
    ../Drivers/STM32F4xx_HAL_Driver/Src/stm32f4xx_hal_uart.c 0x00000000   Number         0  stm32f4xx_hal_uart.o ABSOLUTE
    ../Middlewares/Third_Party/FreeRTOS/Source/CMSIS_RTOS/cmsis_os.c 0x00000000   Number         0  cmsis_os.o ABSOLUTE
    ../Middlewares/Third_Party/FreeRTOS/Source/croutine.c 0x00000000   Number         0  croutine.o ABSOLUTE
    ../Middlewares/Third_Party/FreeRTOS/Source/event_groups.c 0x00000000   Number         0  event_groups.o ABSOLUTE
    ../Middlewares/Third_Party/FreeRTOS/Source/list.c 0x00000000   Number         0  list.o ABSOLUTE
    ../Middlewares/Third_Party/FreeRTOS/Source/portable/MemMang/heap_4.c 0x00000000   Number         0  heap_4.o ABSOLUTE
    ../Middlewares/Third_Party/FreeRTOS/Source/portable/RVDS/ARM_CM4F/port.c 0x00000000   Number         0  port.o ABSOLUTE
    ../Middlewares/Third_Party/FreeRTOS/Source/queue.c 0x00000000   Number         0  queue.o ABSOLUTE
    ../Middlewares/Third_Party/FreeRTOS/Source/tasks.c 0x00000000   Number         0  tasks.o ABSOLUTE
    ../Middlewares/Third_Party/FreeRTOS/Source/timers.c 0x00000000   Number         0  timers.o ABSOLUTE
    ../Src/freertos.c                        0x00000000   Number         0  freertos.o ABSOLUTE
    ../Src/main.c                            0x00000000   Number         0  main.o ABSOLUTE
    ../Src/stm32f4xx_hal_msp.c               0x00000000   Number         0  stm32f4xx_hal_msp.o ABSOLUTE
    ../Src/stm32f4xx_hal_timebase_TIM.c      0x00000000   Number         0  stm32f4xx_hal_timebase_tim.o ABSOLUTE
    ../Src/stm32f4xx_it.c                    0x00000000   Number         0  stm32f4xx_it.o ABSOLUTE
    ../clib/microlib/division.c              0x00000000   Number         0  uldiv.o ABSOLUTE
    ../clib/microlib/division.c              0x00000000   Number         0  uidiv.o ABSOLUTE
    ../clib/microlib/init/entry.s            0x00000000   Number         0  entry.o ABSOLUTE
    ../clib/microlib/init/entry.s            0x00000000   Number         0  entry7b.o ABSOLUTE
    ../clib/microlib/init/entry.s            0x00000000   Number         0  entry11b.o ABSOLUTE
    ../clib/microlib/init/entry.s            0x00000000   Number         0  entry11a.o ABSOLUTE
    ../clib/microlib/init/entry.s            0x00000000   Number         0  entry10b.o ABSOLUTE
    ../clib/microlib/init/entry.s            0x00000000   Number         0  entry10a.o ABSOLUTE
    ../clib/microlib/init/entry.s            0x00000000   Number         0  entry9b.o ABSOLUTE
    ../clib/microlib/init/entry.s            0x00000000   Number         0  entry9a.o ABSOLUTE
    ../clib/microlib/init/entry.s            0x00000000   Number         0  entry8b.o ABSOLUTE
    ../clib/microlib/init/entry.s            0x00000000   Number         0  entry8a.o ABSOLUTE
    ../clib/microlib/init/entry.s            0x00000000   Number         0  entry7a.o ABSOLUTE
    ../clib/microlib/init/entry.s            0x00000000   Number         0  entry5.o ABSOLUTE
    ../clib/microlib/init/entry.s            0x00000000   Number         0  entry2.o ABSOLUTE
    ../clib/microlib/longlong.c              0x00000000   Number         0  llsshr.o ABSOLUTE
    ../clib/microlib/longlong.c              0x00000000   Number         0  llushr.o ABSOLUTE
    ../clib/microlib/longlong.c              0x00000000   Number         0  llshl.o ABSOLUTE
    ../clib/microlib/printf/printf.c         0x00000000   Number         0  printf5.o ABSOLUTE
    ../clib/microlib/printf/printf.c         0x00000000   Number         0  printf8.o ABSOLUTE
    ../clib/microlib/printf/printf.c         0x00000000   Number         0  printf4.o ABSOLUTE
    ../clib/microlib/printf/printf.c         0x00000000   Number         0  printf3.o ABSOLUTE
    ../clib/microlib/printf/printf.c         0x00000000   Number         0  printf2.o ABSOLUTE
    ../clib/microlib/printf/printf.c         0x00000000   Number         0  printf1.o ABSOLUTE
    ../clib/microlib/printf/printf.c         0x00000000   Number         0  printfb.o ABSOLUTE
    ../clib/microlib/printf/printf.c         0x00000000   Number         0  printf0.o ABSOLUTE
    ../clib/microlib/printf/printf.c         0x00000000   Number         0  printfa.o ABSOLUTE
    ../clib/microlib/printf/printf.c         0x00000000   Number         0  printf7.o ABSOLUTE
    ../clib/microlib/printf/printf.c         0x00000000   Number         0  printf6.o ABSOLUTE
    ../clib/microlib/printf/stubs.s          0x00000000   Number         0  stubs.o ABSOLUTE
    ../clib/microlib/stdio/streams.c         0x00000000   Number         0  stdout.o ABSOLUTE
    ../clib/microlib/stdlib/rand.c           0x00000000   Number         0  rand.o ABSOLUTE
    ../clib/microlib/string/memcpy.c         0x00000000   Number         0  memcpyb.o ABSOLUTE
    ../clib/microlib/string/memcpy.c         0x00000000   Number         0  memcpya.o ABSOLUTE
    ../clib/microlib/string/memset.c         0x00000000   Number         0  memseta.o ABSOLUTE
    ../clib/microlib/stubs.s                 0x00000000   Number         0  iusefp.o ABSOLUTE
    ../fplib/microlib/fpadd.c                0x00000000   Number         0  dadd.o ABSOLUTE
    ../fplib/microlib/fpdiv.c                0x00000000   Number         0  ddiv.o ABSOLUTE
    ../fplib/microlib/fpepilogue.c           0x00000000   Number         0  depilogue.o ABSOLUTE
    ../fplib/microlib/fpfix.c                0x00000000   Number         0  dfixul.o ABSOLUTE
    ../fplib/microlib/fpmul.c                0x00000000   Number         0  dmul.o ABSOLUTE
    ..\Drivers\CMSIS\Device\ST\STM32F4xx\Source\Templates\system_stm32f4xx.c 0x00000000   Number         0  system_stm32f4xx.o ABSOLUTE
    ..\Drivers\STM32F4xx_HAL_Driver\Src\stm32f4xx_hal.c 0x00000000   Number         0  stm32f4xx_hal.o ABSOLUTE
    ..\Drivers\STM32F4xx_HAL_Driver\Src\stm32f4xx_hal_cortex.c 0x00000000   Number         0  stm32f4xx_hal_cortex.o ABSOLUTE
    ..\Drivers\STM32F4xx_HAL_Driver\Src\stm32f4xx_hal_dma.c 0x00000000   Number         0  stm32f4xx_hal_dma.o ABSOLUTE
    ..\Drivers\STM32F4xx_HAL_Driver\Src\stm32f4xx_hal_dma_ex.c 0x00000000   Number         0  stm32f4xx_hal_dma_ex.o ABSOLUTE
    ..\Drivers\STM32F4xx_HAL_Driver\Src\stm32f4xx_hal_flash.c 0x00000000   Number         0  stm32f4xx_hal_flash.o ABSOLUTE
    ..\Drivers\STM32F4xx_HAL_Driver\Src\stm32f4xx_hal_flash_ex.c 0x00000000   Number         0  stm32f4xx_hal_flash_ex.o ABSOLUTE
    ..\Drivers\STM32F4xx_HAL_Driver\Src\stm32f4xx_hal_flash_ramfunc.c 0x00000000   Number         0  stm32f4xx_hal_flash_ramfunc.o ABSOLUTE
    ..\Drivers\STM32F4xx_HAL_Driver\Src\stm32f4xx_hal_gpio.c 0x00000000   Number         0  stm32f4xx_hal_gpio.o ABSOLUTE
    ..\Drivers\STM32F4xx_HAL_Driver\Src\stm32f4xx_hal_pwr.c 0x00000000   Number         0  stm32f4xx_hal_pwr.o ABSOLUTE
    ..\Drivers\STM32F4xx_HAL_Driver\Src\stm32f4xx_hal_pwr_ex.c 0x00000000   Number         0  stm32f4xx_hal_pwr_ex.o ABSOLUTE
    ..\Drivers\STM32F4xx_HAL_Driver\Src\stm32f4xx_hal_rcc.c 0x00000000   Number         0  stm32f4xx_hal_rcc.o ABSOLUTE
    ..\Drivers\STM32F4xx_HAL_Driver\Src\stm32f4xx_hal_rcc_ex.c 0x00000000   Number         0  stm32f4xx_hal_rcc_ex.o ABSOLUTE
    ..\Drivers\STM32F4xx_HAL_Driver\Src\stm32f4xx_hal_rtc.c 0x00000000   Number         0  stm32f4xx_hal_rtc.o ABSOLUTE
    ..\Drivers\STM32F4xx_HAL_Driver\Src\stm32f4xx_hal_rtc_ex.c 0x00000000   Number         0  stm32f4xx_hal_rtc_ex.o ABSOLUTE
    ..\Drivers\STM32F4xx_HAL_Driver\Src\stm32f4xx_hal_spi.c 0x00000000   Number         0  stm32f4xx_hal_spi.o ABSOLUTE
    ..\Drivers\STM32F4xx_HAL_Driver\Src\stm32f4xx_hal_tim.c 0x00000000   Number         0  stm32f4xx_hal_tim.o ABSOLUTE
    ..\Drivers\STM32F4xx_HAL_Driver\Src\stm32f4xx_hal_tim_ex.c 0x00000000   Number         0  stm32f4xx_hal_tim_ex.o ABSOLUTE
    ..\Drivers\STM32F4xx_HAL_Driver\Src\stm32f4xx_hal_uart.c 0x00000000   Number         0  stm32f4xx_hal_uart.o ABSOLUTE
    ..\Middlewares\Third_Party\FreeRTOS\Source\CMSIS_RTOS\cmsis_os.c 0x00000000   Number         0  cmsis_os.o ABSOLUTE
    ..\Middlewares\Third_Party\FreeRTOS\Source\portable\RVDS\ARM_CM4F\port.c 0x00000000   Number         0  port.o ABSOLUTE
    ..\Src\ili9341.c                         0x00000000   Number         0  ili9341.o ABSOLUTE
    ..\Src\main.c                            0x00000000   Number         0  main.o ABSOLUTE
    ..\Src\stm32f4xx_hal_msp.c               0x00000000   Number         0  stm32f4xx_hal_msp.o ABSOLUTE
    ..\Src\stm32f4xx_hal_timebase_TIM.c      0x00000000   Number         0  stm32f4xx_hal_timebase_tim.o ABSOLUTE
    ..\Src\stm32f4xx_it.c                    0x00000000   Number         0  stm32f4xx_it.o ABSOLUTE
    ..\\Src\\ili9341.c                       0x00000000   Number         0  ili9341.o ABSOLUTE
    cdrcmple.s                               0x00000000   Number         0  cdrcmple.o ABSOLUTE
    dc.s                                     0x00000000   Number         0  dc.o ABSOLUTE
    handlers.s                               0x00000000   Number         0  handlers.o ABSOLUTE
    init.s                                   0x00000000   Number         0  init.o ABSOLUTE
    startup_stm32f401xe.s                    0x00000000   Number         0  startup_stm32f401xe.o ABSOLUTE
    RESET                                    0x08000000   Section      404  startup_stm32f401xe.o(RESET)
    .ARM.Collect$$$$00000000                 0x08000194   Section        0  entry.o(.ARM.Collect$$$$00000000)
    .ARM.Collect$$$$00000001                 0x08000194   Section        4  entry2.o(.ARM.Collect$$$$00000001)
    .ARM.Collect$$$$00000004                 0x08000198   Section        4  entry5.o(.ARM.Collect$$$$00000004)
    .ARM.Collect$$$$00000008                 0x0800019c   Section        0  entry7b.o(.ARM.Collect$$$$00000008)
    .ARM.Collect$$$$0000000A                 0x0800019c   Section        0  entry8b.o(.ARM.Collect$$$$0000000A)
    .ARM.Collect$$$$0000000B                 0x0800019c   Section        8  entry9a.o(.ARM.Collect$$$$0000000B)
    .ARM.Collect$$$$0000000D                 0x080001a4   Section        0  entry10a.o(.ARM.Collect$$$$0000000D)
    .ARM.Collect$$$$0000000F                 0x080001a4   Section        0  entry11a.o(.ARM.Collect$$$$0000000F)
    .ARM.Collect$$$$00002712                 0x080001a4   Section        4  entry2.o(.ARM.Collect$$$$00002712)
    __lit__00000000                          0x080001a4   Data           4  entry2.o(.ARM.Collect$$$$00002712)
    .emb_text                                0x080001a8   Section      186  port.o(.emb_text)
    $v0                                      0x080001a8   Number         0  port.o(.emb_text)
    .text                                    0x08000264   Section       36  startup_stm32f401xe.o(.text)
    $v0                                      0x08000264   Number         0  startup_stm32f401xe.o(.text)
    .text                                    0x08000288   Section        0  rand.o(.text)
    .text                                    0x080002ac   Section        0  memcpya.o(.text)
    .text                                    0x080002d0   Section        0  memseta.o(.text)
    .text                                    0x080002f4   Section        0  uidiv.o(.text)
    .text                                    0x08000320   Section       36  init.o(.text)
    i.CS_Set                                 0x08000344   Section        0  main.o(i.CS_Set)
    i.Callback01                             0x0800035c   Section        0  main.o(i.Callback01)
    i.DC_Set                                 0x08000360   Section        0  main.o(i.DC_Set)
    i.DMA2_Stream0_IRQHandler                0x08000378   Section        0  stm32f4xx_it.o(i.DMA2_Stream0_IRQHandler)
    i.DMA2_Stream3_IRQHandler                0x08000384   Section        0  stm32f4xx_it.o(i.DMA2_Stream3_IRQHandler)
    i.DMA_CalcBaseAndBitshift                0x08000390   Section        0  stm32f4xx_hal_dma.o(i.DMA_CalcBaseAndBitshift)
    DMA_CalcBaseAndBitshift                  0x08000391   Thumb Code    34  stm32f4xx_hal_dma.o(i.DMA_CalcBaseAndBitshift)
    i.HAL_DMA_IRQHandler                     0x080003b8   Section        0  stm32f4xx_hal_dma.o(i.HAL_DMA_IRQHandler)
    i.HAL_DMA_Init                           0x08000558   Section        0  stm32f4xx_hal_dma.o(i.HAL_DMA_Init)
    i.HAL_Delay                              0x080005d0   Section        0  stm32f4xx_hal.o(i.HAL_Delay)
    i.HAL_GPIO_Init                          0x080005e8   Section        0  stm32f4xx_hal_gpio.o(i.HAL_GPIO_Init)
    i.HAL_GPIO_WritePin                      0x08000770   Section        0  stm32f4xx_hal_gpio.o(i.HAL_GPIO_WritePin)
    i.HAL_GetTick                            0x0800077c   Section        0  stm32f4xx_hal.o(i.HAL_GetTick)
    i.HAL_IncTick                            0x08000788   Section        0  stm32f4xx_hal.o(i.HAL_IncTick)
    i.HAL_Init                               0x08000798   Section        0  stm32f4xx_hal.o(i.HAL_Init)
    i.HAL_InitTick                           0x080007cc   Section        0  stm32f4xx_hal_timebase_tim.o(i.HAL_InitTick)
    i.HAL_MspInit                            0x08000840   Section        0  stm32f4xx_hal_msp.o(i.HAL_MspInit)
    i.HAL_NVIC_EnableIRQ                     0x08000856   Section        0  stm32f4xx_hal_cortex.o(i.HAL_NVIC_EnableIRQ)
    i.HAL_NVIC_SetPriority                   0x0800086c   Section        0  stm32f4xx_hal_cortex.o(i.HAL_NVIC_SetPriority)
    i.HAL_NVIC_SetPriorityGrouping           0x080008ac   Section        0  stm32f4xx_hal_cortex.o(i.HAL_NVIC_SetPriorityGrouping)
    i.HAL_RCC_ClockConfig                    0x080008d0   Section        0  stm32f4xx_hal_rcc.o(i.HAL_RCC_ClockConfig)
    i.HAL_RCC_GetClockConfig                 0x08000a10   Section        0  stm32f4xx_hal_rcc.o(i.HAL_RCC_GetClockConfig)
    i.HAL_RCC_GetHCLKFreq                    0x08000a50   Section        0  stm32f4xx_hal_rcc.o(i.HAL_RCC_GetHCLKFreq)
    i.HAL_RCC_GetPCLK1Freq                   0x08000a84   Section        0  stm32f4xx_hal_rcc.o(i.HAL_RCC_GetPCLK1Freq)
    i.HAL_RCC_GetPCLK2Freq                   0x08000ab0   Section        0  stm32f4xx_hal_rcc.o(i.HAL_RCC_GetPCLK2Freq)
    i.HAL_RCC_GetSysClockFreq                0x08000adc   Section        0  stm32f4xx_hal_rcc.o(i.HAL_RCC_GetSysClockFreq)
    i.HAL_RCC_OscConfig                      0x08000b4c   Section        0  stm32f4xx_hal_rcc.o(i.HAL_RCC_OscConfig)
    i.HAL_SPI_Init                           0x08000e30   Section        0  stm32f4xx_hal_spi.o(i.HAL_SPI_Init)
    i.HAL_SPI_MspInit                        0x08000ebc   Section        0  stm32f4xx_hal_msp.o(i.HAL_SPI_MspInit)
    i.HAL_SPI_Transmit                       0x08000f68   Section        0  stm32f4xx_hal_spi.o(i.HAL_SPI_Transmit)
    i.HAL_SYSTICK_CLKSourceConfig            0x080010cc   Section        0  stm32f4xx_hal_cortex.o(i.HAL_SYSTICK_CLKSourceConfig)
    i.HAL_SYSTICK_Config                     0x080010e4   Section        0  stm32f4xx_hal_cortex.o(i.HAL_SYSTICK_Config)
    i.HAL_TIMEx_BreakCallback                0x0800110c   Section        0  stm32f4xx_hal_tim_ex.o(i.HAL_TIMEx_BreakCallback)
    i.HAL_TIMEx_CommutationCallback          0x0800110e   Section        0  stm32f4xx_hal_tim_ex.o(i.HAL_TIMEx_CommutationCallback)
    i.HAL_TIM_Base_Init                      0x08001110   Section        0  stm32f4xx_hal_tim.o(i.HAL_TIM_Base_Init)
    i.HAL_TIM_Base_MspInit                   0x08001146   Section        0  stm32f4xx_hal_tim.o(i.HAL_TIM_Base_MspInit)
    i.HAL_TIM_Base_Start_IT                  0x08001148   Section        0  stm32f4xx_hal_tim.o(i.HAL_TIM_Base_Start_IT)
    i.HAL_TIM_IC_CaptureCallback             0x08001160   Section        0  stm32f4xx_hal_tim.o(i.HAL_TIM_IC_CaptureCallback)
    i.HAL_TIM_IRQHandler                     0x08001162   Section        0  stm32f4xx_hal_tim.o(i.HAL_TIM_IRQHandler)
    i.HAL_TIM_OC_DelayElapsedCallback        0x080012c8   Section        0  stm32f4xx_hal_tim.o(i.HAL_TIM_OC_DelayElapsedCallback)
    i.HAL_TIM_PWM_PulseFinishedCallback      0x080012ca   Section        0  stm32f4xx_hal_tim.o(i.HAL_TIM_PWM_PulseFinishedCallback)
    i.HAL_TIM_PeriodElapsedCallback          0x080012cc   Section        0  stm32f4xx_hal_timebase_tim.o(i.HAL_TIM_PeriodElapsedCallback)
    i.HAL_TIM_TriggerCallback                0x080012d0   Section        0  stm32f4xx_hal_tim.o(i.HAL_TIM_TriggerCallback)
    i.HAL_UART_Init                          0x080012d2   Section        0  stm32f4xx_hal_uart.o(i.HAL_UART_Init)
    i.HAL_UART_MspInit                       0x08001334   Section        0  stm32f4xx_hal_msp.o(i.HAL_UART_MspInit)
    i.HAL_UART_Transmit                      0x0800137c   Section        0  stm32f4xx_hal_uart.o(i.HAL_UART_Transmit)
    i.ILI9341_SetCursorPosition              0x08001426   Section        0  main.o(i.ILI9341_SetCursorPosition)
    i.LCD_IO_Init                            0x08001474   Section        0  main.o(i.LCD_IO_Init)
    i.LCD_IO_WriteData                       0x080014b4   Section        0  main.o(i.LCD_IO_WriteData)
    i.LCD_IO_WriteReg                        0x080014d8   Section        0  main.o(i.LCD_IO_WriteReg)
    i.MX_GPIO_Init                           0x08001500   Section        0  main.o(i.MX_GPIO_Init)
    MX_GPIO_Init                             0x08001501   Thumb Code   198  main.o(i.MX_GPIO_Init)
    i.MX_SPI1_Init                           0x080015dc   Section        0  main.o(i.MX_SPI1_Init)
    MX_SPI1_Init                             0x080015dd   Thumb Code    44  main.o(i.MX_SPI1_Init)
    i.NVIC_SetPriority                       0x08001610   Section        0  stm32f4xx_hal_cortex.o(i.NVIC_SetPriority)
    NVIC_SetPriority                         0x08001611   Thumb Code    32  stm32f4xx_hal_cortex.o(i.NVIC_SetPriority)
    i.SPI_CheckFlag_BSY                      0x08001630   Section        0  stm32f4xx_hal_spi.o(i.SPI_CheckFlag_BSY)
    SPI_CheckFlag_BSY                        0x08001631   Thumb Code    32  stm32f4xx_hal_spi.o(i.SPI_CheckFlag_BSY)
    i.SPI_WaitFlagStateUntilTimeout          0x08001650   Section        0  stm32f4xx_hal_spi.o(i.SPI_WaitFlagStateUntilTimeout)
    SPI_WaitFlagStateUntilTimeout            0x08001651   Thumb Code   140  stm32f4xx_hal_spi.o(i.SPI_WaitFlagStateUntilTimeout)
    i.StartDefaultTask                       0x080016dc   Section        0  main.o(i.StartDefaultTask)
    i.StartTask02                            0x08001710   Section        0  main.o(i.StartTask02)
    i.SysTick_Handler                        0x080017c8   Section        0  stm32f4xx_it.o(i.SysTick_Handler)
    i.SystemClock_Config                     0x080017cc   Section        0  main.o(i.SystemClock_Config)
    i.SystemInit                             0x08001864   Section        0  system_stm32f4xx.o(i.SystemInit)
    i.TIM1_UP_TIM10_IRQHandler               0x080018b8   Section        0  stm32f4xx_it.o(i.TIM1_UP_TIM10_IRQHandler)
    i.TIM_Base_SetConfig                     0x080018c4   Section        0  stm32f4xx_hal_tim.o(i.TIM_Base_SetConfig)
    i.TM_ILI9341_INT_Fill                    0x08001954   Section        0  main.o(i.TM_ILI9341_INT_Fill)
    i.UART_SetConfig                         0x08001998   Section        0  stm32f4xx_hal_uart.o(i.UART_SetConfig)
    UART_SetConfig                           0x08001999   Thumb Code   676  stm32f4xx_hal_uart.o(i.UART_SetConfig)
    i.UART_WaitOnFlagUntilTimeout            0x08001c44   Section        0  stm32f4xx_hal_uart.o(i.UART_WaitOnFlagUntilTimeout)
    UART_WaitOnFlagUntilTimeout              0x08001c45   Thumb Code   150  stm32f4xx_hal_uart.o(i.UART_WaitOnFlagUntilTimeout)
    i.__0printf$1                            0x08001cdc   Section        0  printf1.o(i.__0printf$1)
    i.__scatterload_copy                     0x08001cfc   Section       14  handlers.o(i.__scatterload_copy)
    i.__scatterload_null                     0x08001d0a   Section        2  handlers.o(i.__scatterload_null)
    i.__scatterload_zeroinit                 0x08001d0c   Section       14  handlers.o(i.__scatterload_zeroinit)
    i._printf_core                           0x08001d1c   Section        0  printf1.o(i._printf_core)
    _printf_core                             0x08001d1d   Thumb Code   336  printf1.o(i._printf_core)
    i.fputc                                  0x08001e70   Section        0  main.o(i.fputc)
    i.ili9341_DisplayOn                      0x08001e88   Section        0  ili9341.o(i.ili9341_DisplayOn)
    i.ili9341_DrawHLine                      0x08001e92   Section        0  main.o(i.ili9341_DrawHLine)
    i.ili9341_DrawPixel                      0x08001ecc   Section        0  main.o(i.ili9341_DrawPixel)
    i.ili9341_DrawVLine                      0x08001ef0   Section        0  main.o(i.ili9341_DrawVLine)
    i.ili9341_Fill                           0x08001f28   Section        0  main.o(i.ili9341_Fill)
    i.ili9341_Init                           0x08001f48   Section        0  ili9341.o(i.ili9341_Init)
    i.ili9341_Rotate                         0x08002198   Section        0  main.o(i.ili9341_Rotate)
    i.ili9341_WriteData                      0x080021e8   Section        0  ili9341.o(i.ili9341_WriteData)
    i.ili9341_WriteReg                       0x080021f0   Section        0  ili9341.o(i.ili9341_WriteReg)
    i.main                                   0x080021f8   Section        0  main.o(i.main)
    i.makeFreeRtosPriority                   0x080022e0   Section        0  cmsis_os.o(i.makeFreeRtosPriority)
    makeFreeRtosPriority                     0x080022e1   Thumb Code    12  cmsis_os.o(i.makeFreeRtosPriority)
    i.osDelay                                0x080022ec   Section        0  cmsis_os.o(i.osDelay)
    i.osKernelStart                          0x080022fa   Section        0  cmsis_os.o(i.osKernelStart)
    i.osSystickHandler                       0x08002304   Section        0  cmsis_os.o(i.osSystickHandler)
    i.osThreadCreate                         0x08002318   Section        0  cmsis_os.o(i.osThreadCreate)
    i.osTimerCreate                          0x08002350   Section        0  cmsis_os.o(i.osTimerCreate)
    i.prvAddCurrentTaskToDelayedList         0x08002374   Section        0  tasks.o(i.prvAddCurrentTaskToDelayedList)
    prvAddCurrentTaskToDelayedList           0x08002375   Thumb Code    48  tasks.o(i.prvAddCurrentTaskToDelayedList)
    i.prvCheckForValidListAndQueue           0x080023a8   Section        0  timers.o(i.prvCheckForValidListAndQueue)
    prvCheckForValidListAndQueue             0x080023a9   Thumb Code    78  timers.o(i.prvCheckForValidListAndQueue)
    i.prvCheckTasksWaitingTermination        0x08002408   Section        0  tasks.o(i.prvCheckTasksWaitingTermination)
    prvCheckTasksWaitingTermination          0x08002409   Thumb Code    76  tasks.o(i.prvCheckTasksWaitingTermination)
    i.prvCopyDataFromQueue                   0x0800245c   Section        0  queue.o(i.prvCopyDataFromQueue)
    prvCopyDataFromQueue                     0x0800245d   Thumb Code    38  queue.o(i.prvCopyDataFromQueue)
    i.prvCopyDataToQueue                     0x08002482   Section        0  queue.o(i.prvCopyDataToQueue)
    prvCopyDataToQueue                       0x08002483   Thumb Code   110  queue.o(i.prvCopyDataToQueue)
    i.prvHeapInit                            0x080024f0   Section        0  heap_4.o(i.prvHeapInit)
    prvHeapInit                              0x080024f1   Thumb Code    66  heap_4.o(i.prvHeapInit)
    i.prvIdleTask                            0x0800253c   Section        0  tasks.o(i.prvIdleTask)
    prvIdleTask                              0x0800253d   Thumb Code    30  tasks.o(i.prvIdleTask)
    i.prvInsertBlockIntoFreeList             0x08002564   Section        0  heap_4.o(i.prvInsertBlockIntoFreeList)
    prvInsertBlockIntoFreeList               0x08002565   Thumb Code    72  heap_4.o(i.prvInsertBlockIntoFreeList)
    i.prvInsertTimerInActiveList             0x080025b0   Section        0  timers.o(i.prvInsertTimerInActiveList)
    prvInsertTimerInActiveList               0x080025b1   Thumb Code    52  timers.o(i.prvInsertTimerInActiveList)
    i.prvProcessReceivedCommands             0x080025e8   Section        0  timers.o(i.prvProcessReceivedCommands)
    prvProcessReceivedCommands               0x080025e9   Thumb Code   182  timers.o(i.prvProcessReceivedCommands)
    i.prvProcessTimerOrBlockTask             0x080026a4   Section        0  timers.o(i.prvProcessTimerOrBlockTask)
    prvProcessTimerOrBlockTask               0x080026a5   Thumb Code   158  timers.o(i.prvProcessTimerOrBlockTask)
    i.prvResetNextTaskUnblockTime            0x0800274c   Section        0  tasks.o(i.prvResetNextTaskUnblockTime)
    prvResetNextTaskUnblockTime              0x0800274d   Thumb Code    26  tasks.o(i.prvResetNextTaskUnblockTime)
    i.prvSampleTimeNow                       0x0800276c   Section        0  timers.o(i.prvSampleTimeNow)
    prvSampleTimeNow                         0x0800276d   Thumb Code    36  timers.o(i.prvSampleTimeNow)
    i.prvSwitchTimerLists                    0x08002794   Section        0  timers.o(i.prvSwitchTimerLists)
    prvSwitchTimerLists                      0x08002795   Thumb Code   102  timers.o(i.prvSwitchTimerLists)
    i.prvTaskExitError                       0x08002800   Section        0  port.o(i.prvTaskExitError)
    prvTaskExitError                         0x08002801   Thumb Code    36  port.o(i.prvTaskExitError)
    i.prvTimerTask                           0x08002828   Section        0  timers.o(i.prvTimerTask)
    prvTimerTask                             0x08002829   Thumb Code    32  timers.o(i.prvTimerTask)
    i.prvUnlockQueue                         0x0800284c   Section        0  queue.o(i.prvUnlockQueue)
    prvUnlockQueue                           0x0800284d   Thumb Code   100  queue.o(i.prvUnlockQueue)
    i.pvPortMalloc                           0x080028b0   Section        0  heap_4.o(i.pvPortMalloc)
    i.pvTaskIncrementMutexHeldCount          0x08002988   Section        0  tasks.o(i.pvTaskIncrementMutexHeldCount)
    i.pxPortInitialiseStack                  0x080029a0   Section        0  port.o(i.pxPortInitialiseStack)
    i.uxListRemove                           0x080029c8   Section        0  list.o(i.uxListRemove)
    i.vListInitialise                        0x080029ec   Section        0  list.o(i.vListInitialise)
    i.vListInitialiseItem                    0x08002a02   Section        0  list.o(i.vListInitialiseItem)
    i.vListInsert                            0x08002a08   Section        0  list.o(i.vListInsert)
    i.vListInsertEnd                         0x08002a38   Section        0  list.o(i.vListInsertEnd)
    i.vPortEnterCritical                     0x08002a50   Section        0  port.o(i.vPortEnterCritical)
    i.vPortExitCritical                      0x08002a90   Section        0  port.o(i.vPortExitCritical)
    i.vPortFree                              0x08002ab8   Section        0  heap_4.o(i.vPortFree)
    i.vPortSetupTimerInterrupt               0x08002b14   Section        0  port.o(i.vPortSetupTimerInterrupt)
    i.vPortValidateInterruptPriority         0x08002b34   Section        0  port.o(i.vPortValidateInterruptPriority)
    i.vQueueAddToRegistry                    0x08002b88   Section        0  queue.o(i.vQueueAddToRegistry)
    i.vQueueWaitForMessageRestricted         0x08002bb0   Section        0  queue.o(i.vQueueWaitForMessageRestricted)
    i.vTaskDelay                             0x08002be8   Section        0  tasks.o(i.vTaskDelay)
    i.vTaskMissedYield                       0x08002c50   Section        0  tasks.o(i.vTaskMissedYield)
    i.vTaskPlaceOnEventList                  0x08002c5c   Section        0  tasks.o(i.vTaskPlaceOnEventList)
    i.vTaskPlaceOnEventListRestricted        0x08002cc0   Section        0  tasks.o(i.vTaskPlaceOnEventListRestricted)
    i.vTaskPriorityInherit                   0x08002d0c   Section        0  tasks.o(i.vTaskPriorityInherit)
    i.vTaskSetTimeOutState                   0x08002d90   Section        0  tasks.o(i.vTaskSetTimeOutState)
    i.vTaskStartScheduler                    0x08002db4   Section        0  tasks.o(i.vTaskStartScheduler)
    i.vTaskSuspendAll                        0x08002e1c   Section        0  tasks.o(i.vTaskSuspendAll)
    i.vTaskSwitchContext                     0x08002e2c   Section        0  tasks.o(i.vTaskSwitchContext)
    i.xPortStartScheduler                    0x08002e88   Section        0  port.o(i.xPortStartScheduler)
    i.xPortSysTickHandler                    0x08002f68   Section        0  port.o(i.xPortSysTickHandler)
    i.xQueueGenericCreate                    0x08002f94   Section        0  queue.o(i.xQueueGenericCreate)
    i.xQueueGenericReceive                   0x08002ff8   Section        0  queue.o(i.xQueueGenericReceive)
    i.xQueueGenericReset                     0x08003164   Section        0  queue.o(i.xQueueGenericReset)
    i.xQueueGenericSend                      0x080031e8   Section        0  queue.o(i.xQueueGenericSend)
    i.xQueueGenericSendFromISR               0x08003348   Section        0  queue.o(i.xQueueGenericSendFromISR)
    i.xTaskCheckForTimeOut                   0x08003400   Section        0  tasks.o(i.xTaskCheckForTimeOut)
    i.xTaskGenericCreate                     0x0800346c   Section        0  tasks.o(i.xTaskGenericCreate)
    i.xTaskGetSchedulerState                 0x08003628   Section        0  tasks.o(i.xTaskGetSchedulerState)
    i.xTaskGetTickCount                      0x08003644   Section        0  tasks.o(i.xTaskGetTickCount)
    i.xTaskIncrementTick                     0x08003650   Section        0  tasks.o(i.xTaskIncrementTick)
    i.xTaskPriorityDisinherit                0x0800371c   Section        0  tasks.o(i.xTaskPriorityDisinherit)
    i.xTaskRemoveFromEventList               0x080037b4   Section        0  tasks.o(i.xTaskRemoveFromEventList)
    i.xTaskResumeAll                         0x08003828   Section        0  tasks.o(i.xTaskResumeAll)
    i.xTimerCreate                           0x080038ec   Section        0  timers.o(i.xTimerCreate)
    i.xTimerCreateTimerTask                  0x08003934   Section        0  timers.o(i.xTimerCreateTimerTask)
    i.xTimerGenericCommand                   0x08003980   Section        0  timers.o(i.xTimerGenericCommand)
    .constdata                               0x080039c8   Section       16  stm32f4xx_hal_rcc.o(.constdata)
    .constdata                               0x080039d8   Section        8  stm32f4xx_hal_dma.o(.constdata)
    flagBitshiftOffset                       0x080039d8   Data           8  stm32f4xx_hal_dma.o(.constdata)
    .constdata                               0x080039e0   Section       44  main.o(.constdata)
    .conststring                             0x08003a0c   Section       24  main.o(.conststring)
    .data                                    0x20000000   Section        4  stm32f4xx_hal.o(.data)
    .data                                    0x20000004   Section        4  system_stm32f4xx.o(.data)
    .data                                    0x20000008   Section       34  main.o(.data)
    count                                    0x20000010   Data           4  main.o(.data)
    .data                                    0x2000002c   Section       16  timers.o(.data)
    xTimerQueue                              0x2000002c   Data           4  timers.o(.data)
    xLastTime                                0x20000030   Data           4  timers.o(.data)
    pxCurrentTimerList                       0x20000034   Data           4  timers.o(.data)
    pxOverflowTimerList                      0x20000038   Data           4  timers.o(.data)
    .data                                    0x2000003c   Section       24  heap_4.o(.data)
    pxEnd                                    0x2000003c   Data           4  heap_4.o(.data)
    xFreeBytesRemaining                      0x20000040   Data           4  heap_4.o(.data)
    xMinimumEverFreeBytesRemaining           0x20000044   Data           4  heap_4.o(.data)
    xBlockAllocatedBit                       0x20000048   Data           4  heap_4.o(.data)
    xStart                                   0x2000004c   Data           8  heap_4.o(.data)
    .data                                    0x20000054   Section       12  port.o(.data)
    ucMaxSysCallPriority                     0x20000054   Data           1  port.o(.data)
    uxCriticalNesting                        0x20000058   Data           4  port.o(.data)
    ulMaxPRIGROUPValue                       0x2000005c   Data           4  port.o(.data)
    .data                                    0x20000060   Section       56  tasks.o(.data)
    uxTasksDeleted                           0x20000064   Data           4  tasks.o(.data)
    uxCurrentNumberOfTasks                   0x20000068   Data           4  tasks.o(.data)
    xTickCount                               0x2000006c   Data           4  tasks.o(.data)
    uxTopReadyPriority                       0x20000070   Data           4  tasks.o(.data)
    xSchedulerRunning                        0x20000074   Data           4  tasks.o(.data)
    uxPendedTicks                            0x20000078   Data           4  tasks.o(.data)
    xYieldPending                            0x2000007c   Data           4  tasks.o(.data)
    xNumOfOverflows                          0x20000080   Data           4  tasks.o(.data)
    uxTaskNumber                             0x20000084   Data           4  tasks.o(.data)
    xNextTaskUnblockTime                     0x20000088   Data           4  tasks.o(.data)
    uxSchedulerSuspended                     0x2000008c   Data           4  tasks.o(.data)
    pxDelayedTaskList                        0x20000090   Data           4  tasks.o(.data)
    pxOverflowDelayedTaskList                0x20000094   Data           4  tasks.o(.data)
    .data                                    0x20000098   Section        4  rand.o(.data)
    _rand_state                              0x20000098   Data           4  rand.o(.data)
    .data                                    0x2000009c   Section        4  stdout.o(.data)
    .bss                                     0x200000a0   Section      152  main.o(.bss)
    .bss                                     0x20000138   Section       88  main.o(.bss)
    .bss                                     0x20000190   Section       88  main.o(.bss)
    .bss                                     0x200001e8   Section       60  stm32f4xx_hal_timebase_tim.o(.bss)
    .bss                                     0x20000224   Section       40  timers.o(.bss)
    xActiveTimerList1                        0x20000224   Data          20  timers.o(.bss)
    xActiveTimerList2                        0x20000238   Data          20  timers.o(.bss)
    .bss                                     0x2000024c   Section    15360  heap_4.o(.bss)
    ucHeap                                   0x2000024c   Data       15360  heap_4.o(.bss)
    .bss                                     0x20003e4c   Section       64  queue.o(.bss)
    .bss                                     0x20003e8c   Section      240  tasks.o(.bss)
    pxReadyTasksLists                        0x20003e8c   Data         140  tasks.o(.bss)
    xDelayedTaskList1                        0x20003f18   Data          20  tasks.o(.bss)
    xDelayedTaskList2                        0x20003f2c   Data          20  tasks.o(.bss)
    xPendingReadyList                        0x20003f40   Data          20  tasks.o(.bss)
    xTasksWaitingTermination                 0x20003f54   Data          20  tasks.o(.bss)
    xSuspendedTaskList                       0x20003f68   Data          20  tasks.o(.bss)
    STACK                                    0x20003f80   Section      512  startup_stm32f401xe.o(STACK)

    Global Symbols

    Symbol Name                              Value     Ov Type        Size  Object(Section)

    BuildAttributes$$THM_ISAv4$E$P$D$K$B$S$7EM$VFPi3$EXTD16$VFPS$VFMA$PE$A:L22UL41UL21$X:L11$S22US41US21$IEEE1$IW$USESV6$~STKCKD$USESV7$~SHL$OSPACE$ROPI$EBA8$MICROLIB$REQ8$PRES8$EABIv2 0x00000000   Number         0  anon$$obj.o ABSOLUTE
    __ARM_use_no_argv                        0x00000000   Number         0  main.o ABSOLUTE
    _printf_a                                0x00000000   Number         0  stubs.o ABSOLUTE
    _printf_c                                0x00000000   Number         0  stubs.o ABSOLUTE
    _printf_charcount                        0x00000000   Number         0  stubs.o ABSOLUTE
    _printf_d                                0x00000000   Number         0  stubs.o ABSOLUTE
    _printf_e                                0x00000000   Number         0  stubs.o ABSOLUTE
    _printf_f                                0x00000000   Number         0  stubs.o ABSOLUTE
    _printf_flags                            0x00000000   Number         0  stubs.o ABSOLUTE
    _printf_fp_dec                           0x00000000   Number         0  stubs.o ABSOLUTE
    _printf_fp_hex                           0x00000000   Number         0  stubs.o ABSOLUTE
    _printf_g                                0x00000000   Number         0  stubs.o ABSOLUTE
    _printf_i                                0x00000000   Number         0  stubs.o ABSOLUTE
    _printf_int_dec                          0x00000000   Number         0  stubs.o ABSOLUTE
    _printf_l                                0x00000000   Number         0  stubs.o ABSOLUTE
    _printf_lc                               0x00000000   Number         0  stubs.o ABSOLUTE
    _printf_ll                               0x00000000   Number         0  stubs.o ABSOLUTE
    _printf_lld                              0x00000000   Number         0  stubs.o ABSOLUTE
    _printf_lli                              0x00000000   Number         0  stubs.o ABSOLUTE
    _printf_llo                              0x00000000   Number         0  stubs.o ABSOLUTE
    _printf_llu                              0x00000000   Number         0  stubs.o ABSOLUTE
    _printf_llx                              0x00000000   Number         0  stubs.o ABSOLUTE
    _printf_longlong_dec                     0x00000000   Number         0  stubs.o ABSOLUTE
    _printf_longlong_hex                     0x00000000   Number         0  stubs.o ABSOLUTE
    _printf_longlong_oct                     0x00000000   Number         0  stubs.o ABSOLUTE
    _printf_ls                               0x00000000   Number         0  stubs.o ABSOLUTE
    _printf_mbtowc                           0x00000000   Number         0  stubs.o ABSOLUTE
    _printf_n                                0x00000000   Number         0  stubs.o ABSOLUTE
    _printf_o                                0x00000000   Number         0  stubs.o ABSOLUTE
    _printf_p                                0x00000000   Number         0  stubs.o ABSOLUTE
    _printf_percent                          0x00000000   Number         0  stubs.o ABSOLUTE
    _printf_pre_padding                      0x00000000   Number         0  stubs.o ABSOLUTE
    _printf_return_value                     0x00000000   Number         0  stubs.o ABSOLUTE
    _printf_s                                0x00000000   Number         0  stubs.o ABSOLUTE
    _printf_sizespec                         0x00000000   Number         0  stubs.o ABSOLUTE
    _printf_str                              0x00000000   Number         0  stubs.o ABSOLUTE
    _printf_truncate_signed                  0x00000000   Number         0  stubs.o ABSOLUTE
    _printf_truncate_unsigned                0x00000000   Number         0  stubs.o ABSOLUTE
    _printf_u                                0x00000000   Number         0  stubs.o ABSOLUTE
    _printf_wc                               0x00000000   Number         0  stubs.o ABSOLUTE
    _printf_wctomb                           0x00000000   Number         0  stubs.o ABSOLUTE
    _printf_widthprec                        0x00000000   Number         0  stubs.o ABSOLUTE
    _printf_x                                0x00000000   Number         0  stubs.o ABSOLUTE
    __cpp_initialize__aeabi_                  - Undefined Weak Reference
    __cxa_finalize                            - Undefined Weak Reference
    __decompress                              - Undefined Weak Reference
    _clock_init                               - Undefined Weak Reference
    _microlib_exit                            - Undefined Weak Reference
    __Vectors_Size                           0x00000194   Number         0  startup_stm32f401xe.o ABSOLUTE
    __Vectors                                0x08000000   Data           4  startup_stm32f401xe.o(RESET)
    __Vectors_End                            0x08000194   Data           0  startup_stm32f401xe.o(RESET)
    __main                                   0x08000195   Thumb Code     0  entry.o(.ARM.Collect$$$$00000000)
    _main_stk                                0x08000195   Thumb Code     0  entry2.o(.ARM.Collect$$$$00000001)
    _main_scatterload                        0x08000199   Thumb Code     0  entry5.o(.ARM.Collect$$$$00000004)
    __main_after_scatterload                 0x0800019d   Thumb Code     0  entry5.o(.ARM.Collect$$$$00000004)
    _main_clock                              0x0800019d   Thumb Code     0  entry7b.o(.ARM.Collect$$$$00000008)
    _main_cpp_init                           0x0800019d   Thumb Code     0  entry8b.o(.ARM.Collect$$$$0000000A)
    _main_init                               0x0800019d   Thumb Code     0  entry9a.o(.ARM.Collect$$$$0000000B)
    __rt_final_cpp                           0x080001a5   Thumb Code     0  entry10a.o(.ARM.Collect$$$$0000000D)
    __rt_final_exit                          0x080001a5   Thumb Code     0  entry11a.o(.ARM.Collect$$$$0000000F)
    SVC_Handler                              0x080001a9   Thumb Code    28  port.o(.emb_text)
    __asm___6_port_c_39a90d8d__prvStartFirstTask 0x080001c9   Thumb Code    28  port.o(.emb_text)
    __asm___6_port_c_39a90d8d__prvEnableVFP  0x080001e9   Thumb Code    16  port.o(.emb_text)
    PendSV_Handler                           0x080001fd   Thumb Code    92  port.o(.emb_text)
    vPortGetIPSR                             0x0800025d   Thumb Code     6  port.o(.emb_text)
    Reset_Handler                            0x08000265   Thumb Code     8  startup_stm32f401xe.o(.text)
    NMI_Handler                              0x0800026d   Thumb Code     2  startup_stm32f401xe.o(.text)
    HardFault_Handler                        0x0800026f   Thumb Code     2  startup_stm32f401xe.o(.text)
    MemManage_Handler                        0x08000271   Thumb Code     2  startup_stm32f401xe.o(.text)
    BusFault_Handler                         0x08000273   Thumb Code     2  startup_stm32f401xe.o(.text)
    UsageFault_Handler                       0x08000275   Thumb Code     2  startup_stm32f401xe.o(.text)
    DebugMon_Handler                         0x08000279   Thumb Code     2  startup_stm32f401xe.o(.text)
    ADC_IRQHandler                           0x0800027f   Thumb Code     0  startup_stm32f401xe.o(.text)
    DMA1_Stream0_IRQHandler                  0x0800027f   Thumb Code     0  startup_stm32f401xe.o(.text)
    DMA1_Stream1_IRQHandler                  0x0800027f   Thumb Code     0  startup_stm32f401xe.o(.text)
    DMA1_Stream2_IRQHandler                  0x0800027f   Thumb Code     0  startup_stm32f401xe.o(.text)
    DMA1_Stream3_IRQHandler                  0x0800027f   Thumb Code     0  startup_stm32f401xe.o(.text)
    DMA1_Stream4_IRQHandler                  0x0800027f   Thumb Code     0  startup_stm32f401xe.o(.text)
    DMA1_Stream5_IRQHandler                  0x0800027f   Thumb Code     0  startup_stm32f401xe.o(.text)
    DMA1_Stream6_IRQHandler                  0x0800027f   Thumb Code     0  startup_stm32f401xe.o(.text)
    DMA1_Stream7_IRQHandler                  0x0800027f   Thumb Code     0  startup_stm32f401xe.o(.text)
    DMA2_Stream1_IRQHandler                  0x0800027f   Thumb Code     0  startup_stm32f401xe.o(.text)
    DMA2_Stream2_IRQHandler                  0x0800027f   Thumb Code     0  startup_stm32f401xe.o(.text)
    DMA2_Stream4_IRQHandler                  0x0800027f   Thumb Code     0  startup_stm32f401xe.o(.text)
    DMA2_Stream5_IRQHandler                  0x0800027f   Thumb Code     0  startup_stm32f401xe.o(.text)
    DMA2_Stream6_IRQHandler                  0x0800027f   Thumb Code     0  startup_stm32f401xe.o(.text)
    DMA2_Stream7_IRQHandler                  0x0800027f   Thumb Code     0  startup_stm32f401xe.o(.text)
    EXTI0_IRQHandler                         0x0800027f   Thumb Code     0  startup_stm32f401xe.o(.text)
    EXTI15_10_IRQHandler                     0x0800027f   Thumb Code     0  startup_stm32f401xe.o(.text)
    EXTI1_IRQHandler                         0x0800027f   Thumb Code     0  startup_stm32f401xe.o(.text)
    EXTI2_IRQHandler                         0x0800027f   Thumb Code     0  startup_stm32f401xe.o(.text)
    EXTI3_IRQHandler                         0x0800027f   Thumb Code     0  startup_stm32f401xe.o(.text)
    EXTI4_IRQHandler                         0x0800027f   Thumb Code     0  startup_stm32f401xe.o(.text)
    EXTI9_5_IRQHandler                       0x0800027f   Thumb Code     0  startup_stm32f401xe.o(.text)
    FLASH_IRQHandler                         0x0800027f   Thumb Code     0  startup_stm32f401xe.o(.text)
    FPU_IRQHandler                           0x0800027f   Thumb Code     0  startup_stm32f401xe.o(.text)
    I2C1_ER_IRQHandler                       0x0800027f   Thumb Code     0  startup_stm32f401xe.o(.text)
    I2C1_EV_IRQHandler                       0x0800027f   Thumb Code     0  startup_stm32f401xe.o(.text)
    I2C2_ER_IRQHandler                       0x0800027f   Thumb Code     0  startup_stm32f401xe.o(.text)
    I2C2_EV_IRQHandler                       0x0800027f   Thumb Code     0  startup_stm32f401xe.o(.text)
    I2C3_ER_IRQHandler                       0x0800027f   Thumb Code     0  startup_stm32f401xe.o(.text)
    I2C3_EV_IRQHandler                       0x0800027f   Thumb Code     0  startup_stm32f401xe.o(.text)
    OTG_FS_IRQHandler                        0x0800027f   Thumb Code     0  startup_stm32f401xe.o(.text)
    OTG_FS_WKUP_IRQHandler                   0x0800027f   Thumb Code     0  startup_stm32f401xe.o(.text)
    PVD_IRQHandler                           0x0800027f   Thumb Code     0  startup_stm32f401xe.o(.text)
    RCC_IRQHandler                           0x0800027f   Thumb Code     0  startup_stm32f401xe.o(.text)
    RTC_Alarm_IRQHandler                     0x0800027f   Thumb Code     0  startup_stm32f401xe.o(.text)
    RTC_WKUP_IRQHandler                      0x0800027f   Thumb Code     0  startup_stm32f401xe.o(.text)
    SDIO_IRQHandler                          0x0800027f   Thumb Code     0  startup_stm32f401xe.o(.text)
    SPI1_IRQHandler                          0x0800027f   Thumb Code     0  startup_stm32f401xe.o(.text)
    SPI2_IRQHandler                          0x0800027f   Thumb Code     0  startup_stm32f401xe.o(.text)
    SPI3_IRQHandler                          0x0800027f   Thumb Code     0  startup_stm32f401xe.o(.text)
    SPI4_IRQHandler                          0x0800027f   Thumb Code     0  startup_stm32f401xe.o(.text)
    TAMP_STAMP_IRQHandler                    0x0800027f   Thumb Code     0  startup_stm32f401xe.o(.text)
    TIM1_BRK_TIM9_IRQHandler                 0x0800027f   Thumb Code     0  startup_stm32f401xe.o(.text)
    TIM1_CC_IRQHandler                       0x0800027f   Thumb Code     0  startup_stm32f401xe.o(.text)
    TIM1_TRG_COM_TIM11_IRQHandler            0x0800027f   Thumb Code     0  startup_stm32f401xe.o(.text)
    TIM2_IRQHandler                          0x0800027f   Thumb Code     0  startup_stm32f401xe.o(.text)
    TIM3_IRQHandler                          0x0800027f   Thumb Code     0  startup_stm32f401xe.o(.text)
    TIM4_IRQHandler                          0x0800027f   Thumb Code     0  startup_stm32f401xe.o(.text)
    TIM5_IRQHandler                          0x0800027f   Thumb Code     0  startup_stm32f401xe.o(.text)
    USART1_IRQHandler                        0x0800027f   Thumb Code     0  startup_stm32f401xe.o(.text)
    USART2_IRQHandler                        0x0800027f   Thumb Code     0  startup_stm32f401xe.o(.text)
    USART6_IRQHandler                        0x0800027f   Thumb Code     0  startup_stm32f401xe.o(.text)
    WWDG_IRQHandler                          0x0800027f   Thumb Code     0  startup_stm32f401xe.o(.text)
    rand                                     0x08000289   Thumb Code    20  rand.o(.text)
    srand                                    0x0800029d   Thumb Code     6  rand.o(.text)
    __aeabi_memcpy                           0x080002ad   Thumb Code    36  memcpya.o(.text)
    __aeabi_memcpy4                          0x080002ad   Thumb Code     0  memcpya.o(.text)
    __aeabi_memcpy8                          0x080002ad   Thumb Code     0  memcpya.o(.text)
    __aeabi_memset                           0x080002d1   Thumb Code    14  memseta.o(.text)
    __aeabi_memset4                          0x080002d1   Thumb Code     0  memseta.o(.text)
    __aeabi_memset8                          0x080002d1   Thumb Code     0  memseta.o(.text)
    __aeabi_memclr                           0x080002df   Thumb Code     4  memseta.o(.text)
    __aeabi_memclr4                          0x080002df   Thumb Code     0  memseta.o(.text)
    __aeabi_memclr8                          0x080002df   Thumb Code     0  memseta.o(.text)
    _memset$wrapper                          0x080002e3   Thumb Code    18  memseta.o(.text)
    __aeabi_uidiv                            0x080002f5   Thumb Code     0  uidiv.o(.text)
    __aeabi_uidivmod                         0x080002f5   Thumb Code    44  uidiv.o(.text)
    __scatterload                            0x08000321   Thumb Code    28  init.o(.text)
    __scatterload_rt2                        0x08000321   Thumb Code     0  init.o(.text)
    CS_Set                                   0x08000345   Thumb Code    18  main.o(i.CS_Set)
    Callback01                               0x0800035d   Thumb Code     2  main.o(i.Callback01)
    DC_Set                                   0x08000361   Thumb Code    20  main.o(i.DC_Set)
    DMA2_Stream0_IRQHandler                  0x08000379   Thumb Code     6  stm32f4xx_it.o(i.DMA2_Stream0_IRQHandler)
    DMA2_Stream3_IRQHandler                  0x08000385   Thumb Code     6  stm32f4xx_it.o(i.DMA2_Stream3_IRQHandler)
    HAL_DMA_IRQHandler                       0x080003b9   Thumb Code   412  stm32f4xx_hal_dma.o(i.HAL_DMA_IRQHandler)
    HAL_DMA_Init                             0x08000559   Thumb Code   116  stm32f4xx_hal_dma.o(i.HAL_DMA_Init)
    HAL_Delay                                0x080005d1   Thumb Code    22  stm32f4xx_hal.o(i.HAL_Delay)
    HAL_GPIO_Init                            0x080005e9   Thumb Code   358  stm32f4xx_hal_gpio.o(i.HAL_GPIO_Init)
    HAL_GPIO_WritePin                        0x08000771   Thumb Code    10  stm32f4xx_hal_gpio.o(i.HAL_GPIO_WritePin)
    HAL_GetTick                              0x0800077d   Thumb Code     6  stm32f4xx_hal.o(i.HAL_GetTick)
    HAL_IncTick                              0x08000789   Thumb Code    10  stm32f4xx_hal.o(i.HAL_IncTick)
    HAL_Init                                 0x08000799   Thumb Code    48  stm32f4xx_hal.o(i.HAL_Init)
    HAL_InitTick                             0x080007cd   Thumb Code    98  stm32f4xx_hal_timebase_tim.o(i.HAL_InitTick)
    HAL_MspInit                              0x08000841   Thumb Code    22  stm32f4xx_hal_msp.o(i.HAL_MspInit)
    HAL_NVIC_EnableIRQ                       0x08000857   Thumb Code    22  stm32f4xx_hal_cortex.o(i.HAL_NVIC_EnableIRQ)
    HAL_NVIC_SetPriority                     0x0800086d   Thumb Code    60  stm32f4xx_hal_cortex.o(i.HAL_NVIC_SetPriority)
    HAL_NVIC_SetPriorityGrouping             0x080008ad   Thumb Code    26  stm32f4xx_hal_cortex.o(i.HAL_NVIC_SetPriorityGrouping)
    HAL_RCC_ClockConfig                      0x080008d1   Thumb Code   312  stm32f4xx_hal_rcc.o(i.HAL_RCC_ClockConfig)
    HAL_RCC_GetClockConfig                   0x08000a11   Thumb Code    54  stm32f4xx_hal_rcc.o(i.HAL_RCC_GetClockConfig)
    HAL_RCC_GetHCLKFreq                      0x08000a51   Thumb Code    38  stm32f4xx_hal_rcc.o(i.HAL_RCC_GetHCLKFreq)
    HAL_RCC_GetPCLK1Freq                     0x08000a85   Thumb Code    36  stm32f4xx_hal_rcc.o(i.HAL_RCC_GetPCLK1Freq)
    HAL_RCC_GetPCLK2Freq                     0x08000ab1   Thumb Code    36  stm32f4xx_hal_rcc.o(i.HAL_RCC_GetPCLK2Freq)
    HAL_RCC_GetSysClockFreq                  0x08000add   Thumb Code   104  stm32f4xx_hal_rcc.o(i.HAL_RCC_GetSysClockFreq)
    HAL_RCC_OscConfig                        0x08000b4d   Thumb Code   722  stm32f4xx_hal_rcc.o(i.HAL_RCC_OscConfig)
    HAL_SPI_Init                             0x08000e31   Thumb Code   140  stm32f4xx_hal_spi.o(i.HAL_SPI_Init)
    HAL_SPI_MspInit                          0x08000ebd   Thumb Code   148  stm32f4xx_hal_msp.o(i.HAL_SPI_MspInit)
    HAL_SPI_Transmit                         0x08000f69   Thumb Code   356  stm32f4xx_hal_spi.o(i.HAL_SPI_Transmit)
    HAL_SYSTICK_CLKSourceConfig              0x080010cd   Thumb Code    24  stm32f4xx_hal_cortex.o(i.HAL_SYSTICK_CLKSourceConfig)
    HAL_SYSTICK_Config                       0x080010e5   Thumb Code    40  stm32f4xx_hal_cortex.o(i.HAL_SYSTICK_Config)
    HAL_TIMEx_BreakCallback                  0x0800110d   Thumb Code     2  stm32f4xx_hal_tim_ex.o(i.HAL_TIMEx_BreakCallback)
    HAL_TIMEx_CommutationCallback            0x0800110f   Thumb Code     2  stm32f4xx_hal_tim_ex.o(i.HAL_TIMEx_CommutationCallback)
    HAL_TIM_Base_Init                        0x08001111   Thumb Code    54  stm32f4xx_hal_tim.o(i.HAL_TIM_Base_Init)
    HAL_TIM_Base_MspInit                     0x08001147   Thumb Code     2  stm32f4xx_hal_tim.o(i.HAL_TIM_Base_MspInit)
    HAL_TIM_Base_Start_IT                    0x08001149   Thumb Code    24  stm32f4xx_hal_tim.o(i.HAL_TIM_Base_Start_IT)
    HAL_TIM_IC_CaptureCallback               0x08001161   Thumb Code     2  stm32f4xx_hal_tim.o(i.HAL_TIM_IC_CaptureCallback)
    HAL_TIM_IRQHandler                       0x08001163   Thumb Code   358  stm32f4xx_hal_tim.o(i.HAL_TIM_IRQHandler)
    HAL_TIM_OC_DelayElapsedCallback          0x080012c9   Thumb Code     2  stm32f4xx_hal_tim.o(i.HAL_TIM_OC_DelayElapsedCallback)
    HAL_TIM_PWM_PulseFinishedCallback        0x080012cb   Thumb Code     2  stm32f4xx_hal_tim.o(i.HAL_TIM_PWM_PulseFinishedCallback)
    HAL_TIM_PeriodElapsedCallback            0x080012cd   Thumb Code     4  stm32f4xx_hal_timebase_tim.o(i.HAL_TIM_PeriodElapsedCallback)
    HAL_TIM_TriggerCallback                  0x080012d1   Thumb Code     2  stm32f4xx_hal_tim.o(i.HAL_TIM_TriggerCallback)
    HAL_UART_Init                            0x080012d3   Thumb Code    98  stm32f4xx_hal_uart.o(i.HAL_UART_Init)
    HAL_UART_MspInit                         0x08001335   Thumb Code    60  stm32f4xx_hal_msp.o(i.HAL_UART_MspInit)
    HAL_UART_Transmit                        0x0800137d   Thumb Code   170  stm32f4xx_hal_uart.o(i.HAL_UART_Transmit)
    ILI9341_SetCursorPosition                0x08001427   Thumb Code    76  main.o(i.ILI9341_SetCursorPosition)
    LCD_IO_Init                              0x08001475   Thumb Code    56  main.o(i.LCD_IO_Init)
    LCD_IO_WriteData                         0x080014b5   Thumb Code    30  main.o(i.LCD_IO_WriteData)
    LCD_IO_WriteReg                          0x080014d9   Thumb Code    36  main.o(i.LCD_IO_WriteReg)
    StartDefaultTask                         0x080016dd   Thumb Code    26  main.o(i.StartDefaultTask)
    StartTask02                              0x08001711   Thumb Code   152  main.o(i.StartTask02)
    SysTick_Handler                          0x080017c9   Thumb Code     4  stm32f4xx_it.o(i.SysTick_Handler)
    SystemClock_Config                       0x080017cd   Thumb Code   142  main.o(i.SystemClock_Config)
    SystemInit                               0x08001865   Thumb Code    66  system_stm32f4xx.o(i.SystemInit)
    TIM1_UP_TIM10_IRQHandler                 0x080018b9   Thumb Code     6  stm32f4xx_it.o(i.TIM1_UP_TIM10_IRQHandler)
    TIM_Base_SetConfig                       0x080018c5   Thumb Code   114  stm32f4xx_hal_tim.o(i.TIM_Base_SetConfig)
    TM_ILI9341_INT_Fill                      0x08001955   Thumb Code    64  main.o(i.TM_ILI9341_INT_Fill)
    __0printf$1                              0x08001cdd   Thumb Code    22  printf1.o(i.__0printf$1)
    __1printf$1                              0x08001cdd   Thumb Code     0  printf1.o(i.__0printf$1)
    __2printf                                0x08001cdd   Thumb Code     0  printf1.o(i.__0printf$1)
    __scatterload_copy                       0x08001cfd   Thumb Code    14  handlers.o(i.__scatterload_copy)
    __scatterload_null                       0x08001d0b   Thumb Code     2  handlers.o(i.__scatterload_null)
    __scatterload_zeroinit                   0x08001d0d   Thumb Code    14  handlers.o(i.__scatterload_zeroinit)
    fputc                                    0x08001e71   Thumb Code    20  main.o(i.fputc)
    ili9341_DisplayOn                        0x08001e89   Thumb Code    10  ili9341.o(i.ili9341_DisplayOn)
    ili9341_DrawHLine                        0x08001e93   Thumb Code    56  main.o(i.ili9341_DrawHLine)
    ili9341_DrawPixel                        0x08001ecd   Thumb Code    32  main.o(i.ili9341_DrawPixel)
    ili9341_DrawVLine                        0x08001ef1   Thumb Code    54  main.o(i.ili9341_DrawVLine)
    ili9341_Fill                             0x08001f29   Thumb Code    26  main.o(i.ili9341_Fill)
    ili9341_Init                             0x08001f49   Thumb Code   592  ili9341.o(i.ili9341_Init)
    ili9341_Rotate                           0x08002199   Thumb Code    76  main.o(i.ili9341_Rotate)
    ili9341_WriteData                        0x080021e9   Thumb Code     8  ili9341.o(i.ili9341_WriteData)
    ili9341_WriteReg                         0x080021f1   Thumb Code     8  ili9341.o(i.ili9341_WriteReg)
    main                                     0x080021f9   Thumb Code   210  main.o(i.main)
    osDelay                                  0x080022ed   Thumb Code    14  cmsis_os.o(i.osDelay)
    osKernelStart                            0x080022fb   Thumb Code    10  cmsis_os.o(i.osKernelStart)
    osSystickHandler                         0x08002305   Thumb Code    20  cmsis_os.o(i.osSystickHandler)
    osThreadCreate                           0x08002319   Thumb Code    56  cmsis_os.o(i.osThreadCreate)
    osTimerCreate                            0x08002351   Thumb Code    30  cmsis_os.o(i.osTimerCreate)
    pvPortMalloc                             0x080028b1   Thumb Code   210  heap_4.o(i.pvPortMalloc)
    pvTaskIncrementMutexHeldCount            0x08002989   Thumb Code    18  tasks.o(i.pvTaskIncrementMutexHeldCount)
    pxPortInitialiseStack                    0x080029a1   Thumb Code    36  port.o(i.pxPortInitialiseStack)
    uxListRemove                             0x080029c9   Thumb Code    36  list.o(i.uxListRemove)
    vListInitialise                          0x080029ed   Thumb Code    22  list.o(i.vListInitialise)
    vListInitialiseItem                      0x08002a03   Thumb Code     6  list.o(i.vListInitialiseItem)
    vListInsert                              0x08002a09   Thumb Code    48  list.o(i.vListInsert)
    vListInsertEnd                           0x08002a39   Thumb Code    24  list.o(i.vListInsertEnd)
    vPortEnterCritical                       0x08002a51   Thumb Code    54  port.o(i.vPortEnterCritical)
    vPortExitCritical                        0x08002a91   Thumb Code    34  port.o(i.vPortExitCritical)
    vPortFree                                0x08002ab9   Thumb Code    88  heap_4.o(i.vPortFree)
    vPortSetupTimerInterrupt                 0x08002b15   Thumb Code    26  port.o(i.vPortSetupTimerInterrupt)
    vPortValidateInterruptPriority           0x08002b35   Thumb Code    74  port.o(i.vPortValidateInterruptPriority)
    vQueueAddToRegistry                      0x08002b89   Thumb Code    34  queue.o(i.vQueueAddToRegistry)
    vQueueWaitForMessageRestricted           0x08002bb1   Thumb Code    56  queue.o(i.vQueueWaitForMessageRestricted)
    vTaskDelay                               0x08002be9   Thumb Code    94  tasks.o(i.vTaskDelay)
    vTaskMissedYield                         0x08002c51   Thumb Code     8  tasks.o(i.vTaskMissedYield)
    vTaskPlaceOnEventList                    0x08002c5d   Thumb Code    90  tasks.o(i.vTaskPlaceOnEventList)
    vTaskPlaceOnEventListRestricted          0x08002cc1   Thumb Code    72  tasks.o(i.vTaskPlaceOnEventListRestricted)
    vTaskPriorityInherit                     0x08002d0d   Thumb Code   124  tasks.o(i.vTaskPriorityInherit)
    vTaskSetTimeOutState                     0x08002d91   Thumb Code    30  tasks.o(i.vTaskSetTimeOutState)
    vTaskStartScheduler                      0x08002db5   Thumb Code    88  tasks.o(i.vTaskStartScheduler)
    vTaskSuspendAll                          0x08002e1d   Thumb Code    10  tasks.o(i.vTaskSuspendAll)
    vTaskSwitchContext                       0x08002e2d   Thumb Code    82  tasks.o(i.vTaskSwitchContext)
    xPortStartScheduler                      0x08002e89   Thumb Code   202  port.o(i.xPortStartScheduler)
    xPortSysTickHandler                      0x08002f69   Thumb Code    38  port.o(i.xPortSysTickHandler)
    xQueueGenericCreate                      0x08002f95   Thumb Code   100  queue.o(i.xQueueGenericCreate)
    xQueueGenericReceive                     0x08002ff9   Thumb Code   358  queue.o(i.xQueueGenericReceive)
    xQueueGenericReset                       0x08003165   Thumb Code   126  queue.o(i.xQueueGenericReset)
    xQueueGenericSend                        0x080031e9   Thumb Code   348  queue.o(i.xQueueGenericSend)
    xQueueGenericSendFromISR                 0x08003349   Thumb Code   182  queue.o(i.xQueueGenericSendFromISR)
    xTaskCheckForTimeOut                     0x08003401   Thumb Code   102  tasks.o(i.xTaskCheckForTimeOut)
    xTaskGenericCreate                       0x0800346d   Thumb Code   430  tasks.o(i.xTaskGenericCreate)
    xTaskGetSchedulerState                   0x08003629   Thumb Code    22  tasks.o(i.xTaskGetSchedulerState)
    xTaskGetTickCount                        0x08003645   Thumb Code     6  tasks.o(i.xTaskGetTickCount)
    xTaskIncrementTick                       0x08003651   Thumb Code   194  tasks.o(i.xTaskIncrementTick)
    xTaskPriorityDisinherit                  0x0800371d   Thumb Code   144  tasks.o(i.xTaskPriorityDisinherit)
    xTaskRemoveFromEventList                 0x080037b5   Thumb Code   108  tasks.o(i.xTaskRemoveFromEventList)
    xTaskResumeAll                           0x08003829   Thumb Code   182  tasks.o(i.xTaskResumeAll)
    xTimerCreate                             0x080038ed   Thumb Code    72  timers.o(i.xTimerCreate)
    xTimerCreateTimerTask                    0x08003935   Thumb Code    60  timers.o(i.xTimerCreateTimerTask)
    xTimerGenericCommand                     0x08003981   Thumb Code    68  timers.o(i.xTimerGenericCommand)
    APBAHBPrescTable                         0x080039c8   Data          16  stm32f4xx_hal_rcc.o(.constdata)
    Region$$Table$$Base                      0x08003a24   Number         0  anon$$obj.o(Region$$Table)
    Region$$Table$$Limit                     0x08003a44   Number         0  anon$$obj.o(Region$$Table)
    uwTick                                   0x20000000   Data           4  stm32f4xx_hal.o(.data)
    SystemCoreClock                          0x20000004   Data           4  system_stm32f4xx.o(.data)
    counter                                  0x20000008   Data           1  main.o(.data)
    ILI9341_x                                0x2000000a   Data           2  main.o(.data)
    ILI9341_y                                0x2000000c   Data           2  main.o(.data)
    defaultTaskHandle                        0x20000014   Data           4  main.o(.data)
    myTaskSPIHandle                          0x20000018   Data           4  main.o(.data)
    myTimer01Handle                          0x2000001c   Data           4  main.o(.data)
    TxBuff                                   0x20000020   Data           4  main.o(.data)
    ILI9341_Opts                             0x20000024   Data           6  main.o(.data)
    pxCurrentTCB                             0x20000060   Data           4  tasks.o(.data)
    __stdout                                 0x2000009c   Data           4  stdout.o(.data)
    hspi1                                    0x200000a0   Data          88  main.o(.bss)
    huart2                                   0x200000f8   Data          64  main.o(.bss)
    hdma_spi1_tx                             0x20000138   Data          88  main.o(.bss)
    hdma_spi1_rx                             0x20000190   Data          88  main.o(.bss)
    htim10                                   0x200001e8   Data          60  stm32f4xx_hal_timebase_tim.o(.bss)
    xQueueRegistry                           0x20003e4c   Data          64  queue.o(.bss)
    __initial_sp                             0x20004180   Data           0  startup_stm32f401xe.o(STACK)



==============================================================================

Memory Map of the image

  Image Entry point : 0x08000195

  Load Region LR_IROM1 (Base: 0x08000000, Size: 0x00003ae4, Max: 0x00080000, ABSOLUTE)

    Execution Region ER_IROM1 (Base: 0x08000000, Size: 0x00003a44, Max: 0x00080000, ABSOLUTE)

    Base Addr    Size         Type   Attr      Idx    E Section Name        Object

    0x08000000   0x00000194   Data   RO         3072    RESET               startup_stm32f401xe.o
    0x08000194   0x00000000   Code   RO         4220  * .ARM.Collect$$$$00000000  mc_w.l(entry.o)
    0x08000194   0x00000004   Code   RO         4493    .ARM.Collect$$$$00000001  mc_w.l(entry2.o)
    0x08000198   0x00000004   Code   RO         4496    .ARM.Collect$$$$00000004  mc_w.l(entry5.o)
    0x0800019c   0x00000000   Code   RO         4498    .ARM.Collect$$$$00000008  mc_w.l(entry7b.o)
    0x0800019c   0x00000000   Code   RO         4500    .ARM.Collect$$$$0000000A  mc_w.l(entry8b.o)
    0x0800019c   0x00000008   Code   RO         4501    .ARM.Collect$$$$0000000B  mc_w.l(entry9a.o)
    0x080001a4   0x00000000   Code   RO         4503    .ARM.Collect$$$$0000000D  mc_w.l(entry10a.o)
    0x080001a4   0x00000000   Code   RO         4505    .ARM.Collect$$$$0000000F  mc_w.l(entry11a.o)
    0x080001a4   0x00000004   Code   RO         4494    .ARM.Collect$$$$00002712  mc_w.l(entry2.o)
    0x080001a8   0x000000ba   Code   RO         3666    .emb_text           port.o
    0x08000262   0x00000002   PAD
    0x08000264   0x00000024   Code   RO         3073    .text               startup_stm32f401xe.o
    0x08000288   0x00000024   Code   RO         4223    .text               mc_w.l(rand.o)
    0x080002ac   0x00000024   Code   RO         4226    .text               mc_w.l(memcpya.o)
    0x080002d0   0x00000024   Code   RO         4228    .text               mc_w.l(memseta.o)
    0x080002f4   0x0000002c   Code   RO         4508    .text               mc_w.l(uidiv.o)
    0x08000320   0x00000024   Code   RO         4523    .text               mc_w.l(init.o)
    0x08000344   0x00000018   Code   RO         2695    i.CS_Set            main.o
    0x0800035c   0x00000002   Code   RO         2696    i.Callback01        main.o
    0x0800035e   0x00000002   PAD
    0x08000360   0x00000018   Code   RO         2697    i.DC_Set            main.o
    0x08000378   0x0000000c   Code   RO         2601    i.DMA2_Stream0_IRQHandler  stm32f4xx_it.o
    0x08000384   0x0000000c   Code   RO         2602    i.DMA2_Stream3_IRQHandler  stm32f4xx_it.o
    0x08000390   0x00000028   Code   RO         2481    i.DMA_CalcBaseAndBitshift  stm32f4xx_hal_dma.o
    0x080003b8   0x000001a0   Code   RO         2487    i.HAL_DMA_IRQHandler  stm32f4xx_hal_dma.o
    0x08000558   0x00000078   Code   RO         2488    i.HAL_DMA_Init      stm32f4xx_hal_dma.o
    0x080005d0   0x00000016   Code   RO         1939    i.HAL_Delay         stm32f4xx_hal.o
    0x080005e6   0x00000002   PAD
    0x080005e8   0x00000188   Code   RO         1036    i.HAL_GPIO_Init     stm32f4xx_hal_gpio.o
    0x08000770   0x0000000a   Code   RO         1040    i.HAL_GPIO_WritePin  stm32f4xx_hal_gpio.o
    0x0800077a   0x00000002   PAD
    0x0800077c   0x0000000c   Code   RO         1945    i.HAL_GetTick       stm32f4xx_hal.o
    0x08000788   0x00000010   Code   RO         1946    i.HAL_IncTick       stm32f4xx_hal.o
    0x08000798   0x00000034   Code   RO         1947    i.HAL_Init          stm32f4xx_hal.o
    0x080007cc   0x00000074   Code   RO         2920    i.HAL_InitTick      stm32f4xx_hal_timebase_tim.o
    0x08000840   0x00000016   Code   RO         2855    i.HAL_MspInit       stm32f4xx_hal_msp.o
    0x08000856   0x00000016   Code   RO         2100    i.HAL_NVIC_EnableIRQ  stm32f4xx_hal_cortex.o
    0x0800086c   0x00000040   Code   RO         2106    i.HAL_NVIC_SetPriority  stm32f4xx_hal_cortex.o
    0x080008ac   0x00000024   Code   RO         2107    i.HAL_NVIC_SetPriorityGrouping  stm32f4xx_hal_cortex.o
    0x080008d0   0x00000140   Code   RO         2359    i.HAL_RCC_ClockConfig  stm32f4xx_hal_rcc.o
    0x08000a10   0x00000040   Code   RO         2363    i.HAL_RCC_GetClockConfig  stm32f4xx_hal_rcc.o
    0x08000a50   0x00000034   Code   RO         2364    i.HAL_RCC_GetHCLKFreq  stm32f4xx_hal_rcc.o
    0x08000a84   0x0000002c   Code   RO         2366    i.HAL_RCC_GetPCLK1Freq  stm32f4xx_hal_rcc.o
    0x08000ab0   0x0000002c   Code   RO         2367    i.HAL_RCC_GetPCLK2Freq  stm32f4xx_hal_rcc.o
    0x08000adc   0x00000070   Code   RO         2368    i.HAL_RCC_GetSysClockFreq  stm32f4xx_hal_rcc.o
    0x08000b4c   0x000002e4   Code   RO         2371    i.HAL_RCC_OscConfig  stm32f4xx_hal_rcc.o
    0x08000e30   0x0000008c   Code   RO          386    i.HAL_SPI_Init      stm32f4xx_hal_spi.o
    0x08000ebc   0x000000ac   Code   RO         2857    i.HAL_SPI_MspInit   stm32f4xx_hal_msp.o
    0x08000f68   0x00000164   Code   RO          394    i.HAL_SPI_Transmit  stm32f4xx_hal_spi.o
    0x080010cc   0x00000018   Code   RO         2109    i.HAL_SYSTICK_CLKSourceConfig  stm32f4xx_hal_cortex.o
    0x080010e4   0x00000028   Code   RO         2111    i.HAL_SYSTICK_Config  stm32f4xx_hal_cortex.o
    0x0800110c   0x00000002   Code   RO            4    i.HAL_TIMEx_BreakCallback  stm32f4xx_hal_tim_ex.o
    0x0800110e   0x00000002   Code   RO            5    i.HAL_TIMEx_CommutationCallback  stm32f4xx_hal_tim_ex.o
    0x08001110   0x00000036   Code   RO         1101    i.HAL_TIM_Base_Init  stm32f4xx_hal_tim.o
    0x08001146   0x00000002   Code   RO         1103    i.HAL_TIM_Base_MspInit  stm32f4xx_hal_tim.o
    0x08001148   0x00000018   Code   RO         1106    i.HAL_TIM_Base_Start_IT  stm32f4xx_hal_tim.o
    0x08001160   0x00000002   Code   RO         1130    i.HAL_TIM_IC_CaptureCallback  stm32f4xx_hal_tim.o
    0x08001162   0x00000166   Code   RO         1143    i.HAL_TIM_IRQHandler  stm32f4xx_hal_tim.o
    0x080012c8   0x00000002   Code   RO         1146    i.HAL_TIM_OC_DelayElapsedCallback  stm32f4xx_hal_tim.o
    0x080012ca   0x00000002   Code   RO         1173    i.HAL_TIM_PWM_PulseFinishedCallback  stm32f4xx_hal_tim.o
    0x080012cc   0x00000004   Code   RO         2923    i.HAL_TIM_PeriodElapsedCallback  stm32f4xx_hal_timebase_tim.o
    0x080012d0   0x00000002   Code   RO         1184    i.HAL_TIM_TriggerCallback  stm32f4xx_hal_tim.o
    0x080012d2   0x00000062   Code   RO          734    i.HAL_UART_Init     stm32f4xx_hal_uart.o
    0x08001334   0x00000048   Code   RO         2859    i.HAL_UART_MspInit  stm32f4xx_hal_msp.o
    0x0800137c   0x000000aa   Code   RO          742    i.HAL_UART_Transmit  stm32f4xx_hal_uart.o
    0x08001426   0x0000004c   Code   RO         2698    i.ILI9341_SetCursorPosition  main.o
    0x08001472   0x00000002   PAD
    0x08001474   0x00000040   Code   RO         2699    i.LCD_IO_Init       main.o
    0x080014b4   0x00000024   Code   RO         2701    i.LCD_IO_WriteData  main.o
    0x080014d8   0x00000028   Code   RO         2702    i.LCD_IO_WriteReg   main.o
    0x08001500   0x000000dc   Code   RO         2703    i.MX_GPIO_Init      main.o
    0x080015dc   0x00000034   Code   RO         2704    i.MX_SPI1_Init      main.o
    0x08001610   0x00000020   Code   RO         2113    i.NVIC_SetPriority  stm32f4xx_hal_cortex.o
    0x08001630   0x00000020   Code   RO          410    i.SPI_CheckFlag_BSY  stm32f4xx_hal_spi.o
    0x08001650   0x0000008c   Code   RO          428    i.SPI_WaitFlagStateUntilTimeout  stm32f4xx_hal_spi.o
    0x080016dc   0x00000034   Code   RO         2706    i.StartDefaultTask  main.o
    0x08001710   0x000000b8   Code   RO         2707    i.StartTask02       main.o
    0x080017c8   0x00000004   Code   RO         2603    i.SysTick_Handler   stm32f4xx_it.o
    0x080017cc   0x00000098   Code   RO         2708    i.SystemClock_Config  main.o
    0x08001864   0x00000054   Code   RO         2565    i.SystemInit        system_stm32f4xx.o
    0x080018b8   0x0000000c   Code   RO         2604    i.TIM1_UP_TIM10_IRQHandler  stm32f4xx_it.o
    0x080018c4   0x00000090   Code   RO         1185    i.TIM_Base_SetConfig  stm32f4xx_hal_tim.o
    0x08001954   0x00000044   Code   RO         2709    i.TM_ILI9341_INT_Fill  main.o
    0x08001998   0x000002ac   Code   RO          753    i.UART_SetConfig    stm32f4xx_hal_uart.o
    0x08001c44   0x00000096   Code   RO          755    i.UART_WaitOnFlagUntilTimeout  stm32f4xx_hal_uart.o
    0x08001cda   0x00000002   PAD
    0x08001cdc   0x00000020   Code   RO         4277    i.__0printf$1       mc_w.l(printf1.o)
    0x08001cfc   0x0000000e   Code   RO         4535    i.__scatterload_copy  mc_w.l(handlers.o)
    0x08001d0a   0x00000002   Code   RO         4536    i.__scatterload_null  mc_w.l(handlers.o)
    0x08001d0c   0x0000000e   Code   RO         4537    i.__scatterload_zeroinit  mc_w.l(handlers.o)
    0x08001d1a   0x00000002   PAD
    0x08001d1c   0x00000154   Code   RO         4284    i._printf_core      mc_w.l(printf1.o)
    0x08001e70   0x00000018   Code   RO         2710    i.fputc             main.o
    0x08001e88   0x0000000a   Code   RO         2972    i.ili9341_DisplayOn  ili9341.o
    0x08001e92   0x00000038   Code   RO         2711    i.ili9341_DrawHLine  main.o
    0x08001eca   0x00000002   PAD
    0x08001ecc   0x00000024   Code   RO         2712    i.ili9341_DrawPixel  main.o
    0x08001ef0   0x00000036   Code   RO         2713    i.ili9341_DrawVLine  main.o
    0x08001f26   0x00000002   PAD
    0x08001f28   0x00000020   Code   RO         2714    i.ili9341_Fill      main.o
    0x08001f48   0x00000250   Code   RO         2975    i.ili9341_Init      ili9341.o
    0x08002198   0x00000050   Code   RO         2715    i.ili9341_Rotate    main.o
    0x080021e8   0x00000008   Code   RO         2978    i.ili9341_WriteData  ili9341.o
    0x080021f0   0x00000008   Code   RO         2979    i.ili9341_WriteReg  ili9341.o
    0x080021f8   0x000000e8   Code   RO         2716    i.main              main.o
    0x080022e0   0x0000000c   Code   RO         3326    i.makeFreeRtosPriority  cmsis_os.o
    0x080022ec   0x0000000e   Code   RO         3327    i.osDelay           cmsis_os.o
    0x080022fa   0x0000000a   Code   RO         3330    i.osKernelStart     cmsis_os.o
    0x08002304   0x00000014   Code   RO         3359    i.osSystickHandler  cmsis_os.o
    0x08002318   0x00000038   Code   RO         3360    i.osThreadCreate    cmsis_os.o
    0x08002350   0x00000024   Code   RO         3371    i.osTimerCreate     cmsis_os.o
    0x08002374   0x00000034   Code   RO         3938    i.prvAddCurrentTaskToDelayedList  tasks.o
    0x080023a8   0x00000060   Code   RO         3078    i.prvCheckForValidListAndQueue  timers.o
    0x08002408   0x00000054   Code   RO         3939    i.prvCheckTasksWaitingTermination  tasks.o
    0x0800245c   0x00000026   Code   RO         3731    i.prvCopyDataFromQueue  queue.o
    0x08002482   0x0000006e   Code   RO         3732    i.prvCopyDataToQueue  queue.o
    0x080024f0   0x0000004c   Code   RO         3273    i.prvHeapInit       heap_4.o
    0x0800253c   0x00000028   Code   RO         3940    i.prvIdleTask       tasks.o
    0x08002564   0x0000004c   Code   RO         3274    i.prvInsertBlockIntoFreeList  heap_4.o
    0x080025b0   0x00000038   Code   RO         3079    i.prvInsertTimerInActiveList  timers.o
    0x080025e8   0x000000bc   Code   RO         3080    i.prvProcessReceivedCommands  timers.o
    0x080026a4   0x000000a8   Code   RO         3081    i.prvProcessTimerOrBlockTask  timers.o
    0x0800274c   0x00000020   Code   RO         3942    i.prvResetNextTaskUnblockTime  tasks.o
    0x0800276c   0x00000028   Code   RO         3082    i.prvSampleTimeNow  timers.o
    0x08002794   0x0000006c   Code   RO         3083    i.prvSwitchTimerLists  timers.o
    0x08002800   0x00000028   Code   RO         3667    i.prvTaskExitError  port.o
    0x08002828   0x00000024   Code   RO         3084    i.prvTimerTask      timers.o
    0x0800284c   0x00000064   Code   RO         3733    i.prvUnlockQueue    queue.o
    0x080028b0   0x000000d8   Code   RO         3275    i.pvPortMalloc      heap_4.o
    0x08002988   0x00000018   Code   RO         3944    i.pvTaskIncrementMutexHeldCount  tasks.o
    0x080029a0   0x00000028   Code   RO         3668    i.pxPortInitialiseStack  port.o
    0x080029c8   0x00000024   Code   RO         3902    i.uxListRemove      list.o
    0x080029ec   0x00000016   Code   RO         3903    i.vListInitialise   list.o
    0x08002a02   0x00000006   Code   RO         3904    i.vListInitialiseItem  list.o
    0x08002a08   0x00000030   Code   RO         3905    i.vListInsert       list.o
    0x08002a38   0x00000018   Code   RO         3906    i.vListInsertEnd    list.o
    0x08002a50   0x00000040   Code   RO         3670    i.vPortEnterCritical  port.o
    0x08002a90   0x00000028   Code   RO         3671    i.vPortExitCritical  port.o
    0x08002ab8   0x0000005c   Code   RO         3276    i.vPortFree         heap_4.o
    0x08002b14   0x00000020   Code   RO         3672    i.vPortSetupTimerInterrupt  port.o
    0x08002b34   0x00000054   Code   RO         3673    i.vPortValidateInterruptPriority  port.o
    0x08002b88   0x00000028   Code   RO         3739    i.vQueueAddToRegistry  queue.o
    0x08002bb0   0x00000038   Code   RO         3743    i.vQueueWaitForMessageRestricted  queue.o
    0x08002be8   0x00000068   Code   RO         3952    i.vTaskDelay        tasks.o
    0x08002c50   0x0000000c   Code   RO         3955    i.vTaskMissedYield  tasks.o
    0x08002c5c   0x00000064   Code   RO         3957    i.vTaskPlaceOnEventList  tasks.o
    0x08002cc0   0x0000004c   Code   RO         3958    i.vTaskPlaceOnEventListRestricted  tasks.o
    0x08002d0c   0x00000084   Code   RO         3960    i.vTaskPriorityInherit  tasks.o
    0x08002d90   0x00000024   Code   RO         3964    i.vTaskSetTimeOutState  tasks.o
    0x08002db4   0x00000068   Code   RO         3965    i.vTaskStartScheduler  tasks.o
    0x08002e1c   0x00000010   Code   RO         3967    i.vTaskSuspendAll   tasks.o
    0x08002e2c   0x0000005c   Code   RO         3968    i.vTaskSwitchContext  tasks.o
    0x08002e88   0x000000e0   Code   RO         3674    i.xPortStartScheduler  port.o
    0x08002f68   0x0000002c   Code   RO         3675    i.xPortSysTickHandler  port.o
    0x08002f94   0x00000064   Code   RO         3746    i.xQueueGenericCreate  queue.o
    0x08002ff8   0x0000016c   Code   RO         3747    i.xQueueGenericReceive  queue.o
    0x08003164   0x00000084   Code   RO         3748    i.xQueueGenericReset  queue.o
    0x080031e8   0x00000160   Code   RO         3749    i.xQueueGenericSend  queue.o
    0x08003348   0x000000b6   Code   RO         3750    i.xQueueGenericSendFromISR  queue.o
    0x080033fe   0x00000002   PAD
    0x08003400   0x0000006c   Code   RO         3969    i.xTaskCheckForTimeOut  tasks.o
    0x0800346c   0x000001bc   Code   RO         3970    i.xTaskGenericCreate  tasks.o
    0x08003628   0x0000001c   Code   RO         3973    i.xTaskGetSchedulerState  tasks.o
    0x08003644   0x0000000c   Code   RO         3974    i.xTaskGetTickCount  tasks.o
    0x08003650   0x000000cc   Code   RO         3976    i.xTaskIncrementTick  tasks.o
    0x0800371c   0x00000098   Code   RO         3979    i.xTaskPriorityDisinherit  tasks.o
    0x080037b4   0x00000074   Code   RO         3980    i.xTaskRemoveFromEventList  tasks.o
    0x08003828   0x000000c4   Code   RO         3982    i.xTaskResumeAll    tasks.o
    0x080038ec   0x00000048   Code   RO         3087    i.xTimerCreate      timers.o
    0x08003934   0x0000004c   Code   RO         3088    i.xTimerCreateTimerTask  timers.o
    0x08003980   0x00000048   Code   RO         3089    i.xTimerGenericCommand  timers.o
    0x080039c8   0x00000010   Data   RO         2372    .constdata          stm32f4xx_hal_rcc.o
    0x080039d8   0x00000008   Data   RO         2492    .constdata          stm32f4xx_hal_dma.o
    0x080039e0   0x0000002c   Data   RO         2720    .constdata          main.o
    0x08003a0c   0x00000018   Data   RO         2721    .conststring        main.o
    0x08003a24   0x00000020   Data   RO         4533    Region$$Table       anon$$obj.o


    Execution Region RW_IRAM1 (Base: 0x20000000, Size: 0x00004180, Max: 0x00018000, ABSOLUTE)

    Base Addr    Size         Type   Attr      Idx    E Section Name        Object

    0x20000000   0x00000004   Data   RW         1953    .data               stm32f4xx_hal.o
    0x20000004   0x00000004   Data   RW         2567    .data               system_stm32f4xx.o
    0x20000008   0x00000022   Data   RW         2723    .data               main.o
    0x2000002a   0x00000002   PAD
    0x2000002c   0x00000010   Data   RW         3092    .data               timers.o
    0x2000003c   0x00000018   Data   RW         3281    .data               heap_4.o
    0x20000054   0x0000000c   Data   RW         3676    .data               port.o
    0x20000060   0x00000038   Data   RW         3985    .data               tasks.o
    0x20000098   0x00000004   Data   RW         4224    .data               mc_w.l(rand.o)
    0x2000009c   0x00000004   Data   RW         4507    .data               mc_w.l(stdout.o)
    0x200000a0   0x00000098   Zero   RW         2717    .bss                main.o
    0x20000138   0x00000058   Zero   RW         2718    .bss                main.o
    0x20000190   0x00000058   Zero   RW         2719    .bss                main.o
    0x200001e8   0x0000003c   Zero   RW         2924    .bss                stm32f4xx_hal_timebase_tim.o
    0x20000224   0x00000028   Zero   RW         3091    .bss                timers.o
    0x2000024c   0x00003c00   Zero   RW         3280    .bss                heap_4.o
    0x20003e4c   0x00000040   Zero   RW         3758    .bss                queue.o
    0x20003e8c   0x000000f0   Zero   RW         3984    .bss                tasks.o
    0x20003f7c   0x00000004   PAD
    0x20003f80   0x00000200   Zero   RW         3070    STACK               startup_stm32f401xe.o


==============================================================================

Image component sizes


      Code (inc. data)   RO Data    RW Data    ZI Data      Debug   Object Name

       148          6          0          0          0      13796   cmsis_os.o
         0          0          0          0          0       7848   event_groups.o
       460         24          0         24      15360       4683   heap_4.o
       618          0          0          0          0       2796   ili9341.o
       136          0          0          0          0       3382   list.o
      1508        170         68         34        328      12836   main.o
       754         84          0         12          0       9121   port.o
      1474         22          0          0         64      12673   queue.o
        36          8        404          0        512        792   startup_stm32f401xe.o
       102         16          0          4          0       3508   stm32f4xx_hal.o
       218         14          0          0          0      30845   stm32f4xx_hal_cortex.o
       576         14          8          0          0       2888   stm32f4xx_hal_dma.o
       402         34          0          0          0       2436   stm32f4xx_hal_gpio.o
       266         36          0          0          0       2215   stm32f4xx_hal_msp.o
      1376         74         16          0          0       6376   stm32f4xx_hal_rcc.o
       668          0          0          0          0       3946   stm32f4xx_hal_spi.o
       590         30          0          0          0       6854   stm32f4xx_hal_tim.o
         4          0          0          0          0     250318   stm32f4xx_hal_tim_ex.o
       120         18          0          0         60       1909   stm32f4xx_hal_timebase_tim.o
      1102          8          0          0          0       3964   stm32f4xx_hal_uart.o
        40         18          0          0          0      22017   stm32f4xx_it.o
        84         18          0          4          0       1305   system_stm32f4xx.o
      2164        180          0         56        240      21794   tasks.o
       912         82          0         16         40      16826   timers.o

    ----------------------------------------------------------------------
     13776        856        528        152      16608     445128   Object Totals
         0          0         32          0          0          0   (incl. Generated)
        18          0          0          2          4          0   (incl. Padding)

    ----------------------------------------------------------------------

      Code (inc. data)   RO Data    RW Data    ZI Data      Debug   Library Member Name

         0          0          0          0          0          0   entry.o
         0          0          0          0          0          0   entry10a.o
         0          0          0          0          0          0   entry11a.o
         8          4          0          0          0          0   entry2.o
         4          0          0          0          0          0   entry5.o
         0          0          0          0          0          0   entry7b.o
         0          0          0          0          0          0   entry8b.o
         8          4          0          0          0          0   entry9a.o
        30          0          0          0          0          0   handlers.o
        36          8          0          0          0         68   init.o
        36          0          0          0          0         68   memcpya.o
        36          0          0          0          0        108   memseta.o
       372         14          0          0          0        184   printf1.o
        36         10          0          4          0        136   rand.o
         0          0          0          4          0          0   stdout.o
        44          0          0          0          0         80   uidiv.o

    ----------------------------------------------------------------------
       612         40          0          8          0        644   Library Totals
         2          0          0          0          0          0   (incl. Padding)

    ----------------------------------------------------------------------

      Code (inc. data)   RO Data    RW Data    ZI Data      Debug   Library Name

       610         40          0          8          0        644   mc_w.l

    ----------------------------------------------------------------------
       612         40          0          8          0        644   Library Totals

    ----------------------------------------------------------------------

==============================================================================


      Code (inc. data)   RO Data    RW Data    ZI Data      Debug   

     14388        896        528        160      16608     432320   Grand Totals
     14388        896        528        160      16608     432320   ELF Image Totals
     14388        896        528        160          0          0   ROM Totals

==============================================================================

    Total RO  Size (Code + RO Data)                14916 (  14.57kB)
    Total RW  Size (RW Data + ZI Data)             16768 (  16.38kB)
    Total ROM Size (Code + RO Data + RW Data)      15076 (  14.72kB)

==============================================================================

