Archive member included to satisfy reference by file (symbol)

/home/edutzu-ubuntu/Ac6/SystemWorkbench/plugins/fr.ac6.mcu.externaltools.arm-none.linux64_1.7.0.201602291252/tools/compiler/bin/../lib/gcc/arm-none-eabi/5.2.1/../../../../arm-none-eabi/lib/armv7e-m/fpu/libc_nano.a(lib_a-exit.o)
                              /home/edutzu-ubuntu/Ac6/SystemWorkbench/plugins/fr.ac6.mcu.externaltools.arm-none.linux64_1.7.0.201602291252/tools/compiler/bin/../lib/gcc/arm-none-eabi/5.2.1/../../../../arm-none-eabi/lib/armv7e-m/fpu/crt0.o (exit)
/home/edutzu-ubuntu/Ac6/SystemWorkbench/plugins/fr.ac6.mcu.externaltools.arm-none.linux64_1.7.0.201602291252/tools/compiler/bin/../lib/gcc/arm-none-eabi/5.2.1/../../../../arm-none-eabi/lib/armv7e-m/fpu/libc_nano.a(lib_a-impure.o)
                              /home/edutzu-ubuntu/Ac6/SystemWorkbench/plugins/fr.ac6.mcu.externaltools.arm-none.linux64_1.7.0.201602291252/tools/compiler/bin/../lib/gcc/arm-none-eabi/5.2.1/../../../../arm-none-eabi/lib/armv7e-m/fpu/libc_nano.a(lib_a-exit.o) (_global_impure_ptr)
/home/edutzu-ubuntu/Ac6/SystemWorkbench/plugins/fr.ac6.mcu.externaltools.arm-none.linux64_1.7.0.201602291252/tools/compiler/bin/../lib/gcc/arm-none-eabi/5.2.1/../../../../arm-none-eabi/lib/armv7e-m/fpu/libc_nano.a(lib_a-init.o)
                              /home/edutzu-ubuntu/Ac6/SystemWorkbench/plugins/fr.ac6.mcu.externaltools.arm-none.linux64_1.7.0.201602291252/tools/compiler/bin/../lib/gcc/arm-none-eabi/5.2.1/../../../../arm-none-eabi/lib/armv7e-m/fpu/crt0.o (__libc_init_array)
/home/edutzu-ubuntu/Ac6/SystemWorkbench/plugins/fr.ac6.mcu.externaltools.arm-none.linux64_1.7.0.201602291252/tools/compiler/bin/../lib/gcc/arm-none-eabi/5.2.1/../../../../arm-none-eabi/lib/armv7e-m/fpu/libc_nano.a(lib_a-memcpy-stub.o)
                              Middlewares/FreeRTOS/queue.o (memcpy)
/home/edutzu-ubuntu/Ac6/SystemWorkbench/plugins/fr.ac6.mcu.externaltools.arm-none.linux64_1.7.0.201602291252/tools/compiler/bin/../lib/gcc/arm-none-eabi/5.2.1/../../../../arm-none-eabi/lib/armv7e-m/fpu/libc_nano.a(lib_a-memset.o)
                              /home/edutzu-ubuntu/Ac6/SystemWorkbench/plugins/fr.ac6.mcu.externaltools.arm-none.linux64_1.7.0.201602291252/tools/compiler/bin/../lib/gcc/arm-none-eabi/5.2.1/../../../../arm-none-eabi/lib/armv7e-m/fpu/crt0.o (memset)
/home/edutzu-ubuntu/Ac6/SystemWorkbench/plugins/fr.ac6.mcu.externaltools.arm-none.linux64_1.7.0.201602291252/tools/compiler/bin/../lib/gcc/arm-none-eabi/5.2.1/../../../../arm-none-eabi/lib/armv7e-m/fpu/libc_nano.a(lib_a-printf.o)
                              Application/User/main.o (printf)
/home/edutzu-ubuntu/Ac6/SystemWorkbench/plugins/fr.ac6.mcu.externaltools.arm-none.linux64_1.7.0.201602291252/tools/compiler/bin/../lib/gcc/arm-none-eabi/5.2.1/../../../../arm-none-eabi/lib/armv7e-m/fpu/libc_nano.a(lib_a-rand.o)
                              Application/User/main.o (rand)
/home/edutzu-ubuntu/Ac6/SystemWorkbench/plugins/fr.ac6.mcu.externaltools.arm-none.linux64_1.7.0.201602291252/tools/compiler/bin/../lib/gcc/arm-none-eabi/5.2.1/../../../../arm-none-eabi/lib/armv7e-m/fpu/libc_nano.a(lib_a-findfp.o)
                              /home/edutzu-ubuntu/Ac6/SystemWorkbench/plugins/fr.ac6.mcu.externaltools.arm-none.linux64_1.7.0.201602291252/tools/compiler/bin/../lib/gcc/arm-none-eabi/5.2.1/../../../../arm-none-eabi/lib/armv7e-m/fpu/libc_nano.a(lib_a-printf.o) (__sinit)
/home/edutzu-ubuntu/Ac6/SystemWorkbench/plugins/fr.ac6.mcu.externaltools.arm-none.linux64_1.7.0.201602291252/tools/compiler/bin/../lib/gcc/arm-none-eabi/5.2.1/../../../../arm-none-eabi/lib/armv7e-m/fpu/libc_nano.a(lib_a-fwalk.o)
                              /home/edutzu-ubuntu/Ac6/SystemWorkbench/plugins/fr.ac6.mcu.externaltools.arm-none.linux64_1.7.0.201602291252/tools/compiler/bin/../lib/gcc/arm-none-eabi/5.2.1/../../../../arm-none-eabi/lib/armv7e-m/fpu/libc_nano.a(lib_a-findfp.o) (_fwalk)
/home/edutzu-ubuntu/Ac6/SystemWorkbench/plugins/fr.ac6.mcu.externaltools.arm-none.linux64_1.7.0.201602291252/tools/compiler/bin/../lib/gcc/arm-none-eabi/5.2.1/../../../../arm-none-eabi/lib/armv7e-m/fpu/libc_nano.a(lib_a-malloc.o)
                              /home/edutzu-ubuntu/Ac6/SystemWorkbench/plugins/fr.ac6.mcu.externaltools.arm-none.linux64_1.7.0.201602291252/tools/compiler/bin/../lib/gcc/arm-none-eabi/5.2.1/../../../../arm-none-eabi/lib/armv7e-m/fpu/libc_nano.a(lib_a-rand.o) (malloc)
/home/edutzu-ubuntu/Ac6/SystemWorkbench/plugins/fr.ac6.mcu.externaltools.arm-none.linux64_1.7.0.201602291252/tools/compiler/bin/../lib/gcc/arm-none-eabi/5.2.1/../../../../arm-none-eabi/lib/armv7e-m/fpu/libc_nano.a(lib_a-nano-freer.o)
                              /home/edutzu-ubuntu/Ac6/SystemWorkbench/plugins/fr.ac6.mcu.externaltools.arm-none.linux64_1.7.0.201602291252/tools/compiler/bin/../lib/gcc/arm-none-eabi/5.2.1/../../../../arm-none-eabi/lib/armv7e-m/fpu/libc_nano.a(lib_a-malloc.o) (_free_r)
[...]
Memory Configuration

Name             Origin             Length             Attributes
FLASH            0x08000000         0x00080000         xr
RAM              0x20000000         0x00018000         xrw
*default*        0x00000000         0xffffffff

Linker script and memory map

LOAD /home/edutzu-ubuntu/Ac6/SystemWorkbench/plugins/fr.ac6.mcu.externaltools.arm-none.linux64_1.7.0.201602291252/tools/compiler/bin/../lib/gcc/arm-none-eabi/5.2.1/armv7e-m/fpu/crti.o
LOAD /home/edutzu-ubuntu/Ac6/SystemWorkbench/plugins/fr.ac6.mcu.externaltools.arm-none.linux64_1.7.0.201602291252/tools/compiler/bin/../lib/gcc/arm-none-eabi/5.2.1/armv7e-m/fpu/crtbegin.o
LOAD /home/edutzu-ubuntu/Ac6/SystemWorkbench/plugins/fr.ac6.mcu.externaltools.arm-none.linux64_1.7.0.201602291252/tools/compiler/bin/../lib/gcc/arm-none-eabi/5.2.1/../../../../arm-none-eabi/lib/armv7e-m/fpu/crt0.o
LOAD /home/edutzu-ubuntu/Ac6/SystemWorkbench/plugins/fr.ac6.mcu.externaltools.arm-none.linux64_1.7.0.201602291252/tools/compiler/bin/../lib/gcc/arm-none-eabi/5.2.1/../../../../arm-none-eabi/lib/armv7e-m/fpu/libm.a
LOAD Middlewares/FreeRTOS/cmsis_os.o
LOAD Middlewares/FreeRTOS/croutine.o
LOAD Middlewares/FreeRTOS/event_groups.o
LOAD Middlewares/FreeRTOS/heap_4.o
LOAD Middlewares/FreeRTOS/list.o
LOAD Middlewares/FreeRTOS/port.o
LOAD Middlewares/FreeRTOS/queue.o
LOAD Middlewares/FreeRTOS/tasks.o
LOAD Middlewares/FreeRTOS/timers.o
LOAD Drivers/STM32F4xx_HAL_Driver/stm32f4xx_hal.o
LOAD Drivers/STM32F4xx_HAL_Driver/stm32f4xx_hal_cortex.o
LOAD Drivers/STM32F4xx_HAL_Driver/stm32f4xx_hal_dma.o
LOAD Drivers/STM32F4xx_HAL_Driver/stm32f4xx_hal_dma_ex.o
LOAD Drivers/STM32F4xx_HAL_Driver/stm32f4xx_hal_flash.o
LOAD Drivers/STM32F4xx_HAL_Driver/stm32f4xx_hal_flash_ex.o
LOAD Drivers/STM32F4xx_HAL_Driver/stm32f4xx_hal_flash_ramfunc.o
LOAD Drivers/STM32F4xx_HAL_Driver/stm32f4xx_hal_gpio.o
LOAD Drivers/STM32F4xx_HAL_Driver/stm32f4xx_hal_pwr.o
LOAD Drivers/STM32F4xx_HAL_Driver/stm32f4xx_hal_pwr_ex.o
LOAD Drivers/STM32F4xx_HAL_Driver/stm32f4xx_hal_rcc.o
LOAD Drivers/STM32F4xx_HAL_Driver/stm32f4xx_hal_rcc_ex.o
LOAD Drivers/STM32F4xx_HAL_Driver/stm32f4xx_hal_rtc.o
LOAD Drivers/STM32F4xx_HAL_Driver/stm32f4xx_hal_rtc_ex.o
LOAD Drivers/STM32F4xx_HAL_Driver/stm32f4xx_hal_spi.o
LOAD Drivers/STM32F4xx_HAL_Driver/stm32f4xx_hal_tim.o
LOAD Drivers/STM32F4xx_HAL_Driver/stm32f4xx_hal_tim_ex.o
LOAD Drivers/STM32F4xx_HAL_Driver/stm32f4xx_hal_uart.o
LOAD Drivers/CMSIS/system_stm32f4xx.o
LOAD Application/User/freertos.o
LOAD Application/User/ili9341.o
LOAD Application/User/main.o
LOAD Application/User/stm32f4xx_hal_msp.o
LOAD Application/User/stm32f4xx_hal_timebase_TIM.o
LOAD Application/User/stm32f4xx_it.o
LOAD Application/SW4STM32/startup_stm32f401xe.o
START GROUP
LOAD /home/edutzu-ubuntu/Ac6/SystemWorkbench/plugins/fr.ac6.mcu.externaltools.arm-none.linux64_1.7.0.201602291252/tools/compiler/bin/../lib/gcc/arm-none-eabi/5.2.1/armv7e-m/fpu/libgcc.a
LOAD /home/edutzu-ubuntu/Ac6/SystemWorkbench/plugins/fr.ac6.mcu.externaltools.arm-none.linux64_1.7.0.201602291252/tools/compiler/bin/../lib/gcc/arm-none-eabi/5.2.1/../../../../arm-none-eabi/lib/armv7e-m/fpu/libc_nano.a
END GROUP
START GROUP
LOAD /home/edutzu-ubuntu/Ac6/SystemWorkbench/plugins/fr.ac6.mcu.externaltools.arm-none.linux64_1.7.0.201602291252/tools/compiler/bin/../lib/gcc/arm-none-eabi/5.2.1/armv7e-m/fpu/libgcc.a
LOAD /home/edutzu-ubuntu/Ac6/SystemWorkbench/plugins/fr.ac6.mcu.externaltools.arm-none.linux64_1.7.0.201602291252/tools/compiler/bin/../lib/gcc/arm-none-eabi/5.2.1/../../../../arm-none-eabi/lib/armv7e-m/fpu/libc_nano.a
LOAD /home/edutzu-ubuntu/Ac6/SystemWorkbench/plugins/fr.ac6.mcu.externaltools.arm-none.linux64_1.7.0.201602291252/tools/compiler/bin/../lib/gcc/arm-none-eabi/5.2.1/../../../../arm-none-eabi/lib/armv7e-m/fpu/libnosys.a
END GROUP
START GROUP
LOAD /home/edutzu-ubuntu/Ac6/SystemWorkbench/plugins/fr.ac6.mcu.externaltools.arm-none.linux64_1.7.0.201602291252/tools/compiler/bin/../lib/gcc/arm-none-eabi/5.2.1/armv7e-m/fpu/libgcc.a
LOAD /home/edutzu-ubuntu/Ac6/SystemWorkbench/plugins/fr.ac6.mcu.externaltools.arm-none.linux64_1.7.0.201602291252/tools/compiler/bin/../lib/gcc/arm-none-eabi/5.2.1/../../../../arm-none-eabi/lib/armv7e-m/fpu/libc_nano.a
LOAD /home/edutzu-ubuntu/Ac6/SystemWorkbench/plugins/fr.ac6.mcu.externaltools.arm-none.linux64_1.7.0.201602291252/tools/compiler/bin/../lib/gcc/arm-none-eabi/5.2.1/../../../../arm-none-eabi/lib/armv7e-m/fpu/libnosys.a
END GROUP
LOAD /home/edutzu-ubuntu/Ac6/SystemWorkbench/plugins/fr.ac6.mcu.externaltools.arm-none.linux64_1.7.0.201602291252/tools/compiler/bin/../lib/gcc/arm-none-eabi/5.2.1/armv7e-m/fpu/crtend.o
LOAD /home/edutzu-ubuntu/Ac6/SystemWorkbench/plugins/fr.ac6.mcu.externaltools.arm-none.linux64_1.7.0.201602291252/tools/compiler/bin/../lib/gcc/arm-none-eabi/5.2.1/armv7e-m/fpu/crtn.o
                0x20018000                _estack = 0x20018000
                0x00000400                _Min_Heap_Size = 0x400
                0x00000200                _Min_Stack_Size = 0x200

.isr_vector     0x08000000      0x194
                0x08000000                . = ALIGN (0x4)
 *(.isr_vector)
 .isr_vector    0x08000000      0x194 Application/SW4STM32/startup_stm32f401xe.o
                0x08000000                g_pfnVectors
                0x08000194                . = ALIGN (0x4)

.text           0x080001a0     0x452c
                0x080001a0                . = ALIGN (0x4)
 *(.text)
 .text          0x080001a0       0xa4 /home/edutzu-ubuntu/Ac6/SystemWorkbench/plugins/fr.ac6.mcu.externaltools.arm-none.linux64_1.7.0.201602291252/tools/compiler/bin/../lib/gcc/arm-none-eabi/5.2.1/armv7e-m/fpu/crtbegin.o
 *fill*         0x08000244        0xc 
 .text          0x08000250       0xa0 /home/edutzu-ubuntu/Ac6/SystemWorkbench/plugins/fr.ac6.mcu.externaltools.arm-none.linux64_1.7.0.201602291252/tools/compiler/bin/../lib/gcc/arm-none-eabi/5.2.1/../../../../arm-none-eabi/lib/armv7e-m/fpu/libc_nano.a(lib_a-memchr.o)
                0x08000250                memchr
 *(.text*)
 .text.osKernelStart
                0x080002f0        0xa Middlewares/FreeRTOS/cmsis_os.o
                0x080002f0                osKernelStart
 .text.osThreadCreate
                0x080002fa       0x38 Middlewares/FreeRTOS/cmsis_os.o
                0x080002fa                osThreadCreate
 .text.osDelay  0x08000332       0x10 Middlewares/FreeRTOS/cmsis_os.o
                0x08000332                osDelay
 *fill*         0x08000342        0x2 
 .text.osTimerCreate
                0x08000344       0x20 Middlewares/FreeRTOS/cmsis_os.o
                0x08000344                osTimerCreate
 .text.osSystickHandler
                0x08000364       0x14 Middlewares/FreeRTOS/cmsis_os.o
                0x08000364                osSystickHandler
 .text.unlikely.prvInsertBlockIntoFreeList
                0x08000378       0x44 Middlewares/FreeRTOS/heap_4.o
 .text.pvPortMalloc
                0x080003bc      0x120 Middlewares/FreeRTOS/heap_4.o
                0x080003bc                pvPortMalloc
 .text.vPortFree
                0x080004dc       0x70 Middlewares/FreeRTOS/heap_4.o
                0x080004dc                vPortFree
 .text.vListInitialise
                0x0800054c       0x16 Middlewares/FreeRTOS/list.o
                0x0800054c                vListInitialise
 .text.vListInitialiseItem
                0x08000562        0x6 Middlewares/FreeRTOS/list.o
                0x08000562                vListInitialiseItem
 .text.vListInsertEnd
                0x08000568       0x18 Middlewares/FreeRTOS/list.o
                0x08000568                vListInsertEnd
 .text.vListInsert
                0x08000580       0x30 Middlewares/FreeRTOS/list.o
                0x08000580                vListInsert
 .text.uxListRemove
                0x080005b0       0x20 Middlewares/FreeRTOS/list.o
                0x080005b0                uxListRemove
 .text.prvTaskExitError
                0x080005d0       0x30 Middlewares/FreeRTOS/port.o
 .text.prvPortStartFirstTask
                0x08000600       0x20 Middlewares/FreeRTOS/port.o
 .text.vPortEnableVFP
                0x08000620       0x14 Middlewares/FreeRTOS/port.o
 .text.pxPortInitialiseStack
                0x08000634       0x24 Middlewares/FreeRTOS/port.o
                0x08000634                pxPortInitialiseStack
 .text.SVC_Handler
                0x08000658       0x20 Middlewares/FreeRTOS/port.o
                0x08000658                SVC_Handler
 .text.vPortEnterCritical
                0x08000678       0x44 Middlewares/FreeRTOS/port.o
                0x08000678                vPortEnterCritical
 .text.vPortExitCritical
                0x080006bc       0x28 Middlewares/FreeRTOS/port.o
                0x080006bc                vPortExitCritical
 .text.PendSV_Handler
                0x080006e4       0x60 Middlewares/FreeRTOS/port.o
                0x080006e4                PendSV_Handler
 .text.xPortSysTickHandler
                0x08000744       0x30 Middlewares/FreeRTOS/port.o
                0x08000744                xPortSysTickHandler
 .text.vPortSetupTimerInterrupt
                0x08000774       0x28 Middlewares/FreeRTOS/port.o
                0x08000774                vPortSetupTimerInterrupt
 .text.xPortStartScheduler
                0x0800079c       0xe4 Middlewares/FreeRTOS/port.o
                0x0800079c                xPortStartScheduler
 .text.vPortValidateInterruptPriority
                0x08000880       0x54 Middlewares/FreeRTOS/port.o
                0x08000880                vPortValidateInterruptPriority
 .text.unlikely.prvCopyDataToQueue
                0x080008d4       0x6a Middlewares/FreeRTOS/queue.o
 .text.unlikely.prvCopyDataFromQueue
                0x0800093e       0x2a Middlewares/FreeRTOS/queue.o
 .text.prvUnlockQueue
                0x08000968       0x68 Middlewares/FreeRTOS/queue.o
 .text.unlikely.xQueueGenericCreate.part.1
                0x080009d0       0x12 Middlewares/FreeRTOS/queue.o
 *fill*         0x080009e2        0x2 
 .text.xQueueGenericReset
                0x080009e4       0x70 Middlewares/FreeRTOS/queue.o
                0x080009e4                xQueueGenericReset
 .text.xQueueGenericCreate
                0x08000a54       0x56 Middlewares/FreeRTOS/queue.o
                0x08000a54                xQueueGenericCreate
 *fill*         0x08000aaa        0x2 
 .text.xQueueGenericSend
                0x08000aac      0x164 Middlewares/FreeRTOS/queue.o
                0x08000aac                xQueueGenericSend
 .text.xQueueGenericSendFromISR
                0x08000c10       0xb8 Middlewares/FreeRTOS/queue.o
                0x08000c10                xQueueGenericSendFromISR
 .text.xQueueGenericReceive
                0x08000cc8      0x16c Middlewares/FreeRTOS/queue.o
                0x08000cc8                xQueueGenericReceive
 .text.vQueueAddToRegistry
                0x08000e34       0x28 Middlewares/FreeRTOS/queue.o
                0x08000e34                vQueueAddToRegistry
 .text.vQueueWaitForMessageRestricted
                0x08000e5c       0x3a Middlewares/FreeRTOS/queue.o
                0x08000e5c                vQueueWaitForMessageRestricted
 *fill*         0x08000e96        0x2 
 .text.prvResetNextTaskUnblockTime
                0x08000e98       0x24 Middlewares/FreeRTOS/tasks.o
 .text.prvAddCurrentTaskToDelayedList
                0x08000ebc       0x3c Middlewares/FreeRTOS/tasks.o
 .text.xTaskGenericCreate.part.5
                0x08000ef8      0x1a0 Middlewares/FreeRTOS/tasks.o
 .text.vTaskSetTimeOutState.part.7
                0x08001098       0x12 Middlewares/FreeRTOS/tasks.o
 .text.xTaskGenericCreate
                0x080010aa       0x3c Middlewares/FreeRTOS/tasks.o
                0x080010aa                xTaskGenericCreate
 *fill*         0x080010e6        0x2 
 .text.vTaskStartScheduler
                0x080010e8       0x68 Middlewares/FreeRTOS/tasks.o
                0x080010e8                vTaskStartScheduler
 .text.vTaskSuspendAll
                0x08001150       0x14 Middlewares/FreeRTOS/tasks.o
                0x08001150                vTaskSuspendAll
 .text.xTaskGetTickCount
                0x08001164        0xc Middlewares/FreeRTOS/tasks.o
                0x08001164                xTaskGetTickCount
 .text.xTaskIncrementTick
                0x08001170      0x100 Middlewares/FreeRTOS/tasks.o
                0x08001170                xTaskIncrementTick
 .text.xTaskResumeAll
                0x08001270       0xe8 Middlewares/FreeRTOS/tasks.o
                0x08001270                xTaskResumeAll
 .text.vTaskDelay
                0x08001358       0x70 Middlewares/FreeRTOS/tasks.o
                0x08001358                vTaskDelay
 .text.prvIdleTask
                0x080013c8       0x70 Middlewares/FreeRTOS/tasks.o
 .text.vTaskSwitchContext
                0x08001438       0x68 Middlewares/FreeRTOS/tasks.o
                0x08001438                vTaskSwitchContext
 .text.vTaskPlaceOnEventList
                0x080014a0       0x68 Middlewares/FreeRTOS/tasks.o
                0x080014a0                vTaskPlaceOnEventList
 .text.vTaskPlaceOnEventListRestricted
                0x08001508       0x54 Middlewares/FreeRTOS/tasks.o
                0x08001508                vTaskPlaceOnEventListRestricted
 .text.xTaskRemoveFromEventList
                0x0800155c       0x78 Middlewares/FreeRTOS/tasks.o
                0x0800155c                xTaskRemoveFromEventList
 .text.vTaskSetTimeOutState
                0x080015d4       0x1c Middlewares/FreeRTOS/tasks.o
                0x080015d4                vTaskSetTimeOutState
 .text.xTaskCheckForTimeOut
                0x080015f0       0x70 Middlewares/FreeRTOS/tasks.o
                0x080015f0                xTaskCheckForTimeOut
 .text.vTaskMissedYield
                0x08001660       0x10 Middlewares/FreeRTOS/tasks.o
                0x08001660                vTaskMissedYield
 .text.xTaskGetSchedulerState
                0x08001670       0x20 Middlewares/FreeRTOS/tasks.o
                0x08001670                xTaskGetSchedulerState
 .text.vTaskPriorityInherit
                0x08001690       0x94 Middlewares/FreeRTOS/tasks.o
                0x08001690                vTaskPriorityInherit
 .text.xTaskPriorityDisinherit
                0x08001724       0xa4 Middlewares/FreeRTOS/tasks.o
                0x08001724                xTaskPriorityDisinherit
 .text.pvTaskIncrementMutexHeldCount
                0x080017c8       0x18 Middlewares/FreeRTOS/tasks.o
                0x080017c8                pvTaskIncrementMutexHeldCount
 .text.prvInsertTimerInActiveList
                0x080017e0       0x38 Middlewares/FreeRTOS/timers.o
 .text.prvCheckForValidListAndQueue
                0x08001818       0x5c Middlewares/FreeRTOS/timers.o
 .text.xTimerCreateTimerTask
                0x08001874       0x4c Middlewares/FreeRTOS/timers.o
                0x08001874                xTimerCreateTimerTask
 .text.xTimerCreate
                0x080018c0       0x4a Middlewares/FreeRTOS/timers.o
                0x080018c0                xTimerCreate
 *fill*         0x0800190a        0x2 
 .text.xTimerGenericCommand
                0x0800190c       0x44 Middlewares/FreeRTOS/timers.o
                0x0800190c                xTimerGenericCommand
 .text.prvSwitchTimerLists
                0x08001950       0x7c Middlewares/FreeRTOS/timers.o
 .text.prvTimerTask
                0x080019cc      0x194 Middlewares/FreeRTOS/timers.o
 .text.HAL_Init
                0x08001b60       0x34 Drivers/STM32F4xx_HAL_Driver/stm32f4xx_hal.o
                0x08001b60                HAL_Init
 .text.HAL_IncTick
                0x08001b94       0x10 Drivers/STM32F4xx_HAL_Driver/stm32f4xx_hal.o
                0x08001b94                HAL_IncTick
 .text.HAL_GetTick
                0x08001ba4        0xc Drivers/STM32F4xx_HAL_Driver/stm32f4xx_hal.o
                0x08001ba4                HAL_GetTick
 .text.HAL_Delay
                0x08001bb0       0x1a Drivers/STM32F4xx_HAL_Driver/stm32f4xx_hal.o
                0x08001bb0                HAL_Delay
 *fill*         0x08001bca        0x2 
 .text.HAL_NVIC_SetPriorityGrouping
                0x08001bcc       0x24 Drivers/STM32F4xx_HAL_Driver/stm32f4xx_hal_cortex.o
                0x08001bcc                HAL_NVIC_SetPriorityGrouping
 .text.HAL_NVIC_SetPriority
                0x08001bf0       0x68 Drivers/STM32F4xx_HAL_Driver/stm32f4xx_hal_cortex.o
                0x08001bf0                HAL_NVIC_SetPriority
 .text.HAL_NVIC_EnableIRQ
                0x08001c58       0x18 Drivers/STM32F4xx_HAL_Driver/stm32f4xx_hal_cortex.o
                0x08001c58                HAL_NVIC_EnableIRQ
 .text.HAL_SYSTICK_Config
                0x08001c70       0x2c Drivers/STM32F4xx_HAL_Driver/stm32f4xx_hal_cortex.o
                0x08001c70                HAL_SYSTICK_Config
 .text.HAL_SYSTICK_CLKSourceConfig
                0x08001c9c       0x18 Drivers/STM32F4xx_HAL_Driver/stm32f4xx_hal_cortex.o
                0x08001c9c                HAL_SYSTICK_CLKSourceConfig
 .text.DMA_CalcBaseAndBitshift
                0x08001cb4       0x2c Drivers/STM32F4xx_HAL_Driver/stm32f4xx_hal_dma.o
 .text.HAL_DMA_Init
                0x08001ce0       0x74 Drivers/STM32F4xx_HAL_Driver/stm32f4xx_hal_dma.o
                0x08001ce0                HAL_DMA_Init
 .text.HAL_DMA_IRQHandler
                0x08001d54      0x164 Drivers/STM32F4xx_HAL_Driver/stm32f4xx_hal_dma.o
                0x08001d54                HAL_DMA_IRQHandler
 .text.HAL_GPIO_Init
                0x08001eb8      0x19c Drivers/STM32F4xx_HAL_Driver/stm32f4xx_hal_gpio.o
                0x08001eb8                HAL_GPIO_Init
 .text.HAL_GPIO_WritePin
                0x08002054        0x8 Drivers/STM32F4xx_HAL_Driver/stm32f4xx_hal_gpio.o
                0x08002054                HAL_GPIO_WritePin
 .text.HAL_RCC_OscConfig
                0x0800205c      0x2d0 Drivers/STM32F4xx_HAL_Driver/stm32f4xx_hal_rcc.o
                0x0800205c                HAL_RCC_OscConfig
 .text.HAL_RCC_ClockConfig
                0x0800232c      0x140 Drivers/STM32F4xx_HAL_Driver/stm32f4xx_hal_rcc.o
                0x0800232c                HAL_RCC_ClockConfig
 .text.HAL_RCC_GetSysClockFreq
                0x0800246c       0x7c Drivers/STM32F4xx_HAL_Driver/stm32f4xx_hal_rcc.o
                0x0800246c                HAL_RCC_GetSysClockFreq
 .text.HAL_RCC_GetHCLKFreq
                0x080024e8       0x34 Drivers/STM32F4xx_HAL_Driver/stm32f4xx_hal_rcc.o
                0x080024e8                HAL_RCC_GetHCLKFreq
 .text.HAL_RCC_GetPCLK1Freq
                0x0800251c       0x2c Drivers/STM32F4xx_HAL_Driver/stm32f4xx_hal_rcc.o
                0x0800251c                HAL_RCC_GetPCLK1Freq
 .text.HAL_RCC_GetPCLK2Freq
                0x08002548       0x2c Drivers/STM32F4xx_HAL_Driver/stm32f4xx_hal_rcc.o
                0x08002548                HAL_RCC_GetPCLK2Freq
 .text.HAL_RCC_GetClockConfig
                0x08002574       0x3c Drivers/STM32F4xx_HAL_Driver/stm32f4xx_hal_rcc.o
                0x08002574                HAL_RCC_GetClockConfig
 .text.SPI_WaitFlagStateUntilTimeout
                0x080025b0       0x88 Drivers/STM32F4xx_HAL_Driver/stm32f4xx_hal_spi.o
 .text.SPI_CheckFlag_BSY
                0x08002638       0x20 Drivers/STM32F4xx_HAL_Driver/stm32f4xx_hal_spi.o
 .text.HAL_SPI_Init
                0x08002658       0x80 Drivers/STM32F4xx_HAL_Driver/stm32f4xx_hal_spi.o
                0x08002658                HAL_SPI_Init
 .text.HAL_SPI_Transmit
                0x080026d8      0x158 Drivers/STM32F4xx_HAL_Driver/stm32f4xx_hal_spi.o
                0x080026d8                HAL_SPI_Transmit
 .text.HAL_TIM_Base_MspInit
                0x08002830        0x2 Drivers/STM32F4xx_HAL_Driver/stm32f4xx_hal_tim.o
                0x08002830                HAL_TIM_Base_MspInit
 .text.HAL_TIM_Base_Start_IT
                0x08002832       0x16 Drivers/STM32F4xx_HAL_Driver/stm32f4xx_hal_tim.o
                0x08002832                HAL_TIM_Base_Start_IT
 .text.HAL_TIM_OC_DelayElapsedCallback
                0x08002848        0x2 Drivers/STM32F4xx_HAL_Driver/stm32f4xx_hal_tim.o
                0x08002848                HAL_TIM_OC_DelayElapsedCallback
 .text.HAL_TIM_IC_CaptureCallback
                0x0800284a        0x2 Drivers/STM32F4xx_HAL_Driver/stm32f4xx_hal_tim.o
                0x0800284a                HAL_TIM_IC_CaptureCallback
 .text.HAL_TIM_PWM_PulseFinishedCallback
                0x0800284c        0x2 Drivers/STM32F4xx_HAL_Driver/stm32f4xx_hal_tim.o
                0x0800284c                HAL_TIM_PWM_PulseFinishedCallback
 .text.HAL_TIM_TriggerCallback
                0x0800284e        0x2 Drivers/STM32F4xx_HAL_Driver/stm32f4xx_hal_tim.o
                0x0800284e                HAL_TIM_TriggerCallback
 .text.HAL_TIM_IRQHandler
                0x08002850      0x144 Drivers/STM32F4xx_HAL_Driver/stm32f4xx_hal_tim.o
                0x08002850                HAL_TIM_IRQHandler
 .text.TIM_Base_SetConfig
                0x08002994       0x98 Drivers/STM32F4xx_HAL_Driver/stm32f4xx_hal_tim.o
                0x08002994                TIM_Base_SetConfig
 .text.HAL_TIM_Base_Init
                0x08002a2c       0x34 Drivers/STM32F4xx_HAL_Driver/stm32f4xx_hal_tim.o
                0x08002a2c                HAL_TIM_Base_Init
 .text.HAL_TIMEx_CommutationCallback
                0x08002a60        0x2 Drivers/STM32F4xx_HAL_Driver/stm32f4xx_hal_tim_ex.o
                0x08002a60                HAL_TIMEx_CommutationCallback
 .text.HAL_TIMEx_BreakCallback
                0x08002a62        0x2 Drivers/STM32F4xx_HAL_Driver/stm32f4xx_hal_tim_ex.o
                0x08002a62                HAL_TIMEx_BreakCallback
 .text.UART_SetConfig
                0x08002a64      0x23c Drivers/STM32F4xx_HAL_Driver/stm32f4xx_hal_uart.o
 .text.HAL_UART_Init
                0x08002ca0       0x5c Drivers/STM32F4xx_HAL_Driver/stm32f4xx_hal_uart.o
                0x08002ca0                HAL_UART_Init
 .text.SystemInit
                0x08002cfc       0x4c Drivers/CMSIS/system_stm32f4xx.o
                0x08002cfc                SystemInit
 .text.ili9341_WriteData
                0x08002d48        0x8 Application/User/ili9341.o
                0x08002d48                ili9341_WriteData
 .text.ili9341_WriteReg
                0x08002d50        0x8 Application/User/ili9341.o
                0x08002d50                ili9341_WriteReg
 .text.ili9341_Init
                0x08002d58      0x250 Application/User/ili9341.o
                0x08002d58                ili9341_Init
 .text.ili9341_DisplayOn
                0x08002fa8        0xa Application/User/ili9341.o
                0x08002fa8                ili9341_DisplayOn
 .text.Callback01
                0x08002fb2        0x2 Application/User/main.o
                0x08002fb2                Callback01
 .text.StartDefaultTask
                0x08002fb4       0x24 Application/User/main.o
                0x08002fb4                StartDefaultTask
 .text.CS_Set.part.0
                0x08002fd8       0x10 Application/User/main.o
 .text.SystemClock_Config
                0x08002fe8       0xa4 Application/User/main.o
                0x08002fe8                SystemClock_Config
 .text.ILI9341_SetCursorPosition
                0x0800308c       0x4a Application/User/main.o
                0x0800308c                ILI9341_SetCursorPosition
 *fill*         0x080030d6        0x2 
 .text.ili9341_DrawPixel
                0x080030d8       0x2c Application/User/main.o
                0x080030d8                ili9341_DrawPixel
 .text.ili9341_DrawHLine
                0x08003104       0x32 Application/User/main.o
                0x08003104                ili9341_DrawHLine
 .text.ili9341_DrawVLine
                0x08003136       0x30 Application/User/main.o
                0x08003136                ili9341_DrawVLine
 *fill*         0x08003166        0x2 
 .text.CS_Set   0x08003168       0x14 Application/User/main.o
                0x08003168                CS_Set
 .text.DC_Set   0x0800317c       0x14 Application/User/main.o
                0x0800317c                DC_Set
 .text.LCD_IO_Init
                0x08003190       0x4c Application/User/main.o
                0x08003190                LCD_IO_Init
 .text.LCD_IO_WriteData
                0x080031dc       0x28 Application/User/main.o
                0x080031dc                LCD_IO_WriteData
 .text.LCD_IO_WriteReg
                0x08003204       0x38 Application/User/main.o
                0x08003204                LCD_IO_WriteReg
 .text.TM_ILI9341_INT_Fill
                0x0800323c       0x44 Application/User/main.o
                0x0800323c                TM_ILI9341_INT_Fill
 .text.ili9341_Fill
                0x08003280       0x24 Application/User/main.o
                0x08003280                ili9341_Fill
 .text.StartTask02
                0x080032a4       0x8c Application/User/main.o
                0x080032a4                StartTask02
 .text.ili9341_Rotate
                0x08003330       0x50 Application/User/main.o
                0x08003330                ili9341_Rotate
 .text.startup.main
                0x08003380      0x200 Application/User/main.o
                0x08003380                main
 .text.HAL_MspInit
                0x08003580       0x18 Application/User/stm32f4xx_hal_msp.o
                0x08003580                HAL_MspInit
 .text.HAL_SPI_MspInit
                0x08003598       0xb0 Application/User/stm32f4xx_hal_msp.o
                0x08003598                HAL_SPI_MspInit
 .text.HAL_UART_MspInit
                0x08003648       0x4c Application/User/stm32f4xx_hal_msp.o
                0x08003648                HAL_UART_MspInit
 .text.HAL_InitTick
                0x08003694       0x78 Application/User/stm32f4xx_hal_timebase_TIM.o
                0x08003694                HAL_InitTick
 .text.HAL_TIM_PeriodElapsedCallback
                0x0800370c        0x4 Application/User/stm32f4xx_hal_timebase_TIM.o
                0x0800370c                HAL_TIM_PeriodElapsedCallback
 .text.SysTick_Handler
                0x08003710        0x4 Application/User/stm32f4xx_it.o
                0x08003710                SysTick_Handler
 .text.TIM1_UP_TIM10_IRQHandler
                0x08003714        0xc Application/User/stm32f4xx_it.o
                0x08003714                TIM1_UP_TIM10_IRQHandler
 .text.DMA2_Stream0_IRQHandler
                0x08003720        0xc Application/User/stm32f4xx_it.o
                0x08003720                DMA2_Stream0_IRQHandler
 .text.DMA2_Stream3_IRQHandler
                0x0800372c        0xc Application/User/stm32f4xx_it.o
                0x0800372c                DMA2_Stream3_IRQHandler
 .text.Reset_Handler
                0x08003738       0x50 Application/SW4STM32/startup_stm32f401xe.o
                0x08003738                Reset_Handler
 .text.Default_Handler
                0x08003788        0x2 Application/SW4STM32/startup_stm32f401xe.o
                0x08003788                RTC_Alarm_IRQHandler
                0x08003788                EXTI2_IRQHandler
                0x08003788                DebugMon_Handler
                0x08003788                SPI4_IRQHandler
                0x08003788                TIM1_CC_IRQHandler
                0x08003788                DMA2_Stream5_IRQHandler
                0x08003788                HardFault_Handler
                0x08003788                DMA1_Stream5_IRQHandler
                0x08003788                PVD_IRQHandler
                0x08003788                SDIO_IRQHandler
                0x08003788                TAMP_STAMP_IRQHandler
                0x08003788                NMI_Handler
                0x08003788                EXTI3_IRQHandler
                0x08003788                I2C3_ER_IRQHandler
                0x08003788                EXTI0_IRQHandler
                0x08003788                I2C2_EV_IRQHandler
                0x08003788                DMA1_Stream2_IRQHandler
                0x08003788                FPU_IRQHandler
                0x08003788                UsageFault_Handler
                0x08003788                DMA2_Stream2_IRQHandler
                0x08003788                SPI1_IRQHandler
                0x08003788                TIM1_BRK_TIM9_IRQHandler
                0x08003788                USART6_IRQHandler
                0x08003788                TIM4_IRQHandler
                0x08003788                I2C1_EV_IRQHandler
                0x08003788                DMA1_Stream6_IRQHandler
                0x08003788                DMA1_Stream1_IRQHandler
                0x08003788                TIM3_IRQHandler
                0x08003788                RCC_IRQHandler
                0x08003788                Default_Handler
                0x08003788                EXTI15_10_IRQHandler
                0x08003788                ADC_IRQHandler
                0x08003788                DMA1_Stream7_IRQHandler
                0x08003788                TIM5_IRQHandler
                0x08003788                DMA2_Stream7_IRQHandler
                0x08003788                I2C3_EV_IRQHandler
                0x08003788                EXTI9_5_IRQHandler
                0x08003788                RTC_WKUP_IRQHandler
                0x08003788                SPI2_IRQHandler
                0x08003788                MemManage_Handler
                0x08003788                DMA1_Stream0_IRQHandler
                0x08003788                EXTI4_IRQHandler
                0x08003788                WWDG_IRQHandler
                0x08003788                TIM2_IRQHandler
                0x08003788                OTG_FS_WKUP_IRQHandler
                0x08003788                TIM1_TRG_COM_TIM11_IRQHandler
                0x08003788                EXTI1_IRQHandler
                0x08003788                USART2_IRQHandler
                0x08003788                I2C2_ER_IRQHandler
                0x08003788                DMA2_Stream1_IRQHandler
                0x08003788                FLASH_IRQHandler
                0x08003788                DMA2_Stream4_IRQHandler
                0x08003788                BusFault_Handler
                0x08003788                USART1_IRQHandler
                0x08003788                OTG_FS_IRQHandler
                0x08003788                SPI3_IRQHandler
                0x08003788                DMA1_Stream4_IRQHandler
                0x08003788                I2C1_ER_IRQHandler
                0x08003788                DMA2_Stream6_IRQHandler
                0x08003788                DMA1_Stream3_IRQHandler
 *fill*         0x0800378a        0x2 
 .text.__libc_init_array
                0x0800378c       0x4c /home/edutzu-ubuntu/Ac6/SystemWorkbench/plugins/fr.ac6.mcu.externaltools.arm-none.linux64_1.7.0.201602291252/tools/compiler/bin/../lib/gcc/arm-none-eabi/5.2.1/../../../../arm-none-eabi/lib/armv7e-m/fpu/libc_nano.a(lib_a-init.o)
                0x0800378c                __libc_init_array
 .text.memcpy   0x080037d8       0x16 /home/edutzu-ubuntu/Ac6/SystemWorkbench/plugins/fr.ac6.mcu.externaltools.arm-none.linux64_1.7.0.201602291252/tools/compiler/bin/../lib/gcc/arm-none-eabi/5.2.1/../../../../arm-none-eabi/lib/armv7e-m/fpu/libc_nano.a(lib_a-memcpy-stub.o)
                0x080037d8                memcpy
 .text.memset   0x080037ee       0x10 /home/edutzu-ubuntu/Ac6/SystemWorkbench/plugins/fr.ac6.mcu.externaltools.arm-none.linux64_1.7.0.201602291252/tools/compiler/bin/../lib/gcc/arm-none-eabi/5.2.1/../../../../arm-none-eabi/lib/armv7e-m/fpu/libc_nano.a(lib_a-memset.o)
                0x080037ee                memset
 *fill*         0x080037fe        0x2 
 .text.printf   0x08003800       0x30 /home/edutzu-ubuntu/Ac6/SystemWorkbench/plugins/fr.ac6.mcu.externaltools.arm-none.linux64_1.7.0.201602291252/tools/compiler/bin/../lib/gcc/arm-none-eabi/5.2.1/../../../../arm-none-eabi/lib/armv7e-m/fpu/libc_nano.a(lib_a-printf.o)
                0x08003800                printf
                0x08003800                iprintf
 .text.rand     0x08003830       0x74 /home/edutzu-ubuntu/Ac6/SystemWorkbench/plugins/fr.ac6.mcu.externaltools.arm-none.linux64_1.7.0.201602291252/tools/compiler/bin/../lib/gcc/arm-none-eabi/5.2.1/../../../../arm-none-eabi/lib/armv7e-m/fpu/libc_nano.a(lib_a-rand.o)
                0x08003830                rand
 .text._cleanup_r
                0x080038a4        0xc /home/edutzu-ubuntu/Ac6/SystemWorkbench/plugins/fr.ac6.mcu.externaltools.arm-none.linux64_1.7.0.201602291252/tools/compiler/bin/../lib/gcc/arm-none-eabi/5.2.1/../../../../arm-none-eabi/lib/armv7e-m/fpu/libc_nano.a(lib_a-findfp.o)
                0x080038a4                _cleanup_r
 .text.std.isra.0
                0x080038b0       0x48 /home/edutzu-ubuntu/Ac6/SystemWorkbench/plugins/fr.ac6.mcu.externaltools.arm-none.linux64_1.7.0.201602291252/tools/compiler/bin/../lib/gcc/arm-none-eabi/5.2.1/../../../../arm-none-eabi/lib/armv7e-m/fpu/libc_nano.a(lib_a-findfp.o)
 .text.__sfmoreglue
                0x080038f8       0x2c /home/edutzu-ubuntu/Ac6/SystemWorkbench/plugins/fr.ac6.mcu.externaltools.arm-none.linux64_1.7.0.201602291252/tools/compiler/bin/../lib/gcc/arm-none-eabi/5.2.1/../../../../arm-none-eabi/lib/armv7e-m/fpu/libc_nano.a(lib_a-findfp.o)
                0x080038f8                __sfmoreglue
 .text.__sinit  0x08003924       0x60 /home/edutzu-ubuntu/Ac6/SystemWorkbench/plugins/fr.ac6.mcu.externaltools.arm-none.linux64_1.7.0.201602291252/tools/compiler/bin/../lib/gcc/arm-none-eabi/5.2.1/../../../../arm-none-eabi/lib/armv7e-m/fpu/libc_nano.a(lib_a-findfp.o)
                0x08003924                __sinit
 .text.__sfp    0x08003984       0x78 /home/edutzu-ubuntu/Ac6/SystemWorkbench/plugins/fr.ac6.mcu.externaltools.arm-none.linux64_1.7.0.201602291252/tools/compiler/bin/../lib/gcc/arm-none-eabi/5.2.1/../../../../arm-none-eabi/lib/armv7e-m/fpu/libc_nano.a(lib_a-findfp.o)
                0x08003984                __sfp
 .text._fwalk_reent
                0x080039fc       0x3c /home/edutzu-ubuntu/Ac6/SystemWorkbench/plugins/fr.ac6.mcu.externaltools.arm-none.linux64_1.7.0.201602291252/tools/compiler/bin/../lib/gcc/arm-none-eabi/5.2.1/../../../../arm-none-eabi/lib/armv7e-m/fpu/libc_nano.a(lib_a-fwalk.o)
                0x080039fc                _fwalk_reent
 .text.malloc   0x08003a38       0x10 /home/edutzu-ubuntu/Ac6/SystemWorkbench/plugins/fr.ac6.mcu.externaltools.arm-none.linux64_1.7.0.201602291252/tools/compiler/bin/../lib/gcc/arm-none-eabi/5.2.1/../../../../arm-none-eabi/lib/armv7e-m/fpu/libc_nano.a(lib_a-malloc.o)
                0x08003a38                malloc
 .text._free_r  0x08003a48       0x8c /home/edutzu-ubuntu/Ac6/SystemWorkbench/plugins/fr.ac6.mcu.externaltools.arm-none.linux64_1.7.0.201602291252/tools/compiler/bin/../lib/gcc/arm-none-eabi/5.2.1/../../../../arm-none-eabi/lib/armv7e-m/fpu/libc_nano.a(lib_a-nano-freer.o)
                0x08003a48                _free_r
 .text._malloc_r
                0x08003ad4       0xa8 /home/edutzu-ubuntu/Ac6/SystemWorkbench/plugins/fr.ac6.mcu.externaltools.arm-none.linux64_1.7.0.201602291252/tools/compiler/bin/../lib/gcc/arm-none-eabi/5.2.1/../../../../arm-none-eabi/lib/armv7e-m/fpu/libc_nano.a(lib_a-nano-mallocr.o)
                0x08003ad4                _malloc_r
 .text.__sfputc_r
                0x08003b7c       0x30 /home/edutzu-ubuntu/Ac6/SystemWorkbench/plugins/fr.ac6.mcu.externaltools.arm-none.linux64_1.7.0.201602291252/tools/compiler/bin/../lib/gcc/arm-none-eabi/5.2.1/../../../../arm-none-eabi/lib/armv7e-m/fpu/libc_nano.a(lib_a-nano-vfprintf.o)
 .text.__sfputs_r
                0x08003bac       0x24 /home/edutzu-ubuntu/Ac6/SystemWorkbench/plugins/fr.ac6.mcu.externaltools.arm-none.linux64_1.7.0.201602291252/tools/compiler/bin/../lib/gcc/arm-none-eabi/5.2.1/../../../../arm-none-eabi/lib/armv7e-m/fpu/libc_nano.a(lib_a-nano-vfprintf.o)
                0x08003bac                __sfputs_r
 .text._vfprintf_r
                0x08003bd0      0x238 /home/edutzu-ubuntu/Ac6/SystemWorkbench/plugins/fr.ac6.mcu.externaltools.arm-none.linux64_1.7.0.201602291252/tools/compiler/bin/../lib/gcc/arm-none-eabi/5.2.1/../../../../arm-none-eabi/lib/armv7e-m/fpu/libc_nano.a(lib_a-nano-vfprintf.o)
                0x08003bd0                _vfiprintf_r
                0x08003bd0                _vfprintf_r
 .text._printf_common
                0x08003e08       0xec /home/edutzu-ubuntu/Ac6/SystemWorkbench/plugins/fr.ac6.mcu.externaltools.arm-none.linux64_1.7.0.201602291252/tools/compiler/bin/../lib/gcc/arm-none-eabi/5.2.1/../../../../arm-none-eabi/lib/armv7e-m/fpu/libc_nano.a(lib_a-nano-vfprintf_i.o)
                0x08003e08                _printf_common
 .text._printf_i
                0x08003ef4      0x24c /home/edutzu-ubuntu/Ac6/SystemWorkbench/plugins/fr.ac6.mcu.externaltools.arm-none.linux64_1.7.0.201602291252/tools/compiler/bin/../lib/gcc/arm-none-eabi/5.2.1/../../../../arm-none-eabi/lib/armv7e-m/fpu/libc_nano.a(lib_a-nano-vfprintf_i.o)
                0x08003ef4                _printf_i
 .text._sbrk_r  0x08004140       0x20 /home/edutzu-ubuntu/Ac6/SystemWorkbench/plugins/fr.ac6.mcu.externaltools.arm-none.linux64_1.7.0.201602291252/tools/compiler/bin/../lib/gcc/arm-none-eabi/5.2.1/../../../../arm-none-eabi/lib/armv7e-m/fpu/libc_nano.a(lib_a-sbrkr.o)
                0x08004140                _sbrk_r
 .text.__sread  0x08004160       0x22 /home/edutzu-ubuntu/Ac6/SystemWorkbench/plugins/fr.ac6.mcu.externaltools.arm-none.linux64_1.7.0.201602291252/tools/compiler/bin/../lib/gcc/arm-none-eabi/5.2.1/../../../../arm-none-eabi/lib/armv7e-m/fpu/libc_nano.a(lib_a-stdio.o)
                0x08004160                __sread
 .text.__swrite
                0x08004182       0x38 /home/edutzu-ubuntu/Ac6/SystemWorkbench/plugins/fr.ac6.mcu.externaltools.arm-none.linux64_1.7.0.201602291252/tools/compiler/bin/../lib/gcc/arm-none-eabi/5.2.1/../../../../arm-none-eabi/lib/armv7e-m/fpu/libc_nano.a(lib_a-stdio.o)
                0x08004182                __swrite
 .text.__sseek  0x080041ba       0x24 /home/edutzu-ubuntu/Ac6/SystemWorkbench/plugins/fr.ac6.mcu.externaltools.arm-none.linux64_1.7.0.201602291252/tools/compiler/bin/../lib/gcc/arm-none-eabi/5.2.1/../../../../arm-none-eabi/lib/armv7e-m/fpu/libc_nano.a(lib_a-stdio.o)
                0x080041ba                __sseek
 .text.__sclose
                0x080041de        0x8 /home/edutzu-ubuntu/Ac6/SystemWorkbench/plugins/fr.ac6.mcu.externaltools.arm-none.linux64_1.7.0.201602291252/tools/compiler/bin/../lib/gcc/arm-none-eabi/5.2.1/../../../../arm-none-eabi/lib/armv7e-m/fpu/libc_nano.a(lib_a-stdio.o)
                0x080041de                __sclose
 *fill*         0x080041e6        0x2 
 .text.__swbuf_r
                0x080041e8       0xa8 /home/edutzu-ubuntu/Ac6/SystemWorkbench/plugins/fr.ac6.mcu.externaltools.arm-none.linux64_1.7.0.201602291252/tools/compiler/bin/../lib/gcc/arm-none-eabi/5.2.1/../../../../arm-none-eabi/lib/armv7e-m/fpu/libc_nano.a(lib_a-wbuf.o)
                0x080041e8                __swbuf_r
 .text._write_r
                0x08004290       0x24 /home/edutzu-ubuntu/Ac6/SystemWorkbench/plugins/fr.ac6.mcu.externaltools.arm-none.linux64_1.7.0.201602291252/tools/compiler/bin/../lib/gcc/arm-none-eabi/5.2.1/../../../../arm-none-eabi/lib/armv7e-m/fpu/libc_nano.a(lib_a-writer.o)
                0x08004290                _write_r
 .text.__swsetup_r
                0x080042b4       0xd8 /home/edutzu-ubuntu/Ac6/SystemWorkbench/plugins/fr.ac6.mcu.externaltools.arm-none.linux64_1.7.0.201602291252/tools/compiler/bin/../lib/gcc/arm-none-eabi/5.2.1/../../../../arm-none-eabi/lib/armv7e-m/fpu/libc_nano.a(lib_a-wsetup.o)
                0x080042b4                __swsetup_r
 .text._close_r
                0x0800438c       0x20 /home/edutzu-ubuntu/Ac6/SystemWorkbench/plugins/fr.ac6.mcu.externaltools.arm-none.linux64_1.7.0.201602291252/tools/compiler/bin/../lib/gcc/arm-none-eabi/5.2.1/../../../../arm-none-eabi/lib/armv7e-m/fpu/libc_nano.a(lib_a-closer.o)
                0x0800438c                _close_r
 .text.__sflush_r
                0x080043ac      0x110 /home/edutzu-ubuntu/Ac6/SystemWorkbench/plugins/fr.ac6.mcu.externaltools.arm-none.linux64_1.7.0.201602291252/tools/compiler/bin/../lib/gcc/arm-none-eabi/5.2.1/../../../../arm-none-eabi/lib/armv7e-m/fpu/libc_nano.a(lib_a-fflush.o)
                0x080043ac                __sflush_r
 .text._fflush_r
                0x080044bc       0x54 /home/edutzu-ubuntu/Ac6/SystemWorkbench/plugins/fr.ac6.mcu.externaltools.arm-none.linux64_1.7.0.201602291252/tools/compiler/bin/../lib/gcc/arm-none-eabi/5.2.1/../../../../arm-none-eabi/lib/armv7e-m/fpu/libc_nano.a(lib_a-fflush.o)
                0x080044bc                _fflush_r
 .text._lseek_r
                0x08004510       0x24 /home/edutzu-ubuntu/Ac6/SystemWorkbench/plugins/fr.ac6.mcu.externaltools.arm-none.linux64_1.7.0.201602291252/tools/compiler/bin/../lib/gcc/arm-none-eabi/5.2.1/../../../../arm-none-eabi/lib/armv7e-m/fpu/libc_nano.a(lib_a-lseekr.o)
                0x08004510                _lseek_r
 .text.__smakebuf_r
                0x08004534       0x9c /home/edutzu-ubuntu/Ac6/SystemWorkbench/plugins/fr.ac6.mcu.externaltools.arm-none.linux64_1.7.0.201602291252/tools/compiler/bin/../lib/gcc/arm-none-eabi/5.2.1/../../../../arm-none-eabi/lib/armv7e-m/fpu/libc_nano.a(lib_a-makebuf.o)
                0x08004534                __smakebuf_r
 .text._read_r  0x080045d0       0x24 /home/edutzu-ubuntu/Ac6/SystemWorkbench/plugins/fr.ac6.mcu.externaltools.arm-none.linux64_1.7.0.201602291252/tools/compiler/bin/../lib/gcc/arm-none-eabi/5.2.1/../../../../arm-none-eabi/lib/armv7e-m/fpu/libc_nano.a(lib_a-readr.o)
                0x080045d0                _read_r
 .text._fstat_r
                0x080045f4       0x24 /home/edutzu-ubuntu/Ac6/SystemWorkbench/plugins/fr.ac6.mcu.externaltools.arm-none.linux64_1.7.0.201602291252/tools/compiler/bin/../lib/gcc/arm-none-eabi/5.2.1/../../../../arm-none-eabi/lib/armv7e-m/fpu/libc_nano.a(lib_a-fstatr.o)
                0x080045f4                _fstat_r
 .text._isatty_r
                0x08004618       0x20 /home/edutzu-ubuntu/Ac6/SystemWorkbench/plugins/fr.ac6.mcu.externaltools.arm-none.linux64_1.7.0.201602291252/tools/compiler/bin/../lib/gcc/arm-none-eabi/5.2.1/../../../../arm-none-eabi/lib/armv7e-m/fpu/libc_nano.a(lib_a-isattyr.o)
                0x08004618                _isatty_r
 .text._close   0x08004638       0x10 /home/edutzu-ubuntu/Ac6/SystemWorkbench/plugins/fr.ac6.mcu.externaltools.arm-none.linux64_1.7.0.201602291252/tools/compiler/bin/../lib/gcc/arm-none-eabi/5.2.1/../../../../arm-none-eabi/lib/armv7e-m/fpu/libnosys.a(close.o)
                0x08004638                _close
 .text._fstat   0x08004648       0x10 /home/edutzu-ubuntu/Ac6/SystemWorkbench/plugins/fr.ac6.mcu.externaltools.arm-none.linux64_1.7.0.201602291252/tools/compiler/bin/../lib/gcc/arm-none-eabi/5.2.1/../../../../arm-none-eabi/lib/armv7e-m/fpu/libnosys.a(fstat.o)
                0x08004648                _fstat
 .text._isatty  0x08004658       0x10 /home/edutzu-ubuntu/Ac6/SystemWorkbench/plugins/fr.ac6.mcu.externaltools.arm-none.linux64_1.7.0.201602291252/tools/compiler/bin/../lib/gcc/arm-none-eabi/5.2.1/../../../../arm-none-eabi/lib/armv7e-m/fpu/libnosys.a(isatty.o)
                0x08004658                _isatty
 .text._lseek   0x08004668       0x10 /home/edutzu-ubuntu/Ac6/SystemWorkbench/plugins/fr.ac6.mcu.externaltools.arm-none.linux64_1.7.0.201602291252/tools/compiler/bin/../lib/gcc/arm-none-eabi/5.2.1/../../../../arm-none-eabi/lib/armv7e-m/fpu/libnosys.a(lseek.o)
                0x08004668                _lseek
 .text._read    0x08004678       0x10 /home/edutzu-ubuntu/Ac6/SystemWorkbench/plugins/fr.ac6.mcu.externaltools.arm-none.linux64_1.7.0.201602291252/tools/compiler/bin/../lib/gcc/arm-none-eabi/5.2.1/../../../../arm-none-eabi/lib/armv7e-m/fpu/libnosys.a(read.o)
                0x08004678                _read
 .text._sbrk    0x08004688       0x1c /home/edutzu-ubuntu/Ac6/SystemWorkbench/plugins/fr.ac6.mcu.externaltools.arm-none.linux64_1.7.0.201602291252/tools/compiler/bin/../lib/gcc/arm-none-eabi/5.2.1/../../../../arm-none-eabi/lib/armv7e-m/fpu/libnosys.a(sbrk.o)
                0x08004688                _sbrk
 .text._write   0x080046a4       0x10 /home/edutzu-ubuntu/Ac6/SystemWorkbench/plugins/fr.ac6.mcu.externaltools.arm-none.linux64_1.7.0.201602291252/tools/compiler/bin/../lib/gcc/arm-none-eabi/5.2.1/../../../../arm-none-eabi/lib/armv7e-m/fpu/libnosys.a(write.o)
                0x080046a4                _write
 *(.glue_7)
 .glue_7        0x080046b4        0x0 linker stubs
 *(.glue_7t)
 .glue_7t       0x080046b4        0x0 linker stubs
 *(.eh_frame)
 .eh_frame      0x080046b4        0x0 /home/edutzu-ubuntu/Ac6/SystemWorkbench/plugins/fr.ac6.mcu.externaltools.arm-none.linux64_1.7.0.201602291252/tools/compiler/bin/../lib/gcc/arm-none-eabi/5.2.1/armv7e-m/fpu/crtbegin.o
 *(.init)
 .init          0x080046b4        0x4 /home/edutzu-ubuntu/Ac6/SystemWorkbench/plugins/fr.ac6.mcu.externaltools.arm-none.linux64_1.7.0.201602291252/tools/compiler/bin/../lib/gcc/arm-none-eabi/5.2.1/armv7e-m/fpu/crti.o
                0x080046b4                _init
 .init          0x080046b8        0x8 /home/edutzu-ubuntu/Ac6/SystemWorkbench/plugins/fr.ac6.mcu.externaltools.arm-none.linux64_1.7.0.201602291252/tools/compiler/bin/../lib/gcc/arm-none-eabi/5.2.1/armv7e-m/fpu/crtn.o
 *(.fini)
 .fini          0x080046c0        0x4 /home/edutzu-ubuntu/Ac6/SystemWorkbench/plugins/fr.ac6.mcu.externaltools.arm-none.linux64_1.7.0.201602291252/tools/compiler/bin/../lib/gcc/arm-none-eabi/5.2.1/armv7e-m/fpu/crti.o
                0x080046c0                _fini
 .fini          0x080046c4        0x8 /home/edutzu-ubuntu/Ac6/SystemWorkbench/plugins/fr.ac6.mcu.externaltools.arm-none.linux64_1.7.0.201602291252/tools/compiler/bin/../lib/gcc/arm-none-eabi/5.2.1/armv7e-m/fpu/crtn.o
                0x080046cc                . = ALIGN (0x4)
                0x080046cc                _etext = .

.vfp11_veneer   0x080046cc        0x0
 .vfp11_veneer  0x080046cc        0x0 linker stubs

.v4_bx          0x080046cc        0x0
 .v4_bx         0x080046cc        0x0 linker stubs

.iplt           0x080046cc        0x0
 .iplt          0x080046cc        0x0 /home/edutzu-ubuntu/Ac6/SystemWorkbench/plugins/fr.ac6.mcu.externaltools.arm-none.linux64_1.7.0.201602291252/tools/compiler/bin/../lib/gcc/arm-none-eabi/5.2.1/armv7e-m/fpu/crtbegin.o

.rodata         0x080046cc      0x130
                0x080046cc                . = ALIGN (0x4)
 *(.rodata)
 .rodata        0x080046cc        0x8 Drivers/STM32F4xx_HAL_Driver/stm32f4xx_hal_dma.o
 .rodata        0x080046d4       0x10 Drivers/STM32F4xx_HAL_Driver/stm32f4xx_hal_rcc.o
                0x080046d4                APBAHBPrescTable
 .rodata        0x080046e4       0x28 Application/User/main.o
 *(.rodata*)
 .rodata.str1.1
                0x0800470c        0x0 Middlewares/FreeRTOS/cmsis_os.o
                                  0x1 (size before relaxing)
 .rodata.str1.1
                0x0800470c        0x5 Middlewares/FreeRTOS/tasks.o
 .rodata.str1.1
                0x08004711        0xd Middlewares/FreeRTOS/timers.o
 .rodata.str1.1
                0x0800471e       0x43 Application/User/main.o
 .rodata.str1.1
                0x08004761        0x2 /home/edutzu-ubuntu/Ac6/SystemWorkbench/plugins/fr.ac6.mcu.externaltools.arm-none.linux64_1.7.0.201602291252/tools/compiler/bin/../lib/gcc/arm-none-eabi/5.2.1/../../../../arm-none-eabi/lib/armv7e-m/fpu/libc_nano.a(lib_a-impure.o)
 *fill*         0x08004763        0x1 
 .rodata._global_impure_ptr
                0x08004764        0x4 /home/edutzu-ubuntu/Ac6/SystemWorkbench/plugins/fr.ac6.mcu.externaltools.arm-none.linux64_1.7.0.201602291252/tools/compiler/bin/../lib/gcc/arm-none-eabi/5.2.1/../../../../arm-none-eabi/lib/armv7e-m/fpu/libc_nano.a(lib_a-impure.o)
                0x08004764                _global_impure_ptr
 .rodata.__sf_fake_stdin
                0x08004768       0x20 /home/edutzu-ubuntu/Ac6/SystemWorkbench/plugins/fr.ac6.mcu.externaltools.arm-none.linux64_1.7.0.201602291252/tools/compiler/bin/../lib/gcc/arm-none-eabi/5.2.1/../../../../arm-none-eabi/lib/armv7e-m/fpu/libc_nano.a(lib_a-findfp.o)
                0x08004768                __sf_fake_stdin
 .rodata.__sf_fake_stdout
                0x08004788       0x20 /home/edutzu-ubuntu/Ac6/SystemWorkbench/plugins/fr.ac6.mcu.externaltools.arm-none.linux64_1.7.0.201602291252/tools/compiler/bin/../lib/gcc/arm-none-eabi/5.2.1/../../../../arm-none-eabi/lib/armv7e-m/fpu/libc_nano.a(lib_a-findfp.o)
                0x08004788                __sf_fake_stdout
 .rodata.__sf_fake_stderr
                0x080047a8       0x20 /home/edutzu-ubuntu/Ac6/SystemWorkbench/plugins/fr.ac6.mcu.externaltools.arm-none.linux64_1.7.0.201602291252/tools/compiler/bin/../lib/gcc/arm-none-eabi/5.2.1/../../../../arm-none-eabi/lib/armv7e-m/fpu/libc_nano.a(lib_a-findfp.o)
                0x080047a8                __sf_fake_stderr
 .rodata.str1.1
                0x080047c8       0x11 /home/edutzu-ubuntu/Ac6/SystemWorkbench/plugins/fr.ac6.mcu.externaltools.arm-none.linux64_1.7.0.201602291252/tools/compiler/bin/../lib/gcc/arm-none-eabi/5.2.1/../../../../arm-none-eabi/lib/armv7e-m/fpu/libc_nano.a(lib_a-nano-vfprintf.o)
 .rodata.str1.1
                0x080047d9       0x22 /home/edutzu-ubuntu/Ac6/SystemWorkbench/plugins/fr.ac6.mcu.externaltools.arm-none.linux64_1.7.0.201602291252/tools/compiler/bin/../lib/gcc/arm-none-eabi/5.2.1/../../../../arm-none-eabi/lib/armv7e-m/fpu/libc_nano.a(lib_a-nano-vfprintf_i.o)
                0x080047fc                . = ALIGN (0x4)
 *fill*         0x080047fb        0x1 

.rel.dyn        0x080047fc        0x0
 .rel.iplt      0x080047fc        0x0 /home/edutzu-ubuntu/Ac6/SystemWorkbench/plugins/fr.ac6.mcu.externaltools.arm-none.linux64_1.7.0.201602291252/tools/compiler/bin/../lib/gcc/arm-none-eabi/5.2.1/armv7e-m/fpu/crtbegin.o

.ARM.extab
 *(.ARM.extab* .gnu.linkonce.armextab.*)

.ARM            0x080047fc        0x0
                0x080047fc                __exidx_start = .
 *(.ARM.exidx*)
                0x080047fc                __exidx_end = .

.preinit_array  0x080047fc        0x0
                0x080047fc                PROVIDE (__preinit_array_start, .)
 *(.preinit_array*)
                0x080047fc                PROVIDE (__preinit_array_end, .)

.init_array     0x080047fc        0x4
                0x080047fc                PROVIDE (__init_array_start, .)
 *(SORT(.init_array.*))
 *(.init_array*)
 .init_array    0x080047fc        0x4 /home/edutzu-ubuntu/Ac6/SystemWorkbench/plugins/fr.ac6.mcu.externaltools.arm-none.linux64_1.7.0.201602291252/tools/compiler/bin/../lib/gcc/arm-none-eabi/5.2.1/armv7e-m/fpu/crtbegin.o
                0x08004800                PROVIDE (__init_array_end, .)

.fini_array     0x08004800        0x4
                [!provide]                PROVIDE (__fini_array_start, .)
 *(SORT(.fini_array.*))
 *(.fini_array*)
 .fini_array    0x08004800        0x4 /home/edutzu-ubuntu/Ac6/SystemWorkbench/plugins/fr.ac6.mcu.externaltools.arm-none.linux64_1.7.0.201602291252/tools/compiler/bin/../lib/gcc/arm-none-eabi/5.2.1/armv7e-m/fpu/crtbegin.o
                [!provide]                PROVIDE (__fini_array_end, .)
                0x08004804                _sidata = LOADADDR (.data)

.data           0x20000000       0x70 load address 0x08004804
                0x20000000                . = ALIGN (0x4)
                0x20000000                _sdata = .
 *(.data)
 .data          0x20000000        0x4 Middlewares/FreeRTOS/port.o
 .data          0x20000004        0x4 Middlewares/FreeRTOS/tasks.o
 .data          0x20000008        0x4 Drivers/CMSIS/system_stm32f4xx.o
                0x20000008                SystemCoreClock
 *(.data*)
 .data.impure_data
                0x2000000c       0x60 /home/edutzu-ubuntu/Ac6/SystemWorkbench/plugins/fr.ac6.mcu.externaltools.arm-none.linux64_1.7.0.201602291252/tools/compiler/bin/../lib/gcc/arm-none-eabi/5.2.1/../../../../arm-none-eabi/lib/armv7e-m/fpu/libc_nano.a(lib_a-impure.o)
 .data._impure_ptr
                0x2000006c        0x4 /home/edutzu-ubuntu/Ac6/SystemWorkbench/plugins/fr.ac6.mcu.externaltools.arm-none.linux64_1.7.0.201602291252/tools/compiler/bin/../lib/gcc/arm-none-eabi/5.2.1/../../../../arm-none-eabi/lib/armv7e-m/fpu/libc_nano.a(lib_a-impure.o)
                0x2000006c                _impure_ptr
                0x20000070                . = ALIGN (0x4)
                0x20000070                _edata = .

.jcr            0x20000070        0x0 load address 0x08004874
 .jcr           0x20000070        0x0 /home/edutzu-ubuntu/Ac6/SystemWorkbench/plugins/fr.ac6.mcu.externaltools.arm-none.linux64_1.7.0.201602291252/tools/compiler/bin/../lib/gcc/arm-none-eabi/5.2.1/armv7e-m/fpu/crtbegin.o

.tm_clone_table
                0x20000070        0x0 load address 0x08004874
 .tm_clone_table
                0x20000070        0x0 /home/edutzu-ubuntu/Ac6/SystemWorkbench/plugins/fr.ac6.mcu.externaltools.arm-none.linux64_1.7.0.201602291252/tools/compiler/bin/../lib/gcc/arm-none-eabi/5.2.1/armv7e-m/fpu/crtbegin.o
 .tm_clone_table
                0x20000070        0x0 /home/edutzu-ubuntu/Ac6/SystemWorkbench/plugins/fr.ac6.mcu.externaltools.arm-none.linux64_1.7.0.201602291252/tools/compiler/bin/../lib/gcc/arm-none-eabi/5.2.1/armv7e-m/fpu/crtend.o

.igot.plt       0x20000070        0x0 load address 0x08004874
 .igot.plt      0x20000070        0x0 /home/edutzu-ubuntu/Ac6/SystemWorkbench/plugins/fr.ac6.mcu.externaltools.arm-none.linux64_1.7.0.201602291252/tools/compiler/bin/../lib/gcc/arm-none-eabi/5.2.1/armv7e-m/fpu/crtbegin.o
                0x20000070                . = ALIGN (0x4)

.bss            0x20000070     0x3f9c load address 0x08004874
                0x20000070                _sbss = .
                0x20000070                __bss_start__ = _sbss
 *(.bss)
 .bss           0x20000070       0x1c /home/edutzu-ubuntu/Ac6/SystemWorkbench/plugins/fr.ac6.mcu.externaltools.arm-none.linux64_1.7.0.201602291252/tools/compiler/bin/../lib/gcc/arm-none-eabi/5.2.1/armv7e-m/fpu/crtbegin.o
 .bss           0x2000008c     0x3c18 Middlewares/FreeRTOS/heap_4.o
 .bss           0x20003ca4        0x8 Middlewares/FreeRTOS/port.o
 .bss           0x20003cac      0x124 Middlewares/FreeRTOS/tasks.o
                0x20003cb0                pxCurrentTCB
 .bss           0x20003dd0       0x38 Middlewares/FreeRTOS/timers.o
 .bss           0x20003e08        0x9 Application/User/main.o
                0x20003e08                counter
                0x20003e10                ILI9341_INT_CalledFromPuts
 *(.bss*)
 *fill*         0x20003e11        0x3 
 .bss.__malloc_sbrk_start
                0x20003e14        0x4 /home/edutzu-ubuntu/Ac6/SystemWorkbench/plugins/fr.ac6.mcu.externaltools.arm-none.linux64_1.7.0.201602291252/tools/compiler/bin/../lib/gcc/arm-none-eabi/5.2.1/../../../../arm-none-eabi/lib/armv7e-m/fpu/libc_nano.a(lib_a-nano-mallocr.o)
                0x20003e14                __malloc_sbrk_start
 .bss.__malloc_free_list
                0x20003e18        0x4 /home/edutzu-ubuntu/Ac6/SystemWorkbench/plugins/fr.ac6.mcu.externaltools.arm-none.linux64_1.7.0.201602291252/tools/compiler/bin/../lib/gcc/arm-none-eabi/5.2.1/../../../../arm-none-eabi/lib/armv7e-m/fpu/libc_nano.a(lib_a-nano-mallocr.o)
                0x20003e18                __malloc_free_list
 .bss.heap_end.4169
                0x20003e1c        0x4 /home/edutzu-ubuntu/Ac6/SystemWorkbench/plugins/fr.ac6.mcu.externaltools.arm-none.linux64_1.7.0.201602291252/tools/compiler/bin/../lib/gcc/arm-none-eabi/5.2.1/../../../../arm-none-eabi/lib/armv7e-m/fpu/libnosys.a(sbrk.o)
 *(COMMON)
 COMMON         0x20003e20       0x40 Middlewares/FreeRTOS/queue.o
                0x20003e20                xQueueRegistry
 COMMON         0x20003e60        0x4 Drivers/STM32F4xx_HAL_Driver/stm32f4xx_hal.o
                0x20003e60                uwTick
 COMMON         0x20003e64      0x168 Application/User/main.o
                0x20003e64                defaultTaskHandle
                0x20003e68                ILI9341_x
                0x20003e6a                ILI9341_Opts
                0x20003e70                myTaskSPIHandle
                0x20003e74                myTimer01Handle
                0x20003e78                RxBuff
                0x20003e7c                ILI9341_y
                0x20003e80                hspi1
                0x20003ed8                huart2
                0x20003f18                hdma_spi1_rx
                0x20003f70                TxBuff
                0x20003f74                hdma_spi1_tx
 COMMON         0x20003fcc       0x3c Application/User/stm32f4xx_hal_timebase_TIM.o
                0x20003fcc                htim10
 COMMON         0x20004008        0x4 /home/edutzu-ubuntu/Ac6/SystemWorkbench/plugins/fr.ac6.mcu.externaltools.arm-none.linux64_1.7.0.201602291252/tools/compiler/bin/../lib/gcc/arm-none-eabi/5.2.1/../../../../arm-none-eabi/lib/armv7e-m/fpu/libc_nano.a(lib_a-reent.o)
                0x20004008                errno
                0x2000400c                . = ALIGN (0x4)
                0x2000400c                _ebss = .
                0x2000400c                __bss_end__ = _ebss

._user_heap_stack
                0x2000400c      0x604 load address 0x08004874
                0x20004010                . = ALIGN (0x8)
 *fill*         0x2000400c        0x4 
                0x20004010                PROVIDE (end, .)
                [!provide]                PROVIDE (_end, .)
                0x20004410                . = (. + _Min_Heap_Size)
 *fill*         0x20004010      0x400 
                0x20004610                . = (. + _Min_Stack_Size)
 *fill*         0x20004410      0x200 
                0x20004610                . = ALIGN (0x8)

/DISCARD/
 libc.a(*)
 libm.a(*)
 libgcc.a(*)

.ARM.attributes
                0x00000000       0x30
 *(.ARM.attributes)
 .ARM.attributes
                0x00000000       0x22 /home/edutzu-ubuntu/Ac6/SystemWorkbench/plugins/fr.ac6.mcu.externaltools.arm-none.linux64_1.7.0.201602291252/tools/compiler/bin/../lib/gcc/arm-none-eabi/5.2.1/armv7e-m/fpu/crti.o
 .ARM.attributes
                0x00000022       0x34 /home/edutzu-ubuntu/Ac6/SystemWorkbench/plugins/fr.ac6.mcu.externaltools.arm-none.linux64_1.7.0.201602291252/tools/compiler/bin/../lib/gcc/arm-none-eabi/5.2.1/armv7e-m/fpu/crtbegin.o
 .ARM.attributes
                0x00000056       0x39 Middlewares/FreeRTOS/cmsis_os.o
 .ARM.attributes
                0x0000008f       0x39 Middlewares/FreeRTOS/heap_4.o
 .ARM.attributes
                0x000000c8       0x39 Middlewares/FreeRTOS/list.o
 .ARM.attributes
                0x00000101       0x39 Middlewares/FreeRTOS/port.o
 .ARM.attributes
                0x0000013a       0x39 Middlewares/FreeRTOS/queue.o
 .ARM.attributes
                0x00000173       0x39 Middlewares/FreeRTOS/tasks.o
 .ARM.attributes
                0x000001ac       0x39 Middlewares/FreeRTOS/timers.o
 .ARM.attributes
                0x000001e5       0x39 Drivers/STM32F4xx_HAL_Driver/stm32f4xx_hal.o
 .ARM.attributes
                0x0000021e       0x39 Drivers/STM32F4xx_HAL_Driver/stm32f4xx_hal_cortex.o
 .ARM.attributes
                0x00000257       0x39 Drivers/STM32F4xx_HAL_Driver/stm32f4xx_hal_dma.o
 .ARM.attributes
                0x00000290       0x39 Drivers/STM32F4xx_HAL_Driver/stm32f4xx_hal_gpio.o
 .ARM.attributes
                0x000002c9       0x39 Drivers/STM32F4xx_HAL_Driver/stm32f4xx_hal_rcc.o
 .ARM.attributes
                0x00000302       0x39 Drivers/STM32F4xx_HAL_Driver/stm32f4xx_hal_spi.o
 .ARM.attributes
                0x0000033b       0x39 Drivers/STM32F4xx_HAL_Driver/stm32f4xx_hal_tim.o
 .ARM.attributes
                0x00000374       0x39 Drivers/STM32F4xx_HAL_Driver/stm32f4xx_hal_tim_ex.o
 .ARM.attributes
                0x000003ad       0x39 Drivers/STM32F4xx_HAL_Driver/stm32f4xx_hal_uart.o
 .ARM.attributes
                0x000003e6       0x39 Drivers/CMSIS/system_stm32f4xx.o
 .ARM.attributes
                0x0000041f       0x39 Application/User/ili9341.o
 .ARM.attributes
                0x00000458       0x39 Application/User/main.o
 .ARM.attributes
                0x00000491       0x39 Application/User/stm32f4xx_hal_msp.o
 .ARM.attributes
                0x000004ca       0x39 Application/User/stm32f4xx_hal_timebase_TIM.o
 .ARM.attributes
                0x00000503       0x39 Application/User/stm32f4xx_it.o
 .ARM.attributes
                0x0000053c       0x21 Application/SW4STM32/startup_stm32f401xe.o
 .ARM.attributes
                0x0000055d       0x34 /home/edutzu-ubuntu/Ac6/SystemWorkbench/plugins/fr.ac6.mcu.externaltools.arm-none.linux64_1.7.0.201602291252/tools/compiler/bin/../lib/gcc/arm-none-eabi/5.2.1/../../../../arm-none-eabi/lib/armv7e-m/fpu/libc_nano.a(lib_a-impure.o)
 .ARM.attributes
                0x00000591       0x34 /home/edutzu-ubuntu/Ac6/SystemWorkbench/plugins/fr.ac6.mcu.externaltools.arm-none.linux64_1.7.0.201602291252/tools/compiler/bin/../lib/gcc/arm-none-eabi/5.2.1/../../../../arm-none-eabi/lib/armv7e-m/fpu/libc_nano.a(lib_a-init.o)
 .ARM.attributes
                0x000005c5       0x34 /home/edutzu-ubuntu/Ac6/SystemWorkbench/plugins/fr.ac6.mcu.externaltools.arm-none.linux64_1.7.0.201602291252/tools/compiler/bin/../lib/gcc/arm-none-eabi/5.2.1/../../../../arm-none-eabi/lib/armv7e-m/fpu/libc_nano.a(lib_a-memcpy-stub.o)
 .ARM.attributes
                0x000005f9       0x34 /home/edutzu-ubuntu/Ac6/SystemWorkbench/plugins/fr.ac6.mcu.externaltools.arm-none.linux64_1.7.0.201602291252/tools/compiler/bin/../lib/gcc/arm-none-eabi/5.2.1/../../../../arm-none-eabi/lib/armv7e-m/fpu/libc_nano.a(lib_a-memset.o)
 .ARM.attributes
                0x0000062d       0x34 /home/edutzu-ubuntu/Ac6/SystemWorkbench/plugins/fr.ac6.mcu.externaltools.arm-none.linux64_1.7.0.201602291252/tools/compiler/bin/../lib/gcc/arm-none-eabi/5.2.1/../../../../arm-none-eabi/lib/armv7e-m/fpu/libc_nano.a(lib_a-printf.o)
 .ARM.attributes
                0x00000661       0x34 /home/edutzu-ubuntu/Ac6/SystemWorkbench/plugins/fr.ac6.mcu.externaltools.arm-none.linux64_1.7.0.201602291252/tools/compiler/bin/../lib/gcc/arm-none-eabi/5.2.1/../../../../arm-none-eabi/lib/armv7e-m/fpu/libc_nano.a(lib_a-rand.o)
 .ARM.attributes
                0x00000695       0x34 /home/edutzu-ubuntu/Ac6/SystemWorkbench/plugins/fr.ac6.mcu.externaltools.arm-none.linux64_1.7.0.201602291252/tools/compiler/bin/../lib/gcc/arm-none-eabi/5.2.1/../../../../arm-none-eabi/lib/armv7e-m/fpu/libc_nano.a(lib_a-findfp.o)
 .ARM.attributes
                0x000006c9       0x34 /home/edutzu-ubuntu/Ac6/SystemWorkbench/plugins/fr.ac6.mcu.externaltools.arm-none.linux64_1.7.0.201602291252/tools/compiler/bin/../lib/gcc/arm-none-eabi/5.2.1/../../../../arm-none-eabi/lib/armv7e-m/fpu/libc_nano.a(lib_a-fwalk.o)
 .ARM.attributes
                0x000006fd       0x34 /home/edutzu-ubuntu/Ac6/SystemWorkbench/plugins/fr.ac6.mcu.externaltools.arm-none.linux64_1.7.0.201602291252/tools/compiler/bin/../lib/gcc/arm-none-eabi/5.2.1/../../../../arm-none-eabi/lib/armv7e-m/fpu/libc_nano.a(lib_a-malloc.o)
 .ARM.attributes
                0x00000731       0x34 /home/edutzu-ubuntu/Ac6/SystemWorkbench/plugins/fr.ac6.mcu.externaltools.arm-none.linux64_1.7.0.201602291252/tools/compiler/bin/../lib/gcc/arm-none-eabi/5.2.1/../../../../arm-none-eabi/lib/armv7e-m/fpu/libc_nano.a(lib_a-nano-freer.o)
 .ARM.attributes
                0x00000765       0x34 /home/edutzu-ubuntu/Ac6/SystemWorkbench/plugins/fr.ac6.mcu.externaltools.arm-none.linux64_1.7.0.201602291252/tools/compiler/bin/../lib/gcc/arm-none-eabi/5.2.1/../../../../arm-none-eabi/lib/armv7e-m/fpu/libc_nano.a(lib_a-nano-mallocr.o)
 .ARM.attributes
                0x00000799       0x34 /home/edutzu-ubuntu/Ac6/SystemWorkbench/plugins/fr.ac6.mcu.externaltools.arm-none.linux64_1.7.0.201602291252/tools/compiler/bin/../lib/gcc/arm-none-eabi/5.2.1/../../../../arm-none-eabi/lib/armv7e-m/fpu/libc_nano.a(lib_a-nano-vfprintf.o)
 .ARM.attributes
                0x000007cd       0x34 /home/edutzu-ubuntu/Ac6/SystemWorkbench/plugins/fr.ac6.mcu.externaltools.arm-none.linux64_1.7.0.201602291252/tools/compiler/bin/../lib/gcc/arm-none-eabi/5.2.1/../../../../arm-none-eabi/lib/armv7e-m/fpu/libc_nano.a(lib_a-nano-vfprintf_i.o)
 .ARM.attributes
                0x00000801       0x34 /home/edutzu-ubuntu/Ac6/SystemWorkbench/plugins/fr.ac6.mcu.externaltools.arm-none.linux64_1.7.0.201602291252/tools/compiler/bin/../lib/gcc/arm-none-eabi/5.2.1/../../../../arm-none-eabi/lib/armv7e-m/fpu/libc_nano.a(lib_a-sbrkr.o)
 .ARM.attributes
                0x00000835       0x34 /home/edutzu-ubuntu/Ac6/SystemWorkbench/plugins/fr.ac6.mcu.externaltools.arm-none.linux64_1.7.0.201602291252/tools/compiler/bin/../lib/gcc/arm-none-eabi/5.2.1/../../../../arm-none-eabi/lib/armv7e-m/fpu/libc_nano.a(lib_a-stdio.o)
 .ARM.attributes
                0x00000869       0x34 /home/edutzu-ubuntu/Ac6/SystemWorkbench/plugins/fr.ac6.mcu.externaltools.arm-none.linux64_1.7.0.201602291252/tools/compiler/bin/../lib/gcc/arm-none-eabi/5.2.1/../../../../arm-none-eabi/lib/armv7e-m/fpu/libc_nano.a(lib_a-wbuf.o)
 .ARM.attributes
                0x0000089d       0x34 /home/edutzu-ubuntu/Ac6/SystemWorkbench/plugins/fr.ac6.mcu.externaltools.arm-none.linux64_1.7.0.201602291252/tools/compiler/bin/../lib/gcc/arm-none-eabi/5.2.1/../../../../arm-none-eabi/lib/armv7e-m/fpu/libc_nano.a(lib_a-writer.o)
 .ARM.attributes
                0x000008d1       0x34 /home/edutzu-ubuntu/Ac6/SystemWorkbench/plugins/fr.ac6.mcu.externaltools.arm-none.linux64_1.7.0.201602291252/tools/compiler/bin/../lib/gcc/arm-none-eabi/5.2.1/../../../../arm-none-eabi/lib/armv7e-m/fpu/libc_nano.a(lib_a-wsetup.o)
 .ARM.attributes
                0x00000905       0x34 /home/edutzu-ubuntu/Ac6/SystemWorkbench/plugins/fr.ac6.mcu.externaltools.arm-none.linux64_1.7.0.201602291252/tools/compiler/bin/../lib/gcc/arm-none-eabi/5.2.1/../../../../arm-none-eabi/lib/armv7e-m/fpu/libc_nano.a(lib_a-closer.o)
 .ARM.attributes
                0x00000939       0x34 /home/edutzu-ubuntu/Ac6/SystemWorkbench/plugins/fr.ac6.mcu.externaltools.arm-none.linux64_1.7.0.201602291252/tools/compiler/bin/../lib/gcc/arm-none-eabi/5.2.1/../../../../arm-none-eabi/lib/armv7e-m/fpu/libc_nano.a(lib_a-fflush.o)
 .ARM.attributes
                0x0000096d       0x34 /home/edutzu-ubuntu/Ac6/SystemWorkbench/plugins/fr.ac6.mcu.externaltools.arm-none.linux64_1.7.0.201602291252/tools/compiler/bin/../lib/gcc/arm-none-eabi/5.2.1/../../../../arm-none-eabi/lib/armv7e-m/fpu/libc_nano.a(lib_a-lseekr.o)
 .ARM.attributes
                0x000009a1       0x34 /home/edutzu-ubuntu/Ac6/SystemWorkbench/plugins/fr.ac6.mcu.externaltools.arm-none.linux64_1.7.0.201602291252/tools/compiler/bin/../lib/gcc/arm-none-eabi/5.2.1/../../../../arm-none-eabi/lib/armv7e-m/fpu/libc_nano.a(lib_a-makebuf.o)
 .ARM.attributes
                0x000009d5       0x20 /home/edutzu-ubuntu/Ac6/SystemWorkbench/plugins/fr.ac6.mcu.externaltools.arm-none.linux64_1.7.0.201602291252/tools/compiler/bin/../lib/gcc/arm-none-eabi/5.2.1/../../../../arm-none-eabi/lib/armv7e-m/fpu/libc_nano.a(lib_a-memchr.o)
 .ARM.attributes
                0x000009f5       0x34 /home/edutzu-ubuntu/Ac6/SystemWorkbench/plugins/fr.ac6.mcu.externaltools.arm-none.linux64_1.7.0.201602291252/tools/compiler/bin/../lib/gcc/arm-none-eabi/5.2.1/../../../../arm-none-eabi/lib/armv7e-m/fpu/libc_nano.a(lib_a-readr.o)
 .ARM.attributes
                0x00000a29       0x34 /home/edutzu-ubuntu/Ac6/SystemWorkbench/plugins/fr.ac6.mcu.externaltools.arm-none.linux64_1.7.0.201602291252/tools/compiler/bin/../lib/gcc/arm-none-eabi/5.2.1/../../../../arm-none-eabi/lib/armv7e-m/fpu/libc_nano.a(lib_a-reent.o)
 .ARM.attributes
                0x00000a5d       0x34 /home/edutzu-ubuntu/Ac6/SystemWorkbench/plugins/fr.ac6.mcu.externaltools.arm-none.linux64_1.7.0.201602291252/tools/compiler/bin/../lib/gcc/arm-none-eabi/5.2.1/../../../../arm-none-eabi/lib/armv7e-m/fpu/libc_nano.a(lib_a-fstatr.o)
 .ARM.attributes
                0x00000a91       0x34 /home/edutzu-ubuntu/Ac6/SystemWorkbench/plugins/fr.ac6.mcu.externaltools.arm-none.linux64_1.7.0.201602291252/tools/compiler/bin/../lib/gcc/arm-none-eabi/5.2.1/../../../../arm-none-eabi/lib/armv7e-m/fpu/libc_nano.a(lib_a-isattyr.o)
 .ARM.attributes
                0x00000ac5       0x34 /home/edutzu-ubuntu/Ac6/SystemWorkbench/plugins/fr.ac6.mcu.externaltools.arm-none.linux64_1.7.0.201602291252/tools/compiler/bin/../lib/gcc/arm-none-eabi/5.2.1/../../../../arm-none-eabi/lib/armv7e-m/fpu/libnosys.a(close.o)
 .ARM.attributes
                0x00000af9       0x34 /home/edutzu-ubuntu/Ac6/SystemWorkbench/plugins/fr.ac6.mcu.externaltools.arm-none.linux64_1.7.0.201602291252/tools/compiler/bin/../lib/gcc/arm-none-eabi/5.2.1/../../../../arm-none-eabi/lib/armv7e-m/fpu/libnosys.a(fstat.o)
 .ARM.attributes
                0x00000b2d       0x34 /home/edutzu-ubuntu/Ac6/SystemWorkbench/plugins/fr.ac6.mcu.externaltools.arm-none.linux64_1.7.0.201602291252/tools/compiler/bin/../lib/gcc/arm-none-eabi/5.2.1/../../../../arm-none-eabi/lib/armv7e-m/fpu/libnosys.a(isatty.o)
 .ARM.attributes
                0x00000b61       0x34 /home/edutzu-ubuntu/Ac6/SystemWorkbench/plugins/fr.ac6.mcu.externaltools.arm-none.linux64_1.7.0.201602291252/tools/compiler/bin/../lib/gcc/arm-none-eabi/5.2.1/../../../../arm-none-eabi/lib/armv7e-m/fpu/libnosys.a(lseek.o)
 .ARM.attributes
                0x00000b95       0x34 /home/edutzu-ubuntu/Ac6/SystemWorkbench/plugins/fr.ac6.mcu.externaltools.arm-none.linux64_1.7.0.201602291252/tools/compiler/bin/../lib/gcc/arm-none-eabi/5.2.1/../../../../arm-none-eabi/lib/armv7e-m/fpu/libnosys.a(read.o)
 .ARM.attributes
                0x00000bc9       0x34 /home/edutzu-ubuntu/Ac6/SystemWorkbench/plugins/fr.ac6.mcu.externaltools.arm-none.linux64_1.7.0.201602291252/tools/compiler/bin/../lib/gcc/arm-none-eabi/5.2.1/../../../../arm-none-eabi/lib/armv7e-m/fpu/libnosys.a(sbrk.o)
 .ARM.attributes
                0x00000bfd       0x34 /home/edutzu-ubuntu/Ac6/SystemWorkbench/plugins/fr.ac6.mcu.externaltools.arm-none.linux64_1.7.0.201602291252/tools/compiler/bin/../lib/gcc/arm-none-eabi/5.2.1/../../../../arm-none-eabi/lib/armv7e-m/fpu/libnosys.a(write.o)
 .ARM.attributes
                0x00000c31       0x34 /home/edutzu-ubuntu/Ac6/SystemWorkbench/plugins/fr.ac6.mcu.externaltools.arm-none.linux64_1.7.0.201602291252/tools/compiler/bin/../lib/gcc/arm-none-eabi/5.2.1/armv7e-m/fpu/crtend.o
 .ARM.attributes
                0x00000c65       0x22 /home/edutzu-ubuntu/Ac6/SystemWorkbench/plugins/fr.ac6.mcu.externaltools.arm-none.linux64_1.7.0.201602291252/tools/compiler/bin/../lib/gcc/arm-none-eabi/5.2.1/armv7e-m/fpu/crtn.o
OUTPUT(againWithLCD.elf elf32-littlearm)

.debug_info     0x00000000    0x166b1
 .debug_info    0x00000000     0x1e47 Middlewares/FreeRTOS/cmsis_os.o
 .debug_info    0x00001e47      0x486 Middlewares/FreeRTOS/heap_4.o
 .debug_info    0x000022cd      0x2a1 Middlewares/FreeRTOS/list.o
 .debug_info    0x0000256e      0x557 Middlewares/FreeRTOS/port.o
 .debug_info    0x00002ac5     0x19a1 Middlewares/FreeRTOS/queue.o
 .debug_info    0x00004466     0x2737 Middlewares/FreeRTOS/tasks.o
 .debug_info    0x00006b9d      0xf48 Middlewares/FreeRTOS/timers.o
 .debug_info    0x00007ae5      0x84e Drivers/STM32F4xx_HAL_Driver/stm32f4xx_hal.o
 .debug_info    0x00008333      0xdd4 Drivers/STM32F4xx_HAL_Driver/stm32f4xx_hal_cortex.o
 .debug_info    0x00009107      0x804 Drivers/STM32F4xx_HAL_Driver/stm32f4xx_hal_dma.o
 .debug_info    0x0000990b      0x721 Drivers/STM32F4xx_HAL_Driver/stm32f4xx_hal_gpio.o
 .debug_info    0x0000a02c      0xc9b Drivers/STM32F4xx_HAL_Driver/stm32f4xx_hal_rcc.o
 .debug_info    0x0000acc7     0x195c Drivers/STM32F4xx_HAL_Driver/stm32f4xx_hal_spi.o
 .debug_info    0x0000c623     0x2ea8 Drivers/STM32F4xx_HAL_Driver/stm32f4xx_hal_tim.o
 .debug_info    0x0000f4cb      0xf6d Drivers/STM32F4xx_HAL_Driver/stm32f4xx_hal_tim_ex.o
 .debug_info    0x00010438     0x10f4 Drivers/STM32F4xx_HAL_Driver/stm32f4xx_hal_uart.o
 .debug_info    0x0001152c      0x4b0 Drivers/CMSIS/system_stm32f4xx.o
 .debug_info    0x000119dc      0xd28 Application/User/ili9341.o
 .debug_info    0x00012704     0x1faa Application/User/main.o
 .debug_info    0x000146ae      0xdc3 Application/User/stm32f4xx_hal_msp.o
 .debug_info    0x00015471      0xaf1 Application/User/stm32f4xx_hal_timebase_TIM.o
 .debug_info    0x00015f62      0x63b Application/User/stm32f4xx_it.o
 .debug_info    0x0001659d      0x114 Application/SW4STM32/startup_stm32f401xe.o

.debug_abbrev   0x00000000     0x36de
 .debug_abbrev  0x00000000      0x373 Middlewares/FreeRTOS/cmsis_os.o
 .debug_abbrev  0x00000373      0x231 Middlewares/FreeRTOS/heap_4.o
 .debug_abbrev  0x000005a4       0xdd Middlewares/FreeRTOS/list.o
 .debug_abbrev  0x00000681      0x21c Middlewares/FreeRTOS/port.o
 .debug_abbrev  0x0000089d      0x2e6 Middlewares/FreeRTOS/queue.o
 .debug_abbrev  0x00000b83      0x393 Middlewares/FreeRTOS/tasks.o
 .debug_abbrev  0x00000f16      0x2ea Middlewares/FreeRTOS/timers.o
 .debug_abbrev  0x00001200      0x261 Drivers/STM32F4xx_HAL_Driver/stm32f4xx_hal.o
 .debug_abbrev  0x00001461      0x332 Drivers/STM32F4xx_HAL_Driver/stm32f4xx_hal_cortex.o
 .debug_abbrev  0x00001793      0x23b Drivers/STM32F4xx_HAL_Driver/stm32f4xx_hal_dma.o
 .debug_abbrev  0x000019ce      0x1cb Drivers/STM32F4xx_HAL_Driver/stm32f4xx_hal_gpio.o
 .debug_abbrev  0x00001b99      0x2ff Drivers/STM32F4xx_HAL_Driver/stm32f4xx_hal_rcc.o
 .debug_abbrev  0x00001e98      0x332 Drivers/STM32F4xx_HAL_Driver/stm32f4xx_hal_spi.o
 .debug_abbrev  0x000021ca      0x323 Drivers/STM32F4xx_HAL_Driver/stm32f4xx_hal_tim.o
 .debug_abbrev  0x000024ed      0x282 Drivers/STM32F4xx_HAL_Driver/stm32f4xx_hal_tim_ex.o
 .debug_abbrev  0x0000276f      0x2d0 Drivers/STM32F4xx_HAL_Driver/stm32f4xx_hal_uart.o
 .debug_abbrev  0x00002a3f      0x104 Drivers/CMSIS/system_stm32f4xx.o
 .debug_abbrev  0x00002b43      0x231 Application/User/ili9341.o
 .debug_abbrev  0x00002d74      0x401 Application/User/main.o
 .debug_abbrev  0x00003175      0x1d6 Application/User/stm32f4xx_hal_msp.o
 .debug_abbrev  0x0000334b      0x21a Application/User/stm32f4xx_hal_timebase_TIM.o
 .debug_abbrev  0x00003565      0x167 Application/User/stm32f4xx_it.o
 .debug_abbrev  0x000036cc       0x12 Application/SW4STM32/startup_stm32f401xe.o

.debug_loc      0x00000000     0xba87
 .debug_loc     0x00000000     0x113d Middlewares/FreeRTOS/cmsis_os.o
 .debug_loc     0x0000113d      0x389 Middlewares/FreeRTOS/heap_4.o
 .debug_loc     0x000014c6       0x94 Middlewares/FreeRTOS/list.o
 .debug_loc     0x0000155a       0xae Middlewares/FreeRTOS/port.o
 .debug_loc     0x00001608      0xbf2 Middlewares/FreeRTOS/queue.o
 .debug_loc     0x000021fa     0x1827 Middlewares/FreeRTOS/tasks.o
 .debug_loc     0x00003a21      0x79d Middlewares/FreeRTOS/timers.o
 .debug_loc     0x000041be       0x84 Drivers/STM32F4xx_HAL_Driver/stm32f4xx_hal.o
 .debug_loc     0x00004242      0x4ab Drivers/STM32F4xx_HAL_Driver/stm32f4xx_hal_cortex.o
 .debug_loc     0x000046ed      0x4e2 Drivers/STM32F4xx_HAL_Driver/stm32f4xx_hal_dma.o
 .debug_loc     0x00004bcf      0x370 Drivers/STM32F4xx_HAL_Driver/stm32f4xx_hal_gpio.o
 .debug_loc     0x00004f3f      0x4e3 Drivers/STM32F4xx_HAL_Driver/stm32f4xx_hal_rcc.o
 .debug_loc     0x00005422     0x165e Drivers/STM32F4xx_HAL_Driver/stm32f4xx_hal_spi.o
 .debug_loc     0x00006a80     0x30f6 Drivers/STM32F4xx_HAL_Driver/stm32f4xx_hal_tim.o
 .debug_loc     0x00009b76      0x7b9 Drivers/STM32F4xx_HAL_Driver/stm32f4xx_hal_tim_ex.o
 .debug_loc     0x0000a32f      0xe48 Drivers/STM32F4xx_HAL_Driver/stm32f4xx_hal_uart.o
 .debug_loc     0x0000b177       0xd7 Drivers/CMSIS/system_stm32f4xx.o
 .debug_loc     0x0000b24e      0x16d Application/User/ili9341.o
 .debug_loc     0x0000b3bb      0x567 Application/User/main.o
 .debug_loc     0x0000b922       0xb0 Application/User/stm32f4xx_hal_msp.o
 .debug_loc     0x0000b9d2       0xb5 Application/User/stm32f4xx_hal_timebase_TIM.o

.debug_aranges  0x00000000     0x1018
 .debug_aranges
                0x00000000      0x188 Middlewares/FreeRTOS/cmsis_os.o
 .debug_aranges
                0x00000188       0x48 Middlewares/FreeRTOS/heap_4.o
 .debug_aranges
                0x000001d0       0x40 Middlewares/FreeRTOS/list.o
 .debug_aranges
                0x00000210       0x80 Middlewares/FreeRTOS/port.o
 .debug_aranges
                0x00000290       0xf8 Middlewares/FreeRTOS/queue.o
 .debug_aranges
                0x00000388      0x190 Middlewares/FreeRTOS/tasks.o
 .debug_aranges
                0x00000518       0x70 Middlewares/FreeRTOS/timers.o
 .debug_aranges
                0x00000588       0xb8 Drivers/STM32F4xx_HAL_Driver/stm32f4xx_hal.o
 .debug_aranges
                0x00000640       0x98 Drivers/STM32F4xx_HAL_Driver/stm32f4xx_hal_cortex.o
 .debug_aranges
                0x000006d8       0x68 Drivers/STM32F4xx_HAL_Driver/stm32f4xx_hal_dma.o
 .debug_aranges
                0x00000740       0x58 Drivers/STM32F4xx_HAL_Driver/stm32f4xx_hal_gpio.o
 .debug_aranges
                0x00000798       0x80 Drivers/STM32F4xx_HAL_Driver/stm32f4xx_hal_rcc.o
 .debug_aranges
                0x00000818      0x170 Drivers/STM32F4xx_HAL_Driver/stm32f4xx_hal_spi.o
 .debug_aranges
                0x00000988      0x250 Drivers/STM32F4xx_HAL_Driver/stm32f4xx_hal_tim.o
 .debug_aranges
                0x00000bd8       0xf0 Drivers/STM32F4xx_HAL_Driver/stm32f4xx_hal_tim_ex.o
 .debug_aranges
                0x00000cc8      0x108 Drivers/STM32F4xx_HAL_Driver/stm32f4xx_hal_uart.o
 .debug_aranges
                0x00000dd0       0x28 Drivers/CMSIS/system_stm32f4xx.o
 .debug_aranges
                0x00000df8       0x88 Application/User/ili9341.o
 .debug_aranges
                0x00000e80       0xc0 Application/User/main.o
 .debug_aranges
                0x00000f40       0x40 Application/User/stm32f4xx_hal_msp.o
 .debug_aranges
                0x00000f80       0x38 Application/User/stm32f4xx_hal_timebase_TIM.o
 .debug_aranges
                0x00000fb8       0x38 Application/User/stm32f4xx_it.o
 .debug_aranges
                0x00000ff0       0x28 Application/SW4STM32/startup_stm32f401xe.o

.debug_ranges   0x00000000     0x13b0
 .debug_ranges  0x00000000      0x190 Middlewares/FreeRTOS/cmsis_os.o
 .debug_ranges  0x00000190       0x38 Middlewares/FreeRTOS/heap_4.o
 .debug_ranges  0x000001c8       0x30 Middlewares/FreeRTOS/list.o
 .debug_ranges  0x000001f8       0x70 Middlewares/FreeRTOS/port.o
 .debug_ranges  0x00000268       0xe8 Middlewares/FreeRTOS/queue.o
 .debug_ranges  0x00000350      0x218 Middlewares/FreeRTOS/tasks.o
 .debug_ranges  0x00000568       0x90 Middlewares/FreeRTOS/timers.o
 .debug_ranges  0x000005f8       0xa8 Drivers/STM32F4xx_HAL_Driver/stm32f4xx_hal.o
 .debug_ranges  0x000006a0      0x148 Drivers/STM32F4xx_HAL_Driver/stm32f4xx_hal_cortex.o
 .debug_ranges  0x000007e8       0x58 Drivers/STM32F4xx_HAL_Driver/stm32f4xx_hal_dma.o
 .debug_ranges  0x00000840       0x70 Drivers/STM32F4xx_HAL_Driver/stm32f4xx_hal_gpio.o
 .debug_ranges  0x000008b0      0x150 Drivers/STM32F4xx_HAL_Driver/stm32f4xx_hal_rcc.o
 .debug_ranges  0x00000a00      0x190 Drivers/STM32F4xx_HAL_Driver/stm32f4xx_hal_spi.o
 .debug_ranges  0x00000b90      0x330 Drivers/STM32F4xx_HAL_Driver/stm32f4xx_hal_tim.o
 .debug_ranges  0x00000ec0       0xe0 Drivers/STM32F4xx_HAL_Driver/stm32f4xx_hal_tim_ex.o
 .debug_ranges  0x00000fa0       0xf8 Drivers/STM32F4xx_HAL_Driver/stm32f4xx_hal_uart.o
 .debug_ranges  0x00001098       0x18 Drivers/CMSIS/system_stm32f4xx.o
 .debug_ranges  0x000010b0       0x78 Application/User/ili9341.o
 .debug_ranges  0x00001128      0x188 Application/User/main.o
 .debug_ranges  0x000012b0       0x70 Application/User/stm32f4xx_hal_msp.o
 .debug_ranges  0x00001320       0x48 Application/User/stm32f4xx_hal_timebase_TIM.o
 .debug_ranges  0x00001368       0x28 Application/User/stm32f4xx_it.o
 .debug_ranges  0x00001390       0x20 Application/SW4STM32/startup_stm32f401xe.o

.debug_macro    0x00000000    0x120c9
 .debug_macro   0x00000000      0x1d6 Middlewares/FreeRTOS/cmsis_os.o
 .debug_macro   0x000001d6      0x89e Middlewares/FreeRTOS/cmsis_os.o
 .debug_macro   0x00000a74       0x58 Middlewares/FreeRTOS/cmsis_os.o
 .debug_macro   0x00000acc       0x22 Middlewares/FreeRTOS/cmsis_os.o
 .debug_macro   0x00000aee       0x35 Middlewares/FreeRTOS/cmsis_os.o
 .debug_macro   0x00000b23       0x9c Middlewares/FreeRTOS/cmsis_os.o
 .debug_macro   0x00000bbf      0x174 Middlewares/FreeRTOS/cmsis_os.o
 .debug_macro   0x00000d33       0x4a Middlewares/FreeRTOS/cmsis_os.o
 .debug_macro   0x00000d7d       0x52 Middlewares/FreeRTOS/cmsis_os.o
 .debug_macro   0x00000dcf       0x16 Middlewares/FreeRTOS/cmsis_os.o
 .debug_macro   0x00000de5       0x43 Middlewares/FreeRTOS/cmsis_os.o
 .debug_macro   0x00000e28      0x187 Middlewares/FreeRTOS/cmsis_os.o
 .debug_macro   0x00000faf      0x329 Middlewares/FreeRTOS/cmsis_os.o
 .debug_macro   0x000012d8       0x10 Middlewares/FreeRTOS/cmsis_os.o
 .debug_macro   0x000012e8       0x35 Middlewares/FreeRTOS/cmsis_os.o
 .debug_macro   0x0000131d       0x16 Middlewares/FreeRTOS/cmsis_os.o
 .debug_macro   0x00001333       0xfd Middlewares/FreeRTOS/cmsis_os.o
 .debug_macro   0x00001430       0x22 Middlewares/FreeRTOS/cmsis_os.o
 .debug_macro   0x00001452      0x1df Middlewares/FreeRTOS/cmsis_os.o
 .debug_macro   0x00001631       0x26 Middlewares/FreeRTOS/cmsis_os.o
 .debug_macro   0x00001657       0x94 Middlewares/FreeRTOS/cmsis_os.o
 .debug_macro   0x000016eb       0xee Middlewares/FreeRTOS/cmsis_os.o
 .debug_macro   0x000017d9       0x5e Middlewares/FreeRTOS/cmsis_os.o
 .debug_macro   0x00001837       0xe4 Middlewares/FreeRTOS/cmsis_os.o
 .debug_macro   0x0000191b       0x10 Middlewares/FreeRTOS/cmsis_os.o
 .debug_macro   0x0000192b       0x1f Middlewares/FreeRTOS/cmsis_os.o
 .debug_macro   0x0000194a      0x3a7 Middlewares/FreeRTOS/cmsis_os.o
 .debug_macro   0x00001cf1       0xc0 Middlewares/FreeRTOS/cmsis_os.o
 .debug_macro   0x00001db1       0x8c Middlewares/FreeRTOS/cmsis_os.o
 .debug_macro   0x00001e3d       0x91 Middlewares/FreeRTOS/cmsis_os.o
 .debug_macro   0x00001ece       0xb0 Middlewares/FreeRTOS/cmsis_os.o
 .debug_macro   0x00001f7e       0x7f Middlewares/FreeRTOS/cmsis_os.o
 .debug_macro   0x00001ffd       0xcf Middlewares/FreeRTOS/cmsis_os.o
 .debug_macro   0x000020cc      0x19c Middlewares/FreeRTOS/heap_4.o
 .debug_macro   0x00002268      0x175 Middlewares/FreeRTOS/list.o
 .debug_macro   0x000023dd      0x196 Middlewares/FreeRTOS/port.o
 .debug_macro   0x00002573      0x1e7 Middlewares/FreeRTOS/queue.o
 .debug_macro   0x0000275a       0x16 Middlewares/FreeRTOS/queue.o
 .debug_macro   0x00002770      0x223 Middlewares/FreeRTOS/tasks.o
 .debug_macro   0x00002993       0x16 Middlewares/FreeRTOS/tasks.o
 .debug_macro   0x000029a9      0x1b2 Middlewares/FreeRTOS/timers.o
 .debug_macro   0x00002b5b      0x336 Drivers/STM32F4xx_HAL_Driver/stm32f4xx_hal.o
 .debug_macro   0x00002e91      0x1b6 Drivers/STM32F4xx_HAL_Driver/stm32f4xx_hal.o
 .debug_macro   0x00003047       0x2e Drivers/STM32F4xx_HAL_Driver/stm32f4xx_hal.o
 .debug_macro   0x00003075       0x28 Drivers/STM32F4xx_HAL_Driver/stm32f4xx_hal.o
 .debug_macro   0x0000309d       0x35 Drivers/STM32F4xx_HAL_Driver/stm32f4xx_hal.o
 .debug_macro   0x000030d2       0x50 Drivers/STM32F4xx_HAL_Driver/stm32f4xx_hal.o
 .debug_macro   0x00003122      0xe66 Drivers/STM32F4xx_HAL_Driver/stm32f4xx_hal.o
 .debug_macro   0x00003f88     0x503e Drivers/STM32F4xx_HAL_Driver/stm32f4xx_hal.o
 .debug_macro   0x00008fc6       0x43 Drivers/STM32F4xx_HAL_Driver/stm32f4xx_hal.o
 .debug_macro   0x00009009     0x33a6 Drivers/STM32F4xx_HAL_Driver/stm32f4xx_hal.o
 .debug_macro   0x0000c3af       0x16 Drivers/STM32F4xx_HAL_Driver/stm32f4xx_hal.o
 .debug_macro   0x0000c3c5       0x97 Drivers/STM32F4xx_HAL_Driver/stm32f4xx_hal.o
 .debug_macro   0x0000c45c       0xfd Drivers/STM32F4xx_HAL_Driver/stm32f4xx_hal.o
 .debug_macro   0x0000c559       0x10 Drivers/STM32F4xx_HAL_Driver/stm32f4xx_hal.o
 .debug_macro   0x0000c569       0x10 Drivers/STM32F4xx_HAL_Driver/stm32f4xx_hal.o
 .debug_macro   0x0000c579       0x22 Drivers/STM32F4xx_HAL_Driver/stm32f4xx_hal.o
 .debug_macro   0x0000c59b       0x3a Drivers/STM32F4xx_HAL_Driver/stm32f4xx_hal.o
 .debug_macro   0x0000c5d5       0x10 Drivers/STM32F4xx_HAL_Driver/stm32f4xx_hal.o
 .debug_macro   0x0000c5e5       0x40 Drivers/STM32F4xx_HAL_Driver/stm32f4xx_hal.o
 .debug_macro   0x0000c625       0x65 Drivers/STM32F4xx_HAL_Driver/stm32f4xx_hal.o
 .debug_macro   0x0000c68a       0x16 Drivers/STM32F4xx_HAL_Driver/stm32f4xx_hal.o
 .debug_macro   0x0000c6a0      0x197 Drivers/STM32F4xx_HAL_Driver/stm32f4xx_hal.o
 .debug_macro   0x0000c837       0x50 Drivers/STM32F4xx_HAL_Driver/stm32f4xx_hal.o
 .debug_macro   0x0000c887      0x408 Drivers/STM32F4xx_HAL_Driver/stm32f4xx_hal.o
 .debug_macro   0x0000cc8f      0x9da Drivers/STM32F4xx_HAL_Driver/stm32f4xx_hal.o
 .debug_macro   0x0000d669      0x11e Drivers/STM32F4xx_HAL_Driver/stm32f4xx_hal.o
 .debug_macro   0x0000d787       0xf8 Drivers/STM32F4xx_HAL_Driver/stm32f4xx_hal.o
 .debug_macro   0x0000d87f       0x27 Drivers/STM32F4xx_HAL_Driver/stm32f4xx_hal.o
 .debug_macro   0x0000d8a6      0x272 Drivers/STM32F4xx_HAL_Driver/stm32f4xx_hal.o
 .debug_macro   0x0000db18       0x5f Drivers/STM32F4xx_HAL_Driver/stm32f4xx_hal.o
 .debug_macro   0x0000db77      0x23a Drivers/STM32F4xx_HAL_Driver/stm32f4xx_hal.o
 .debug_macro   0x0000ddb1      0x13a Drivers/STM32F4xx_HAL_Driver/stm32f4xx_hal.o
 .debug_macro   0x0000deeb      0x264 Drivers/STM32F4xx_HAL_Driver/stm32f4xx_hal.o
 .debug_macro   0x0000e14f       0x2e Drivers/STM32F4xx_HAL_Driver/stm32f4xx_hal.o
 .debug_macro   0x0000e17d      0x11e Drivers/STM32F4xx_HAL_Driver/stm32f4xx_hal.o
 .debug_macro   0x0000e29b       0x85 Drivers/STM32F4xx_HAL_Driver/stm32f4xx_hal.o
 .debug_macro   0x0000e320       0x89 Drivers/STM32F4xx_HAL_Driver/stm32f4xx_hal.o
 .debug_macro   0x0000e3a9      0x202 Drivers/STM32F4xx_HAL_Driver/stm32f4xx_hal.o
 .debug_macro   0x0000e5ab      0x6d9 Drivers/STM32F4xx_HAL_Driver/stm32f4xx_hal.o
 .debug_macro   0x0000ec84       0x5b Drivers/STM32F4xx_HAL_Driver/stm32f4xx_hal.o
 .debug_macro   0x0000ecdf      0x14d Drivers/STM32F4xx_HAL_Driver/stm32f4xx_hal.o
 .debug_macro   0x0000ee2c      0x287 Drivers/STM32F4xx_HAL_Driver/stm32f4xx_hal.o
 .debug_macro   0x0000f0b3      0x11e Drivers/STM32F4xx_HAL_Driver/stm32f4xx_hal.o
 .debug_macro   0x0000f1d1      0x2e8 Drivers/STM32F4xx_HAL_Driver/stm32f4xx_hal_cortex.o
 .debug_macro   0x0000f4b9      0x2ef Drivers/STM32F4xx_HAL_Driver/stm32f4xx_hal_dma.o
 .debug_macro   0x0000f7a8      0x320 Drivers/STM32F4xx_HAL_Driver/stm32f4xx_hal_gpio.o
 .debug_macro   0x0000fac8      0x312 Drivers/STM32F4xx_HAL_Driver/stm32f4xx_hal_rcc.o
 .debug_macro   0x0000fdda      0x2f0 Drivers/STM32F4xx_HAL_Driver/stm32f4xx_hal_spi.o
 .debug_macro   0x000100ca      0x2e9 Drivers/STM32F4xx_HAL_Driver/stm32f4xx_hal_tim.o
 .debug_macro   0x000103b3      0x2e8 Drivers/STM32F4xx_HAL_Driver/stm32f4xx_hal_tim_ex.o
 .debug_macro   0x0001069b      0x2e9 Drivers/STM32F4xx_HAL_Driver/stm32f4xx_hal_uart.o
 .debug_macro   0x00010984      0x2ee Drivers/CMSIS/system_stm32f4xx.o
 .debug_macro   0x00010c72      0x2fb Application/User/ili9341.o
 .debug_macro   0x00010f6d      0x2c8 Application/User/ili9341.o
 .debug_macro   0x00011235       0x3b Application/User/ili9341.o
 .debug_macro   0x00011270      0x3d8 Application/User/main.o
 .debug_macro   0x00011648       0xee Application/User/main.o
 .debug_macro   0x00011736      0x2e8 Application/User/stm32f4xx_hal_msp.o
 .debug_macro   0x00011a1e      0x2e8 Application/User/stm32f4xx_hal_timebase_TIM.o
 .debug_macro   0x00011d06      0x3c3 Application/User/stm32f4xx_it.o

.debug_line     0x00000000     0xf92a
 .debug_line    0x00000000      0xc4b Middlewares/FreeRTOS/cmsis_os.o
 .debug_line    0x00000c4b      0x6f2 Middlewares/FreeRTOS/heap_4.o
 .debug_line    0x0000133d      0x639 Middlewares/FreeRTOS/list.o
 .debug_line    0x00001976      0x643 Middlewares/FreeRTOS/port.o
 .debug_line    0x00001fb9      0xb75 Middlewares/FreeRTOS/queue.o
 .debug_line    0x00002b2e      0xed2 Middlewares/FreeRTOS/tasks.o
 .debug_line    0x00003a00      0x7ce Middlewares/FreeRTOS/timers.o
 .debug_line    0x000041ce      0xa22 Drivers/STM32F4xx_HAL_Driver/stm32f4xx_hal.o
 .debug_line    0x00004bf0      0xa97 Drivers/STM32F4xx_HAL_Driver/stm32f4xx_hal_cortex.o
 .debug_line    0x00005687      0xafe Drivers/STM32F4xx_HAL_Driver/stm32f4xx_hal_dma.o
 .debug_line    0x00006185      0xa4c Drivers/STM32F4xx_HAL_Driver/stm32f4xx_hal_gpio.o
 .debug_line    0x00006bd1      0xba7 Drivers/STM32F4xx_HAL_Driver/stm32f4xx_hal_rcc.o
 .debug_line    0x00007778     0x1104 Drivers/STM32F4xx_HAL_Driver/stm32f4xx_hal_spi.o
 .debug_line    0x0000887c     0x164c Drivers/STM32F4xx_HAL_Driver/stm32f4xx_hal_tim.o
 .debug_line    0x00009ec8      0xc8f Drivers/STM32F4xx_HAL_Driver/stm32f4xx_hal_tim_ex.o
 .debug_line    0x0000ab57      0xf54 Drivers/STM32F4xx_HAL_Driver/stm32f4xx_hal_uart.o
 .debug_line    0x0000baab      0x8f3 Drivers/CMSIS/system_stm32f4xx.o
 .debug_line    0x0000c39e      0x9c4 Application/User/ili9341.o
 .debug_line    0x0000cd62      0xda7 Application/User/main.o
 .debug_line    0x0000db09      0x93d Application/User/stm32f4xx_hal_msp.o
 .debug_line    0x0000e446      0x8e8 Application/User/stm32f4xx_hal_timebase_TIM.o
 .debug_line    0x0000ed2e      0xb0e Application/User/stm32f4xx_it.o
 .debug_line    0x0000f83c       0xee Application/SW4STM32/startup_stm32f401xe.o

.debug_str      0x00000000    0x6a7e2
 .debug_str     0x00000000     0xb66a Middlewares/FreeRTOS/cmsis_os.o
                               0xb96a (size before relaxing)
 .debug_str     0x0000b66a      0x3ca Middlewares/FreeRTOS/heap_4.o
                               0x9156 (size before relaxing)
 .debug_str     0x0000ba34      0x17d Middlewares/FreeRTOS/list.o
                               0x8a2a (size before relaxing)
 .debug_str     0x0000bbb1      0x828 Middlewares/FreeRTOS/port.o
                               0x6fc3 (size before relaxing)
 .debug_str     0x0000c3d9      0x761 Middlewares/FreeRTOS/queue.o
                               0xa321 (size before relaxing)
 .debug_str     0x0000cb3a      0xeb6 Middlewares/FreeRTOS/tasks.o
                               0xaaa2 (size before relaxing)
 .debug_str     0x0000d9f0      0x3c9 Middlewares/FreeRTOS/timers.o
                               0xa737 (size before relaxing)
 .debug_str     0x0000ddb9    0x58f91 Drivers/STM32F4xx_HAL_Driver/stm32f4xx_hal.o
                              0x5ef8e (size before relaxing)
 .debug_str     0x00066d4a      0x3a8 Drivers/STM32F4xx_HAL_Driver/stm32f4xx_hal_cortex.o
                              0x5edf5 (size before relaxing)
 .debug_str     0x000670f2      0x488 Drivers/STM32F4xx_HAL_Driver/stm32f4xx_hal_dma.o
                              0x5e9fe (size before relaxing)
 .debug_str     0x0006757a      0x322 Drivers/STM32F4xx_HAL_Driver/stm32f4xx_hal_gpio.o
                              0x5e981 (size before relaxing)
 .debug_str     0x0006789c      0x3bf Drivers/STM32F4xx_HAL_Driver/stm32f4xx_hal_rcc.o
                              0x5eb10 (size before relaxing)
 .debug_str     0x00067c5b      0x5e6 Drivers/STM32F4xx_HAL_Driver/stm32f4xx_hal_spi.o
                              0x5ee40 (size before relaxing)
 .debug_str     0x00068241      0xc3a Drivers/STM32F4xx_HAL_Driver/stm32f4xx_hal_tim.o
                              0x5f4f0 (size before relaxing)
 .debug_str     0x00068e7b      0x459 Drivers/STM32F4xx_HAL_Driver/stm32f4xx_hal_tim_ex.o
                              0x5ef3f (size before relaxing)
 .debug_str     0x000692d4      0x479 Drivers/STM32F4xx_HAL_Driver/stm32f4xx_hal_uart.o
                              0x5ed6f (size before relaxing)
 .debug_str     0x0006974d       0xc9 Drivers/CMSIS/system_stm32f4xx.o
                              0x5e72a (size before relaxing)
 .debug_str     0x00069816      0x9b7 Application/User/ili9341.o
                              0x5ef0f (size before relaxing)
 .debug_str     0x0006a1cd      0x3e7 Application/User/main.o
                              0x64f34 (size before relaxing)
 .debug_str     0x0006a5b4       0xad Application/User/stm32f4xx_hal_msp.o
                              0x5f0e9 (size before relaxing)
 .debug_str     0x0006a661       0xc0 Application/User/stm32f4xx_hal_timebase_TIM.o
                              0x5efeb (size before relaxing)
 .debug_str     0x0006a721       0xc1 Application/User/stm32f4xx_it.o
                              0x6396f (size before relaxing)

.comment        0x00000000       0x6e
 .comment       0x00000000       0x6e Middlewares/FreeRTOS/cmsis_os.o
                                 0x6f (size before relaxing)
 .comment       0x0000006e       0x6f Middlewares/FreeRTOS/heap_4.o
 .comment       0x0000006e       0x6f Middlewares/FreeRTOS/list.o
 .comment       0x0000006e       0x6f Middlewares/FreeRTOS/port.o
 .comment       0x0000006e       0x6f Middlewares/FreeRTOS/queue.o
 .comment       0x0000006e       0x6f Middlewares/FreeRTOS/tasks.o
 .comment       0x0000006e       0x6f Middlewares/FreeRTOS/timers.o
 .comment       0x0000006e       0x6f Drivers/STM32F4xx_HAL_Driver/stm32f4xx_hal.o
 .comment       0x0000006e       0x6f Drivers/STM32F4xx_HAL_Driver/stm32f4xx_hal_cortex.o
 .comment       0x0000006e       0x6f Drivers/STM32F4xx_HAL_Driver/stm32f4xx_hal_dma.o
 .comment       0x0000006e       0x6f Drivers/STM32F4xx_HAL_Driver/stm32f4xx_hal_gpio.o
 .comment       0x0000006e       0x6f Drivers/STM32F4xx_HAL_Driver/stm32f4xx_hal_rcc.o
 .comment       0x0000006e       0x6f Drivers/STM32F4xx_HAL_Driver/stm32f4xx_hal_spi.o
 .comment       0x0000006e       0x6f Drivers/STM32F4xx_HAL_Driver/stm32f4xx_hal_tim.o
 .comment       0x0000006e       0x6f Drivers/STM32F4xx_HAL_Driver/stm32f4xx_hal_tim_ex.o
 .comment       0x0000006e       0x6f Drivers/STM32F4xx_HAL_Driver/stm32f4xx_hal_uart.o
 .comment       0x0000006e       0x6f Drivers/CMSIS/system_stm32f4xx.o
 .comment       0x0000006e       0x6f Application/User/ili9341.o
 .comment       0x0000006e       0x6f Application/User/main.o
 .comment       0x0000006e       0x6f Application/User/stm32f4xx_hal_msp.o
 .comment       0x0000006e       0x6f Application/User/stm32f4xx_hal_timebase_TIM.o
 .comment       0x0000006e       0x6f Application/User/stm32f4xx_it.o

.debug_frame    0x00000000     0x36e8
 .debug_frame   0x00000000      0x4a8 Middlewares/FreeRTOS/cmsis_os.o
 .debug_frame   0x000004a8       0xa4 Middlewares/FreeRTOS/heap_4.o
 .debug_frame   0x0000054c       0x6c Middlewares/FreeRTOS/list.o
 .debug_frame   0x000005b8       0xf0 Middlewares/FreeRTOS/port.o
 .debug_frame   0x000006a8      0x2f4 Middlewares/FreeRTOS/queue.o
 .debug_frame   0x0000099c      0x57c Middlewares/FreeRTOS/tasks.o
 .debug_frame   0x00000f18      0x158 Middlewares/FreeRTOS/timers.o